.venv/bin/black .
.venv/bin/ruff check .
F401 [*] `dataclasses.field` imported but unused
  --> assembly_engine.py:17:36
   |
15 | import hashlib
16 | import logging
17 | from dataclasses import dataclass, field
   |                                    ^^^^^
18 |
19 | from jinja2 import Environment, StrictUndefined
   |
help: Remove unused import: `dataclasses.field`

B905 `zip()` without an explicit `strict=` parameter
  --> assembly_engine.py:90:41
   |
88 |     # Compute hashes
89 |     plan_hash = hashlib.sha256(
90 |         "|".join(f"{n}:{h}" for n, h in zip(comp_names, comp_hashes)).encode()
   |                                         ^^^^^^^^^^^^^^^^^^^^^^^^^^^^
91 |     ).hexdigest()[:16]
   |
help: Add explicit value for parameter `strict=`

F401 [*] `defaults.DEFAULTS` imported but unused
 --> code_snippets/alias_mutation_shadow/api.py:2:22
  |
1 | from config import create_config
2 | from defaults import DEFAULTS
  |                      ^^^^^^^^
  |
help: Remove unused import: `defaults.DEFAULTS`

I001 [*] Import block is un-sorted or un-formatted
 --> code_snippets/async_race/scheduler.py:1:1
  |
1 | / from worker import process_item, process_batch_serial, quick_increment
2 | | from state import get_counter, reset
  | |____________________________________^
  |
help: Organize imports

F401 [*] `worker.process_item` imported but unused
 --> code_snippets/async_race/scheduler.py:1:20
  |
1 | from worker import process_item, process_batch_serial, quick_increment
  |                    ^^^^^^^^^^^^
2 | from state import get_counter, reset
  |
help: Remove unused import: `worker.process_item`

I001 [*] Import block is un-sorted or un-formatted
 --> code_snippets/async_race/worker.py:1:1
  |
1 | from state import increment, try_lock, unlock, get_counter
  | ^^^^^^^^^^^^^^^^^^^^^^^^^^^^^^^^^^^^^^^^^^^^^^^^^^^^^^^^^^
  |
help: Organize imports

I001 [*] Import block is un-sorted or un-formatted
 --> code_snippets/cache_invalidation_order/api.py:1:1
  |
1 | from service import update_record, read_record, safe_update
  | ^^^^^^^^^^^^^^^^^^^^^^^^^^^^^^^^^^^^^^^^^^^^^^^^^^^^^^^^^^^
  |
help: Organize imports

I001 [*] Import block is un-sorted or un-formatted
 --> code_snippets/cache_invalidation_order/service.py:1:1
  |
1 | / from db import db_write, db_read
2 | | from cache import cache_set, cache_get, cache_invalidate, cache_get_version, cache_conditional_set
  | |__________________________________________________________________________________________________^
  |
help: Organize imports

I001 [*] Import block is un-sorted or un-formatted
 --> code_snippets/conservation_medium/refund.py:1:1
  |
1 | from accounts import debit, credit
  | ^^^^^^^^^^^^^^^^^^^^^^^^^^^^^^^^^^
  |
help: Organize imports

I001 [*] Import block is un-sorted or un-formatted
 --> code_snippets/conservation_partial_refund/refund.py:1:1
  |
1 | from accounts import debit, credit
  | ^^^^^^^^^^^^^^^^^^^^^^^^^^^^^^^^^^
  |
help: Organize imports

I001 [*] Import block is un-sorted or un-formatted
 --> code_snippets/easy_aliasing/api.py:1:1
  |
1 | from container import get_items, add_item, reset
  | ^^^^^^^^^^^^^^^^^^^^^^^^^^^^^^^^^^^^^^^^^^^^^^^^
  |
help: Organize imports

I001 [*] Import block is un-sorted or un-formatted
 --> code_snippets/easy_conservation/api.py:1:1
  |
1 | from accounts import transfer, get_total
  | ^^^^^^^^^^^^^^^^^^^^^^^^^^^^^^^^^^^^^^^^
  |
help: Organize imports

I001 [*] Import block is un-sorted or un-formatted
 --> code_snippets/easy_temporal/api.py:1:1
  |
1 | from service import update_value, get_log, clear
  | ^^^^^^^^^^^^^^^^^^^^^^^^^^^^^^^^^^^^^^^^^^^^^^^^
  |
help: Organize imports

I001 [*] Import block is un-sorted or un-formatted
 --> code_snippets/external_timing_dep/evaluator_mod.py:5:5
  |
4 |   def is_stale(symbol, max_age=3):
5 | /     import time
6 | |     from fetcher import _fetch_ts
  | |_________________________________^
7 |
8 |       ts = _fetch_ts.get(symbol)
  |
help: Organize imports

I001 [*] Import block is un-sorted or un-formatted
 --> code_snippets/feature_flag_drift/api.py:1:1
  |
1 | / from billing import create_invoice, get_invoices
2 | | from flags import enable, disable
  | |_________________________________^
  |
help: Organize imports

I001 [*] Import block is un-sorted or un-formatted
 --> code_snippets/feature_flag_drift/billing.py:1:1
  |
1 | / from pricing import compute_price, get_pricing_version
2 | | from flags import is_enabled
  | |____________________________^
3 |
4 |   _invoices = []
  |
help: Organize imports

I001 [*] Import block is un-sorted or un-formatted
 --> code_snippets/hidden_dependency_hard/user_service.py:1:1
  |
1 | / from user_repo import persist_user, remove_user, sync_user_to_db, lookup_user
2 | | from cache_writer import (
3 | |     cache_delete,
4 | |     refresh_user_snapshot,
5 | |     sync_user_to_cache,
6 | | )
  | |_^
  |
help: Organize imports

I001 [*] Import block is un-sorted or un-formatted
 --> code_snippets/idempotency_trap/api.py:1:1
  |
1 | / from handler import handle_with_retry, handle_batch, get_audit_trail
2 | | from store import clear
  | |_______________________^
  |
help: Organize imports

I001 [*] Import block is un-sorted or un-formatted
 --> code_snippets/idempotency_trap/processor.py:1:1
  |
1 | from store import upsert, apply_delta, get
  | ^^^^^^^^^^^^^^^^^^^^^^^^^^^^^^^^^^^^^^^^^^
  |
help: Organize imports

I001 [*] Import block is un-sorted or un-formatted
 --> code_snippets/invariant_violation_hard/transfer_service.py:1:1
  |
1 | / import random
2 | | from models import Account
3 | | from ledger import record_debit, record_credit, record_transfer_attempt
4 | | from audit import emit_transfer_event, emit_failure_alert
  | |_________________________________________________________^
  |
help: Organize imports

F401 [*] `models.Account` imported but unused
 --> code_snippets/invariant_violation_hard/transfer_service.py:2:20
  |
1 | import random
2 | from models import Account
  |                    ^^^^^^^
3 | from ledger import record_debit, record_credit, record_transfer_attempt
4 | from audit import emit_transfer_event, emit_failure_alert
  |
help: Remove unused import: `models.Account`

I001 [*] Import block is un-sorted or un-formatted
 --> code_snippets/l3_refactor_hard/api.py:1:1
  |
1 | / from pipeline import process_batch, process_incremental
2 | | from selectors import get_committed_total, get_display_items, summary_for_display, compute_drift
  | |________________________________________________________________________________________________^
  |
help: Organize imports

I001 [*] Import block is un-sorted or un-formatted
  --> code_snippets/l3_refactor_hard/api.py:20:5
   |
19 |   def preview(entries):
20 | /     from state import make_state
21 | |     from reducers import normalize, collapse, stage, project
   | |____________________________________________________________^
22 |
23 |       st = make_state(entries)
   |
help: Organize imports

F401 [*] `reducers.project` imported but unused
  --> code_snippets/l3_refactor_hard/api.py:21:54
   |
19 | def preview(entries):
20 |     from state import make_state
21 |     from reducers import normalize, collapse, stage, project
   |                                                      ^^^^^^^
22 |
23 |     st = make_state(entries)
   |
help: Remove unused import: `reducers.project`

I001 [*] Import block is un-sorted or un-formatted
 --> code_snippets/l3_refactor_hard/pipeline.py:1:1
  |
1 | / from state import make_state, copy_state
2 | | from reducers import normalize, collapse, stage, commit, freeze_view, materialize, project
  | |__________________________________________________________________________________________^
  |
help: Organize imports

I001 [*] Import block is un-sorted or un-formatted
 --> code_snippets/lazy_init_hazard/app.py:1:1
  |
1 | / from bootstrap import init_app
2 | | from client import make_request, make_debug_request
  | |___________________________________________________^
  |
help: Organize imports

I001 [*] Import block is un-sorted or un-formatted
 --> code_snippets/lazy_init_hazard/bootstrap.py:1:1
  |
1 | from config import override_settings, reset, get_settings
  | ^^^^^^^^^^^^^^^^^^^^^^^^^^^^^^^^^^^^^^^^^^^^^^^^^^^^^^^^^
  |
help: Organize imports

I001 [*] Import block is un-sorted or un-formatted
 --> code_snippets/lock_then_publish_order/service.py:1:1
  |
1 | from state import set_state, publish_event, acquire_lock, release_lock
  | ^^^^^^^^^^^^^^^^^^^^^^^^^^^^^^^^^^^^^^^^^^^^^^^^^^^^^^^^^^^^^^^^^^^^^^
  |
help: Organize imports

I001 [*] Import block is un-sorted or un-formatted
 --> code_snippets/log_side_effect_order/api.py:1:1
  |
1 | / from processor import process_batch
2 | | from reporter import build_report, verify_consistency
3 | | from metrics import reset
  | |_________________________^
  |
help: Organize imports

I001 [*] Import block is un-sorted or un-formatted
 --> code_snippets/log_side_effect_order/reporter.py:1:1
  |
1 | from metrics import get_snapshots, get_count
  | ^^^^^^^^^^^^^^^^^^^^^^^^^^^^^^^^^^^^^^^^^^^^
  |
help: Organize imports

I001 [*] Import block is un-sorted or un-formatted
 --> code_snippets/partial_rollback_multi/api.py:1:1
  |
1 | from order_service import place_order, cancel_order
  | ^^^^^^^^^^^^^^^^^^^^^^^^^^^^^^^^^^^^^^^^^^^^^^^^^^^
  |
help: Organize imports

F401 [*] `notifications.send_failure_notice` imported but unused
 --> code_snippets/partial_rollback_multi/order_service.py:2:46
  |
1 | from models import Inventory, Wallet
2 | from notifications import send_confirmation, send_failure_notice
  |                                              ^^^^^^^^^^^^^^^^^^^
3 |
4 | inventory = Inventory()
  |
help: Remove unused import: `notifications.send_failure_notice`

I001 [*] Import block is un-sorted or un-formatted
 --> code_snippets/publish_order_medium/service.py:1:1
  |
1 | from state import set_state, publish_event
  | ^^^^^^^^^^^^^^^^^^^^^^^^^^^^^^^^^^^^^^^^^^
  |
help: Organize imports

I001 [*] Import block is un-sorted or un-formatted
 --> code_snippets/retry_ack_duplication/processor.py:1:1
  |
1 | / import random
2 | | from store import persist_result, mark_completed, is_completed
3 | | from notifier import send_confirmation
  | |______________________________________^
  |
help: Organize imports

F401 [*] `store.is_completed` imported but unused
 --> code_snippets/retry_ack_duplication/processor.py:2:51
  |
1 | import random
2 | from store import persist_result, mark_completed, is_completed
  |                                                   ^^^^^^^^^^^^
3 | from notifier import send_confirmation
  |
help: Remove unused import: `store.is_completed`

B007 Loop control variable `attempt` not used within loop body
  --> code_snippets/retry_ack_duplication/processor.py:20:9
   |
19 | def process_job(job_id, max_retries=3):
20 |     for attempt in range(max_retries):
   |         ^^^^^^^
21 |         try:
22 |             result = compute(job_id)
   |
help: Rename unused `attempt` to `_attempt`

I001 [*] Import block is un-sorted or un-formatted
 --> code_snippets/retry_ack_medium/processor.py:1:1
  |
1 | from store import send, mark_done, is_done
  | ^^^^^^^^^^^^^^^^^^^^^^^^^^^^^^^^^^^^^^^^^^
  |
help: Organize imports

F401 [*] `store.is_done` imported but unused
 --> code_snippets/retry_ack_medium/processor.py:1:36
  |
1 | from store import send, mark_done, is_done
  |                                    ^^^^^^^
  |
help: Remove unused import: `store.is_done`

I001 [*] Import block is un-sorted or un-formatted
 --> code_snippets/retry_causality/pipeline.py:1:1
  |
1 | / from writer import write_record, write_with_retry, safe_write
2 | | from store import get_seq, clear, get
  | |_____________________________________^
  |
help: Organize imports

F401 [*] `writer.write_record` imported but unused
 --> code_snippets/retry_causality/pipeline.py:1:20
  |
1 | from writer import write_record, write_with_retry, safe_write
  |                    ^^^^^^^^^^^^
2 | from store import get_seq, clear, get
  |
help: Remove unused import: `writer.write_record`

F401 [*] `store.get` imported but unused
 --> code_snippets/retry_causality/pipeline.py:2:35
  |
1 | from writer import write_record, write_with_retry, safe_write
2 | from store import get_seq, clear, get
  |                                   ^^^
  |
help: Remove unused import: `store.get`

I001 [*] Import block is un-sorted or un-formatted
 --> code_snippets/retry_causality/writer.py:1:1
  |
1 | / import random
2 | | from store import insert, exists
  | |________________________________^
  |
help: Organize imports

F821 Undefined name `get`
  --> code_snippets/retry_causality/writer.py:13:16
   |
11 | def safe_write(key, value):
12 |     if exists(key):
13 |         return get(key)
   |                ^^^
14 |     return insert(key, value)
   |

B007 Loop control variable `attempt` not used within loop body
  --> code_snippets/retry_causality/writer.py:18:9
   |
17 | def write_with_retry(key, value, max_retries=3):
18 |     for attempt in range(max_retries):
   |         ^^^^^^^
19 |         try:
20 |             return write_record(key, value)
   |
help: Rename unused `attempt` to `_attempt`

I001 [*] Import block is un-sorted or un-formatted
 --> code_snippets/shared_ref_coupling/app.py:1:1
  |
1 | / from plugins import load_plugins
2 | | from dispatcher import dispatch, dispatch_all, list_actions
3 | | from registry import get_all
  | |____________________________^
  |
help: Organize imports

I001 [*] Import block is un-sorted or un-formatted
 --> code_snippets/shared_ref_coupling/dispatcher.py:1:1
  |
1 | from registry import get_handler, get_all
  | ^^^^^^^^^^^^^^^^^^^^^^^^^^^^^^^^^^^^^^^^^
  |
help: Organize imports

I001 [*] Import block is un-sorted or un-formatted
 --> code_snippets/temporal_order_hard/pipeline.py:1:1
  |
1 | / from transforms import normalize, clip_negatives, smooth
2 | | from metrics import compute_raw_stats, compute_quality_score, summarize_for_display
  | |___________________________________________________________________________________^
  |
help: Organize imports

F401 [*] `dataclasses.field` imported but unused
  --> condition_registry.py:17:36
   |
16 | import logging
17 | from dataclasses import dataclass, field
   |                                    ^^^^^
18 |
19 | _log = logging.getLogger("t3.registry")
   |
help: Remove unused import: `dataclasses.field`

B007 Loop control variable `spec` not used within loop body
   --> condition_registry.py:281:15
    |
280 |     safe = []
281 |     for name, spec in CONDITION_SPECS.items():
    |               ^^^^
282 |         all_ok = all(check_compatibility(case, name)[0] for case in cases)
283 |         if all_ok:
    |
help: Rename unused `spec` to `_spec`

I001 [*] Import block is un-sorted or un-formatted
  --> diff_gate.py:7:1
   |
 5 |   """
 6 |
 7 | / import re
 8 | | import logging
   | |______________^
 9 |
10 |   log = logging.getLogger("t3.diff_gate")
   |
help: Organize imports

E501 Line too long (108 > 100)
   --> diff_gate.py:207:101
    |
205 |                 return (
206 |                     False,
207 |                     f"RETRY_SAFETY: '{fn_name}' called inside loop at line {i+1} without idempotency guard",
    |                                                                                                     ^^^^^^^^
208 |                 )
209 |     return True, None
    |

E501 Line too long (107 > 100)
   --> diff_gate.py:420:101
    |
418 |             if not _find_enclosing_try(lines, ln, ln):
419 |                 violations.append(
420 |                     f"ROLLBACK: '{operation}' at line {ln+1} can persist after failure — no error handling"
    |                                                                                                     ^^^^^^^
421 |                 )
422 |                 break
    |

I001 [*] Import block is un-sorted or un-formatted
  --> evaluator.py:17:1
   |
15 |   """
16 |
17 | / import json
18 | | import logging
19 | | import re
20 | |
21 | | # HARD IMPORT — if this fails, the system cannot produce valid results.
22 | | from exec_eval import exec_evaluate
23 | |
24 | | from llm import call_model
25 | | from failure_classifier import FAILURE_TYPE_SET
   | |_______________________________________________^
26 |
27 |   _log = logging.getLogger("t3.evaluator")
   |
help: Organize imports

F401 [*] `json` imported but unused
  --> evaluator.py:17:8
   |
15 | """
16 |
17 | import json
   |        ^^^^
18 | import logging
19 | import re
   |
help: Remove unused import: `json`

E501 Line too long (127 > 100)
  --> evaluator.py:34:101
   |
32 | # ============================================================
33 |
34 | _CLASSIFY_PROMPT = """You are evaluating whether a developer's REASONING correctly identifies the root cause of a software bug.
   |                                                                                                     ^^^^^^^^^^^^^^^^^^^^^^^^^^^
35 |
36 | You are ONLY evaluating reasoning quality. You are NOT judging whether the code is correct.
   |

E501 Line too long (125 > 100)
  --> evaluator.py:41:101
   |
39 | Do NOT assume the code is correct or incorrect based on appearance.
40 | Do NOT infer correctness from likely execution success.
41 | Focus ONLY on whether the reasoning correctly identifies the bug mechanism and proposes a fix consistent with that mechanism.
   |                                                                                                     ^^^^^^^^^^^^^^^^^^^^^^^^^
42 |
43 | # Your Task
   |

E402 Module level import not at top of file
   --> evaluator.py:336:1
    |
334 | # _has and _low are still importable for any code that needs them,
335 | # but they are NOT used for classification decisions.
336 | from eval_cases import _has, _low  # noqa: F401
    | ^^^^^^^^^^^^^^^^^^^^^^^^^^^^^^^^^
337 |
338 | # _REASONING_SIGNALS is retained ONLY for the retry_harness heuristic_signal
    |

B007 Loop control variable `prefix` not used within loop body
   --> evaluator.py:443:9
    |
441 |     valid_ids = set()
442 |     id_definitions = {}
443 |     for prefix, section in [
    |         ^^^^^^
444 |         ("F", "functions"),
445 |         ("V", "variables"),
    |
help: Rename unused `prefix` to `_prefix`

F401 [*] `typing.Any` imported but unused
  --> exec_eval.py:14:20
   |
12 | from pathlib import Path
13 | from types import ModuleType
14 | from typing import Any
   |                    ^^^
15 |
16 | _eval_log = logging.getLogger("t3.exec_eval")
   |
help: Remove unused import: `typing.Any`

E402 Module level import not at top of file
  --> exec_eval.py:19:1
   |
18 |   # Canonical imports from parse.py
19 | / from parse import (
20 | |     extract_code,
21 | |     extract_all_code_blocks,
22 | |     strip_local_imports as _strip_local_imports,
23 | |     STDLIB_MODULES as _STDLIB_MODULES,
24 | | )
   | |_^
25 |
26 |   # ============================================================
   |

I001 [*] Import block is un-sorted or un-formatted
  --> exec_eval.py:19:1
   |
18 |   # Canonical imports from parse.py
19 | / from parse import (
20 | |     extract_code,
21 | |     extract_all_code_blocks,
22 | |     strip_local_imports as _strip_local_imports,
23 | |     STDLIB_MODULES as _STDLIB_MODULES,
24 | | )
   | |_^
25 |
26 |   # ============================================================
   |
help: Organize imports

F401 [*] `parse.extract_code` imported but unused
  --> exec_eval.py:20:5
   |
18 | # Canonical imports from parse.py
19 | from parse import (
20 |     extract_code,
   |     ^^^^^^^^^^^^
21 |     extract_all_code_blocks,
22 |     strip_local_imports as _strip_local_imports,
   |
help: Remove unused import

F401 [*] `parse.extract_all_code_blocks` imported but unused
  --> exec_eval.py:21:5
   |
19 | from parse import (
20 |     extract_code,
21 |     extract_all_code_blocks,
   |     ^^^^^^^^^^^^^^^^^^^^^^^
22 |     strip_local_imports as _strip_local_imports,
23 |     STDLIB_MODULES as _STDLIB_MODULES,
   |
help: Remove unused import

F401 [*] `parse.STDLIB_MODULES` imported but unused
  --> exec_eval.py:23:23
   |
21 |     extract_all_code_blocks,
22 |     strip_local_imports as _strip_local_imports,
23 |     STDLIB_MODULES as _STDLIB_MODULES,
   |                       ^^^^^^^^^^^^^^^
24 | )
   |
help: Remove unused import

F841 Local variable `old_timeout` is assigned to but never used
   --> exec_eval.py:220:9
    |
218 |         # First access (lazy init with defaults)
219 |         s1 = get_settings()
220 |         old_timeout = s1.get("timeout")
    |         ^^^^^^^^^^^
221 |         # Reset + override
222 |         reset()
    |
help: Remove assignment to unused variable `old_timeout`

F841 Local variable `is_stale` is assigned to but never used
   --> exec_eval.py:305:5
    |
303 |     """get_fresh_price must detect stale data."""
304 |     get_fresh = getattr(mod, "get_fresh_price", None)
305 |     is_stale = getattr(mod, "is_stale", None)
    |     ^^^^^^^^
306 |     if get_fresh is None:
307 |         return False, ["get_fresh_price not found"]
    |
help: Remove assignment to unused variable `is_stale`

F841 Local variable `get_total` is assigned to but never used
   --> exec_eval.py:359:5
    |
357 |     """Sum of balances must be conserved after transfer."""
358 |     transfer = getattr(mod, "transfer", None)
359 |     get_total = getattr(mod, "get_total", None)
    |     ^^^^^^^^^
360 |     if not transfer:
361 |         # Try via move_funds
    |
help: Remove assignment to unused variable `get_total`

F841 Local variable `r` is assigned to but never used
   --> exec_eval.py:367:17
    |
365 |                 a = {"balance": 100}
366 |                 b = {"balance": 50}
367 |                 r = move(a, b, 30)
    |                 ^
368 |                 if a["balance"] + b["balance"] != 150:
369 |                     return False, [f"total={a['balance']+b['balance']}, expected 150"]
    |
help: Remove assignment to unused variable `r`

F841 Local variable `result` is assigned to but never used
   --> exec_eval.py:506:9
    |
504 |         m = {"balance": 1000}
505 |         c = {"balance": 200}
506 |         result = process_refund(m, c, 100, partial=True)
    |         ^^^^^^
507 |         merchant_lost = 1000 - m["balance"]
508 |         customer_gained = c["balance"] - 200
    |
help: Remove assignment to unused variable `result`

E501 Line too long (106 > 100)
   --> exec_eval.py:511:101
    |
509 |         if merchant_lost != customer_gained:
510 |             return False, [
511 |                 f"conservation violated: merchant lost {merchant_lost}, customer gained {customer_gained}"
    |                                                                                                     ^^^^^^
512 |             ]
513 |         return True, ["merchant_delta == customer_delta in partial refund"]
    |

F841 Local variable `cfg` is assigned to but never used
   --> exec_eval.py:532:9
    |
530 |         has_inherit = "inherit" in sig.parameters
531 |         original = dict(DEFAULTS)
532 |         cfg = (
    |         ^^^
533 |             create_config({"debug": True}, inherit=True)
534 |             if has_inherit
    |
help: Remove assignment to unused variable `cfg`

F841 Local variable `cfg2` is assigned to but never used
   --> exec_eval.py:539:9
    |
537 |         if DEFAULTS != original:
538 |             return False, [f"DEFAULTS mutated: was {original}, now {dict(DEFAULTS)}"]
539 |         cfg2 = (
    |         ^^^^
540 |             create_config({"timeout": 5}, inherit=True)
541 |             if has_inherit
    |
help: Remove assignment to unused variable `cfg2`

F841 Local variable `assembly_error` is assigned to but never used
   --> exec_eval.py:856:5
    |
854 |     # Step 2: Load module — runtime-based assembly validation
855 |     # Any NameError/ImportError here = assembly failure, NOT logic error
856 |     assembly_error = False
    |     ^^^^^^^^^^^^^^
857 |     try:
858 |         mod = load_module_from_code(assembled_code, case_id)
    |
help: Remove assignment to unused variable `assembly_error`

E402 Module level import not at top of file
  --> execution.py:12:1
   |
11 | _exec_log = logging.getLogger("t3.execution")
12 | from evaluator import *
   | ^^^^^^^^^^^^^^^^^^^^^^^
13 | from llm import call_model, get_model_config
14 | from call_logger import set_call_context
   |

F403 `from evaluator import *` used; unable to detect undefined names
  --> execution.py:12:1
   |
11 | _exec_log = logging.getLogger("t3.execution")
12 | from evaluator import *
   | ^^^^^^^^^^^^^^^^^^^^^^^
13 | from llm import call_model, get_model_config
14 | from call_logger import set_call_context
   |

I001 [*] Import block is un-sorted or un-formatted
  --> execution.py:12:1
   |
11 |   _exec_log = logging.getLogger("t3.execution")
12 | / from evaluator import *
13 | | from llm import call_model, get_model_config
14 | | from call_logger import set_call_context
15 | | from parse import parse_model_response
16 | | from prompts import build_base_prompt
17 | | from nudges.router import (
18 | |     apply_diagnostic,
19 | |     apply_guardrail,
20 | |     apply_guardrail_strict,
21 | |     apply_counterfactual,
22 | |     apply_reason_then_act,
23 | |     apply_self_check,
24 | |     apply_counterfactual_check,
25 | |     apply_test_driven,
26 | |     get_operator_names,
27 | | )
   | |_^
28 |
29 |   BASE_DIR = Path(__file__).parent
   |
help: Organize imports

E402 Module level import not at top of file
  --> execution.py:13:1
   |
11 | _exec_log = logging.getLogger("t3.execution")
12 | from evaluator import *
13 | from llm import call_model, get_model_config
   | ^^^^^^^^^^^^^^^^^^^^^^^^^^^^^^^^^^^^^^^^^^^^
14 | from call_logger import set_call_context
15 | from parse import parse_model_response
   |

E402 Module level import not at top of file
  --> execution.py:14:1
   |
12 | from evaluator import *
13 | from llm import call_model, get_model_config
14 | from call_logger import set_call_context
   | ^^^^^^^^^^^^^^^^^^^^^^^^^^^^^^^^^^^^^^^^
15 | from parse import parse_model_response
16 | from prompts import build_base_prompt
   |

E402 Module level import not at top of file
  --> execution.py:15:1
   |
13 | from llm import call_model, get_model_config
14 | from call_logger import set_call_context
15 | from parse import parse_model_response
   | ^^^^^^^^^^^^^^^^^^^^^^^^^^^^^^^^^^^^^^
16 | from prompts import build_base_prompt
17 | from nudges.router import (
   |

E402 Module level import not at top of file
  --> execution.py:16:1
   |
14 | from call_logger import set_call_context
15 | from parse import parse_model_response
16 | from prompts import build_base_prompt
   | ^^^^^^^^^^^^^^^^^^^^^^^^^^^^^^^^^^^^^
17 | from nudges.router import (
18 |     apply_diagnostic,
   |

E402 Module level import not at top of file
  --> execution.py:17:1
   |
15 |   from parse import parse_model_response
16 |   from prompts import build_base_prompt
17 | / from nudges.router import (
18 | |     apply_diagnostic,
19 | |     apply_guardrail,
20 | |     apply_guardrail_strict,
21 | |     apply_counterfactual,
22 | |     apply_reason_then_act,
23 | |     apply_self_check,
24 | |     apply_counterfactual_check,
25 | |     apply_test_driven,
26 | |     get_operator_names,
27 | | )
   | |_^
28 |
29 |   BASE_DIR = Path(__file__).parent
   |

F401 [*] `live_metrics.EVENTS_PATH` imported but unused
   --> execution.py:199:34
    |
197 |     # Legacy mode: old emit_event path (for non-ablation runs)
198 |     try:
199 |         from live_metrics import EVENTS_PATH
    |                                  ^^^^^^^^^^^
200 |
201 |         events_path = Path(__file__).parent / "logs" / "events.jsonl"
    |
help: Remove unused import: `live_metrics.EVENTS_PATH`

F401 [*] `live_metrics.emit_event` imported but unused
   --> execution.py:203:52
    |
201 |         events_path = Path(__file__).parent / "logs" / "events.jsonl"
202 |         if events_path.exists() or events_path.parent.exists():
203 |             from live_metrics import emit_event as _legacy_emit
    |                                                    ^^^^^^^^^^^^
204 |
205 |             alignment = ev.get("alignment", {})
    |
help: Remove unused import: `live_metrics.emit_event`

E401 [*] Multiple imports on one line
   --> execution.py:221:13
    |
219 |             }
220 |             # In legacy mode, write without strict schema validation
221 |             import json, os
    |             ^^^^^^^^^^^^^^^
222 |             from datetime import datetime
    |
help: Split imports

I001 [*] Import block is un-sorted or un-formatted
   --> execution.py:221:13
    |
219 |               }
220 |               # In legacy mode, write without strict schema validation
221 | /             import json, os
222 | |             from datetime import datetime
    | |_________________________________________^
223 |
224 |               event["timestamp"] = datetime.now().isoformat()
    |
help: Organize imports

F401 [*] `os` imported but unused
   --> execution.py:221:26
    |
219 |             }
220 |             # In legacy mode, write without strict schema validation
221 |             import json, os
    |                          ^^
222 |             from datetime import datetime
    |
help: Remove unused import: `os`

F405 `evaluate_output` may be undefined, or defined from star imports
   --> execution.py:528:10
    |
527 |     # Step 4: Evaluate
528 |     ev = evaluate_output(case, parsed)
    |          ^^^^^^^^^^^^^^^
529 |
530 |     # Step 5: Classify
    |

E501 Line too long (102 > 100)
   --> execution.py:693:101
    |
691 |     repair_prompt = (
692 |         prompt
693 |         + f"\n\nYour previous attempt FAILED with:\n{error_reasons}\n\nFix and return corrected code."
    |                                                                                                     ^^
694 |     )
695 |     raw_2, parsed_2, ev2 = _attempt_and_evaluate(
    |

I001 [*] Import block is un-sorted or un-formatted
   --> execution.py:738:5
    |
736 |   def run_contract_gated(case: dict, model: str) -> tuple[str, str, dict]:
737 |       """Multi-step CGE: elicit contract → generate code → gate → retry → eval."""
738 | /     import logging
739 | |     from contract import (
740 | |         parse_contract,
741 | |         build_contract_prompt,
742 | |         build_code_from_contract_prompt,
743 | |         build_retry_prompt,
744 | |     )
745 | |     from diff_gate import validate as gate_validate
    | |___________________________________________________^
746 |
747 |       cid = case["id"]
    |
help: Organize imports

F401 [*] `copy` imported but unused
  --> experiment_config.py:18:8
   |
16 | """
17 |
18 | import copy
   |        ^^^^
19 | import hashlib
20 | import logging
   |
help: Remove unused import: `copy`

F401 [*] `os` imported but unused
  --> experiment_config.py:21:8
   |
19 | import hashlib
20 | import logging
21 | import os
   |        ^^
22 | import sys
23 | from dataclasses import dataclass, field
   |
help: Remove unused import: `os`

F401 [*] `sys` imported but unused
  --> experiment_config.py:22:8
   |
20 | import logging
21 | import os
22 | import sys
   |        ^^^
23 | from dataclasses import dataclass, field
24 | from pathlib import Path
   |
help: Remove unused import: `sys`

F401 [*] `typing.Any` imported but unused
  --> experiment_config.py:25:20
   |
23 | from dataclasses import dataclass, field
24 | from pathlib import Path
25 | from typing import Any
   |                    ^^^
26 |
27 | import yaml
   |
help: Remove unused import: `typing.Any`

F401 [*] `re` imported but unused
  --> failure_classifier.py:13:8
   |
11 | """
12 |
13 | import re
   |        ^^
14 |
15 | FAILURE_TYPES = (
   |
help: Remove unused import: `re`

I001 [*] Import block is un-sorted or un-formatted
  --> leg_evaluator.py:13:1
   |
11 |   """
12 |
13 | / from llm import call_model
14 | | from failure_classifier import FAILURE_TYPES, FAILURE_TYPE_SET
   | |______________________________________________________________^
15 |
16 |   # ============================================================
   |
help: Organize imports

F401 [*] `failure_classifier.FAILURE_TYPES` imported but unused
  --> leg_evaluator.py:14:32
   |
13 | from llm import call_model
14 | from failure_classifier import FAILURE_TYPES, FAILURE_TYPE_SET
   |                                ^^^^^^^^^^^^^
15 |
16 | # ============================================================
   |
help: Remove unused import: `failure_classifier.FAILURE_TYPES`

E501 Line too long (134 > 100)
  --> leg_evaluator.py:27:101
   |
25 | …===========
26 | …
27 | …ther a developer's reasoning correctly identifies the ROOT CAUSE of a code failure.
   |                                                   ^^^^^^^^^^^^^^^^^^^^^^^^^^^^^^^^^^
28 | …
29 | …ctly identifies the failure mechanism. You are NOT evaluating code quality, style, or whether the fix works.
   |

E501 Line too long (159 > 100)
  --> leg_evaluator.py:29:101
   |
27 | …oper's reasoning correctly identifies the ROOT CAUSE of a code failure.
28 | …
29 | …ies the failure mechanism. You are NOT evaluating code quality, style, or whether the fix works.
   |                                       ^^^^^^^^^^^^^^^^^^^^^^^^^^^^^^^^^^^^^^^^^^^^^^^^^^^^^^^^^^^
30 | …
31 | …
   |

E501 Line too long (110 > 100)
  --> leg_reduction.py:15:101
   |
13 |       "verification": [{"step": str, "status": "PASS"|"FAIL", "evidence": str}],
14 |       "invariants_checked": [{"invariant": str, "status": "PASS"|"FAIL", "evidence": str}],
15 |       "issues_found": [{"issue_id": str, "description": str, "evidence": str, "related_invariant": str|null}],
   |                                                                                                     ^^^^^^^^^^
16 |       "changes_made": [{"change_type": "add"|"modify"|"delete", "target": str, "description": str}] | null,
17 |       "changed_functions": [str],
   |

E501 Line too long (107 > 100)
  --> leg_reduction.py:16:101
   |
14 |       "invariants_checked": [{"invariant": str, "status": "PASS"|"FAIL", "evidence": str}],
15 |       "issues_found": [{"issue_id": str, "description": str, "evidence": str, "related_invariant": str|null}],
16 |       "changes_made": [{"change_type": "add"|"modify"|"delete", "target": str, "description": str}] | null,
   |                                                                                                     ^^^^^^^
17 |       "changed_functions": [str],
18 |       "code_before": str,
   |

E501 Line too long (107 > 100)
  --> leg_reduction.py:67:101
   |
65 |       "revision": 0,
66 |       "verification": [
67 |         {{"step": "<plan step text>", "status": "PASS" or "FAIL", "evidence": "<concrete code reference>"}}
   |                                                                                                     ^^^^^^^
68 |       ],
69 |       "invariants_checked": [
   |

E501 Line too long (111 > 100)
  --> leg_reduction.py:70:101
   |
68 |       ],
69 |       "invariants_checked": [
70 |         {{"invariant": "<invariant statement>", "status": "PASS" or "FAIL", "evidence": "<concrete evidence>"}}
   |                                                                                                     ^^^^^^^^^^^
71 |       ],
72 |       "issues_found": [
   |

E501 Line too long (146 > 100)
  --> leg_reduction.py:73:101
   |
71 | …
72 | …
73 | …rong>", "evidence": "<code reference>", "related_invariant": "<invariant text or null>"}}
   |                                             ^^^^^^^^^^^^^^^^^^^^^^^^^^^^^^^^^^^^^^^^^^^^^^
74 | …
75 | …
   |

E501 Line too long (135 > 100)
  --> leg_reduction.py:97:101
   |
95 | …
96 | …
97 | …n "verification" with status PASS/FAIL and concrete evidence referencing your code.
   |                                                  ^^^^^^^^^^^^^^^^^^^^^^^^^^^^^^^^^^^
98 | …ds. Record in "invariants_checked" with PASS/FAIL and evidence.
99 | …n "issues_found" with issue_id, description, evidence, and related_invariant.
   |

E501 Line too long (115 > 100)
   --> leg_reduction.py:98:101
    |
 96 | - Write your fixed code in "code_after"
 97 | - For EACH plan step: check if implemented. Record in "verification" with status PASS/FAIL and concrete evidence referencing your cod…
 98 | - For EACH invariant you identified: check if it holds. Record in "invariants_checked" with PASS/FAIL and evidence.
    |                                                                                                     ^^^^^^^^^^^^^^^
 99 | - If any verification or invariant is FAIL: record in "issues_found" with issue_id, description, evidence, and related_invariant.
100 | - Set "changes_made" to null (this is revision 0).
    |

E501 Line too long (129 > 100)
   --> leg_reduction.py:99:101
    |
 97 | …d in "verification" with status PASS/FAIL and concrete evidence referencing your code.
 98 | …holds. Record in "invariants_checked" with PASS/FAIL and evidence.
 99 | …d in "issues_found" with issue_id, description, evidence, and related_invariant.
    |                                                     ^^^^^^^^^^^^^^^^^^^^^^^^^^^^^
100 | ….
101 | … 0).
    |

E501 Line too long (103 > 100)
   --> leg_reduction.py:109:101
    |
107 |   - Fix the issues
108 |   - Set "code_after" to your revised code
109 |   - "changes_made": list each change with change_type (add/modify/delete), target function, description
    |                                                                                                     ^^^
110 |   - "changed_functions": list every function you modified
111 |   - Re-verify ALL steps and invariants
    |

E501 Line too long (111 > 100)
   --> leg_reduction.py:267:101
    |
265 |             return f"{prefix}changes_made[{idx}]: missing '{key}'"
266 |     if ch["change_type"] not in _VALID_CHANGE_TYPES:
267 |         return f"{prefix}changes_made[{idx}].change_type: must be add/modify/delete, got {ch['change_type']!r}"
    |                                                                                                     ^^^^^^^^^^^
268 |     if not isinstance(ch["target"], str):
269 |         return f"{prefix}changes_made[{idx}].target: must be string"
    |

F841 Local variable `tv_status` is assigned to but never used
   --> leg_reduction.py:534:13
    |
532 |             tv_step = tv.get("step", "")
533 |             lv_step = lv.get("step", "")
534 |             tv_status = tv.get("status", tv.get("implemented"))
    |             ^^^^^^^^^
535 |             lv_status = lv.get("status", "")
536 |             if tv_step != lv_step:
    |
help: Remove assignment to unused variable `tv_status`

F841 Local variable `lv_status` is assigned to but never used
   --> leg_reduction.py:535:13
    |
533 |             lv_step = lv.get("step", "")
534 |             tv_status = tv.get("status", tv.get("implemented"))
535 |             lv_status = lv.get("status", "")
    |             ^^^^^^^^^
536 |             if tv_step != lv_step:
537 |                 errors.append(
    |
help: Remove assignment to unused variable `lv_status`

E501 Line too long (102 > 100)
   --> leg_reduction.py:538:101
    |
536 |             if tv_step != lv_step:
537 |                 errors.append(
538 |                     f"verification[{vi}].step mismatch: top-level={tv_step!r} vs last_rev={lv_step!r}"
    |                                                                                                     ^^
539 |                 )
540 |                 break
    |

E501 Line too long (101 > 100)
   --> live_metrics.py:263:101
    |
262 |         # SECONDARY: reasoning-derived metrics (UNRELIABLE — classifier disqualified
263 |         # per Phase 0 reasoning_evaluator_audit. Kept for informational purposes only. Do NOT use for
    |                                                                                                     ^
264 |         # scientific conclusions.)
265 |         leg_count = sum(
    |

F821 Undefined name `overall_leg`
   --> live_metrics.py:389:27
    |
387 |     # --- OVERALL RATES ---
388 |     m["pass_rate"] = round(sum(1 for e in events if e.get("pass")) / n, 4)
389 |     m["leg_rate"] = round(overall_leg, 4)
    |                           ^^^^^^^^^^^
390 |
391 |     return m
    |

E501 Line too long (109 > 100)
   --> live_metrics.py:498:101
    |
496 |         w("  NOTE: LEG/Lucky/E|R depend on reasoning classifier which failed Phase 0 controls.")
497 |         w(
498 |             "        See reasoning_evaluator_audit/phase0_report.md. Only Pass rate is scientifically valid."
    |                                                                                                     ^^^^^^^^^
499 |         )
500 |         w("")
    |

E501 Line too long (107 > 100)
  --> llm.py:18:101
   |
16 | Return your response as a single valid JSON object with this exact schema:
17 |
18 | {"reasoning": "<your explanation>", "plan": ["<step 1>", "<step 2>"], "code": "<your complete fixed code>"}
   |                                                                                                     ^^^^^^^
19 |
20 | ALL THREE fields are REQUIRED and must be non-null strings (or list of strings for plan):
   |

F841 Local variable `error` is assigned to but never used
   --> llm.py:132:5
    |
130 |     _llm_log.debug("API_CALL_START model=%s prompt_len=%d raw=%s", model, len(full_prompt), raw)
131 |     t0 = _time.monotonic()
132 |     error = None
    |     ^^^^^
133 |     try:
134 |         result = _openai_call(full_prompt, model, api_key)
    |
help: Remove assignment to unused variable `error`

E501 Line too long (129 > 100)
   --> llm_mock.py:200:101
    |
198 |         return json.dumps(
199 |             {
200 |                 "bug_diagnosis": "commit() sets frozen=True which get_committed_total checks. Removing it breaks the invariant.",
    |                                                                                                     ^^^^^^^^^^^^^^^^^^^^^^^^^^^^^
201 |                 "plan_steps": [
202 |                     {
    |

E501 Line too long (111 > 100)
   --> llm_mock.py:260:101
    |
258 |         return json.dumps(
259 |             {
260 |                 "bug_diagnosis": "Failure window between debit and credit. Exception after debit loses money.",
    |                                                                                                     ^^^^^^^^^^^
261 |                 "plan_steps": [
262 |                     {
    |

E501 Line too long (108 > 100)
   --> nudges/core.py:170:101
    |
168 |         name="DEPENDENCY_CHECK_GUARDRAIL",
169 |         kind="guardrail",
170 |         description="Constrains actions: forbids removing write-path operations without equivalence proof.",
    |                                                                                                     ^^^^^^^^
171 |         build_prompt=_dependency_check_guardrail,
172 |     )
    |

E501 Line too long (105 > 100)
   --> nudges/core.py:206:101
    |
204 |         name="INVARIANT_GUARD_GUARDRAIL",
205 |         kind="guardrail",
206 |         description="Constrains actions: requires rollback/atomicity, forbids observability-only fixes.",
    |                                                                                                     ^^^^^
207 |         build_prompt=_invariant_guard_guardrail,
208 |     )
    |

E501 Line too long (110 > 100)
   --> nudges/core.py:242:101
    |
240 |         name="TEMPORAL_ROBUSTNESS_GUARDRAIL",
241 |         kind="guardrail",
242 |         description="Constrains actions: forbids reordering stats computation or swapping metrics functions.",
    |                                                                                                     ^^^^^^^^^^
243 |         build_prompt=_temporal_robustness_guardrail,
244 |     )
    |

E501 Line too long (113 > 100)
   --> nudges/core.py:278:101
    |
276 |         name="STATE_LIFECYCLE_GUARDRAIL",
277 |         kind="guardrail",
278 |         description="Constrains actions: forbids removing state transitions without consumer equivalence proof.",
    |                                                                                                     ^^^^^^^^^^^^^
279 |         build_prompt=_state_lifecycle_guardrail,
280 |     )
    |

E501 Line too long (118 > 100)
   --> nudges/core.py:423:101
    |
421 |         name="SELF_CHECK",
422 |         kind="self_check",
423 |         description="Post-generation verification: forces model to trace a concrete scenario through its own output.",
    |                                                                                                     ^^^^^^^^^^^^^^^^^^
424 |         build_prompt=_self_check_generic,
425 |     )
    |

I001 [*] Import block is un-sorted or un-formatted
  --> nudges/router.py:7:1
   |
 5 |   """
 6 |
 7 | / import nudges.core  # noqa: F401 — triggers operator registration
 8 | |
 9 | | from nudges.mapping import get_operators_for_case
10 | | from nudges.operators import get
11 | | from nudges.core import build_strict_guardrail
   | |______________________________________________^
   |
help: Organize imports

E501 Line too long (107 > 100)
   --> parse.py:281:101
    |
279 |     """Parse model response into {reasoning, code, files, confidence, parse_error, response_format}.
280 |
281 |     Tiers: file_dict → code_dict → JSON direct → JSON lenient → JSON substring → code block → raw fallback.
    |                                                                                                     ^^^^^^^
282 |     Never raises. Logs SEVERE warnings for type mismatches and empty fields.
    |

E402 Module level import not at top of file
   --> parse.py:614:1
    |
612 | # ============================================================
613 |
614 | from _stdlib import STDLIB_MODULES
    | ^^^^^^^^^^^^^^^^^^^^^^^^^^^^^^^^^^
    |

I001 [*] Import block is un-sorted or un-formatted
  --> preflight_check.py:10:1
   |
 8 |   """
 9 |
10 | / import argparse
11 | | import json
12 | | import sys
13 | | import os
14 | | from pathlib import Path
   | |________________________^
15 |
16 |   # Ensure imports work
   |
help: Organize imports

F401 [*] `dataclasses.field` imported but unused
  --> prompt_registry.py:11:36
   |
 9 | import hashlib
10 | import logging
11 | from dataclasses import dataclass, field
   |                                    ^^^^^
12 | from pathlib import Path
   |
help: Remove unused import: `dataclasses.field`

F401 [*] `pathlib.Path` imported but unused
   --> prompts.py:234:25
    |
232 | def _format_code_files_v2(code_files: dict[str, str]) -> str:
233 |     """V2 format: numbered FILE delimiters with full relative paths."""
234 |     from pathlib import Path
    |                         ^^^^
235 |
236 |     n = len(code_files)
    |
help: Remove unused import: `pathlib.Path`

F401 [*] `re` imported but unused
  --> reconstructor.py:10:8
   |
 8 | import ast
 9 | import logging
10 | import re
   |        ^^
11 | from dataclasses import dataclass, field
   |
help: Remove unused import: `re`

I001 [*] Import block is un-sorted or un-formatted
 --> reference_fixes/async_race_lock.py:1:1
  |
1 | from state import increment, try_lock, unlock, get_counter
  | ^^^^^^^^^^^^^^^^^^^^^^^^^^^^^^^^^^^^^^^^^^^^^^^^^^^^^^^^^^
  |
help: Organize imports

I001 [*] Import block is un-sorted or un-formatted
 --> reference_fixes/cache_invalidation_order.py:1:1
  |
1 | / from db import db_write, db_read
2 | | from cache import cache_set, cache_get, cache_invalidate, cache_get_version, cache_conditional_set
  | |__________________________________________________________________________________________________^
  |
help: Organize imports

I001 [*] Import block is un-sorted or un-formatted
 --> reference_fixes/commit_gate.py:1:1
  |
1 | / from state import make_state
2 | | from reducers import normalize, collapse, stage, commit, freeze_view, materialize
  | |_________________________________________________________________________________^
  |
help: Organize imports

I001 [*] Import block is un-sorted or un-formatted
 --> reference_fixes/early_return_b.py:3:1
  |
1 | """Payment processor with duplicate detection."""
2 |
3 | from ledger import record, verify, reset_ledger
  | ^^^^^^^^^^^^^^^^^^^^^^^^^^^^^^^^^^^^^^^^^^^^^^^
4 |
5 | _cache = {}
  |
help: Organize imports

F401 [*] `ledger.verify` imported but unused
 --> reference_fixes/early_return_b.py:3:28
  |
1 | """Payment processor with duplicate detection."""
2 |
3 | from ledger import record, verify, reset_ledger
  |                            ^^^^^^
4 |
5 | _cache = {}
  |
help: Remove unused import: `ledger.verify`

I001 [*] Import block is un-sorted or un-formatted
  --> reference_fixes/early_return_c.py:8:1
   |
 6 |   """
 7 |
 8 | / from ledger import record, get_count, reset_ledger
 9 | | from reasoning_evaluator_audit import log_charge, verify_completeness, get_log, reset_audit
   | |___________________________________________________________________________________________^
10 |
11 |   _charge_cache = {}
   |
help: Organize imports

F401 [*] `ledger.get_count` imported but unused
 --> reference_fixes/early_return_c.py:8:28
  |
6 | """
7 |
8 | from ledger import record, get_count, reset_ledger
  |                            ^^^^^^^^^
9 | from reasoning_evaluator_audit import log_charge, verify_completeness, get_log, reset_audit
  |
help: Remove unused import: `ledger.get_count`

F401 [*] `reasoning_evaluator_audit.verify_completeness` imported but unused
  --> reference_fixes/early_return_c.py:9:51
   |
 8 | from ledger import record, get_count, reset_ledger
 9 | from reasoning_evaluator_audit import log_charge, verify_completeness, get_log, reset_audit
   |                                                   ^^^^^^^^^^^^^^^^^^^
10 |
11 | _charge_cache = {}
   |
help: Remove unused import

F401 [*] `reasoning_evaluator_audit.get_log` imported but unused
  --> reference_fixes/early_return_c.py:9:72
   |
 8 | from ledger import record, get_count, reset_ledger
 9 | from reasoning_evaluator_audit import log_charge, verify_completeness, get_log, reset_audit
   |                                                                        ^^^^^^^
10 |
11 | _charge_cache = {}
   |
help: Remove unused import

I001 [*] Import block is un-sorted or un-formatted
 --> reference_fixes/effect_order_b.py:3:1
  |
1 | """Batch processor with two effects per item."""
2 |
3 | from metrics import increment, emit_event
  | ^^^^^^^^^^^^^^^^^^^^^^^^^^^^^^^^^^^^^^^^^
  |
help: Organize imports

I001 [*] Import block is un-sorted or un-formatted
 --> reference_fixes/effect_order_c.py:3:1
  |
1 |   """Batch processor with three coupled effects per item."""
2 |
3 | / from metrics import increment, emit_event
4 | | from reasoning_evaluator_audit import audit_log
  | |_______________________________________________^
  |
help: Organize imports

I001 [*] Import block is un-sorted or un-formatted
 --> reference_fixes/feature_flag_drift.py:1:1
  |
1 | / from billing import create_invoice, get_invoices
2 | | from flags import enable, disable
  | |_________________________________^
  |
help: Organize imports

I001 [*] Import block is un-sorted or un-formatted
 --> reference_fixes/hidden_dep_multihop.py:1:1
  |
1 | / from user_repo import persist_user, remove_user, sync_user_to_db, lookup_user
2 | | from cache_writer import cache_delete, refresh_user_snapshot, sync_user_to_cache
  | |________________________________________________________________________________^
  |
help: Organize imports

B905 `zip()` without an explicit `strict=` parameter
  --> reference_fixes/index_misalign_a.py:29:17
   |
27 | def get_all():
28 |     """Return list of (label, value) tuples."""
29 |     return list(zip(_labels, _values))
   |                 ^^^^^^^^^^^^^^^^^^^^^
   |
help: Add explicit value for parameter `strict=`

B905 `zip()` without an explicit `strict=` parameter
  --> reference_fixes/index_misalign_b.py:32:32
   |
30 |         result = []
31 |         for row in self.rows:
32 |             result.append(dict(zip(self.headers, row)))
   |                                ^^^^^^^^^^^^^^^^^^^^^^
33 |         return result
   |
help: Add explicit value for parameter `strict=`

F401 [*] `formatter.recalculate_widths` imported but unused
 --> reference_fixes/index_misalign_c.py:4:37
  |
3 | from data import make_row, validate_table
4 | from formatter import format_table, recalculate_widths
  |                                     ^^^^^^^^^^^^^^^^^^
  |
help: Remove unused import: `formatter.recalculate_widths`

I001 [*] Import block is un-sorted or un-formatted
 --> reference_fixes/invariant_partial_fail.py:1:1
  |
1 | / import random
2 | | from models import Account
3 | | from ledger import record_debit, record_credit, record_transfer_attempt
4 | | from reasoning_evaluator_audit import emit_transfer_event, emit_failure_alert
  | |_____________________________________________________________________________^
  |
help: Organize imports

F401 [*] `models.Account` imported but unused
 --> reference_fixes/invariant_partial_fail.py:2:20
  |
1 | import random
2 | from models import Account
  |                    ^^^^^^^
3 | from ledger import record_debit, record_credit, record_transfer_attempt
4 | from reasoning_evaluator_audit import emit_transfer_event, emit_failure_alert
  |
help: Remove unused import: `models.Account`

I001 [*] Import block is un-sorted or un-formatted
 --> reference_fixes/l3_state_pipeline.py:1:1
  |
1 | / from state import make_state, copy_state
2 | | from reducers import normalize, collapse, stage, commit, freeze_view, materialize, project
  | |__________________________________________________________________________________________^
  |
help: Organize imports

I001 [*] Import block is un-sorted or un-formatted
 --> reference_fixes/missing_branch_b.py:3:1
  |
1 | """Authentication and authorization dispatch."""
2 |
3 | from roles import admin_access, user_access, moderator_access, guest_access
  | ^^^^^^^^^^^^^^^^^^^^^^^^^^^^^^^^^^^^^^^^^^^^^^^^^^^^^^^^^^^^^^^^^^^^^^^^^^^
4 |
5 | # Dispatch table mapping roles to access handlers
  |
help: Organize imports

F401 [*] `roles.get_role_level` imported but unused
 --> reference_fixes/missing_branch_c.py:4:19
  |
3 | from middleware import authenticate
4 | from roles import get_role_level
  |                   ^^^^^^^^^^^^^^
  |
help: Remove unused import: `roles.get_role_level`

F401 [*] `queue.create_task` imported but unused
 --> reference_fixes/mutable_default_b.py:3:19
  |
1 | """Worker that processes task batches."""
2 |
3 | from queue import create_task
  |                   ^^^^^^^^^^^
  |
help: Remove unused import: `queue.create_task`

I001 [*] Import block is un-sorted or un-formatted
 --> reference_fixes/mutable_default_c.py:3:1
  |
1 | """Scheduler with decorator that tracks call history."""
2 |
3 | from worker import process, batch_process
  | ^^^^^^^^^^^^^^^^^^^^^^^^^^^^^^^^^^^^^^^^^
  |
help: Organize imports

I001 [*] Import block is un-sorted or un-formatted
 --> reference_fixes/overdetermination.py:1:1
  |
1 | / from store import read, get_version
2 | | from writer_a import write_fresh
  | |________________________________^
  |
help: Organize imports

I001 [*] Import block is un-sorted or un-formatted
 --> reference_fixes/partial_rollback_b.py:3:1
  |
1 | """Order service coordinating inventory and payment."""
2 |
3 | from inventory import reserve, release
  | ^^^^^^^^^^^^^^^^^^^^^^^^^^^^^^^^^^^^^^
4 |
5 | _notifications = []
  |
help: Organize imports

I001 [*] Import block is un-sorted or un-formatted
 --> reference_fixes/partial_rollback_c.py:3:1
  |
1 |   """Order service: reserve -> reasoning_evaluator_audit -> pay -> notify."""
2 |
3 | / from inventory import reserve, release
4 | | from payment import process, add_audit_entry, remove_audit_entry
5 | | from payment import get_audit_log, set_gateway_fail
  | |___________________________________________________^
6 |
7 |   _notifications = []
  |
help: Organize imports

F401 [*] `payment.get_audit_log` imported but unused
 --> reference_fixes/partial_rollback_c.py:5:21
  |
3 | from inventory import reserve, release
4 | from payment import process, add_audit_entry, remove_audit_entry
5 | from payment import get_audit_log, set_gateway_fail
  |                     ^^^^^^^^^^^^^
6 |
7 | _notifications = []
  |
help: Remove unused import

F401 [*] `payment.set_gateway_fail` imported but unused
 --> reference_fixes/partial_rollback_c.py:5:36
  |
3 | from inventory import reserve, release
4 | from payment import process, add_audit_entry, remove_audit_entry
5 | from payment import get_audit_log, set_gateway_fail
  |                                    ^^^^^^^^^^^^^^^^
6 |
7 | _notifications = []
  |
help: Remove unused import

B007 Loop control variable `attempt` not used within loop body
  --> reference_fixes/partial_rollback_c.py:40:9
   |
38 |     """Trap: adding retry on payment makes partial state worse."""
39 |     order_id = f"ORD-{product_id}-{qty}"
40 |     for attempt in range(3):
   |         ^^^^^^^
41 |         try:
42 |             return process(qty * price, order_id)
   |
help: Rename unused `attempt` to `_attempt`

I001 [*] Import block is un-sorted or un-formatted
 --> reference_fixes/partial_update_b.py:3:1
  |
1 | """User profile with derived full_name field."""
2 |
3 | from validation import validate_name, sanitize_string
  | ^^^^^^^^^^^^^^^^^^^^^^^^^^^^^^^^^^^^^^^^^^^^^^^^^^^^^
  |
help: Organize imports

I001 [*] Import block is un-sorted or un-formatted
 --> reference_fixes/partial_update_c.py:3:1
  |
1 |   """User profile with email verification and cached greeting."""
2 |
3 | / from validation import validate_email, validate_name
4 | | from notifications import build_greeting, should_reverify
  | |_________________________________________________________^
  |
help: Organize imports

B007 Loop control variable `attempt` not used within loop body
  --> reference_fixes/retry_dup_a.py:19:9
   |
17 | def retry_send(msg, max_retries=2):
18 |     """Send with retry. Should only send once if first attempt succeeds."""
19 |     for attempt in range(max_retries):
   |         ^^^^^^^
20 |         result = send(msg)
21 |         if result:
   |
help: Rename unused `attempt` to `_attempt`

I001 [*] Import block is un-sorted or un-formatted
 --> reference_fixes/retry_dup_b.py:3:1
  |
1 | """Message sender with retry and store integration."""
2 |
3 | from store import append, notify, get_messages, get_notifications
  | ^^^^^^^^^^^^^^^^^^^^^^^^^^^^^^^^^^^^^^^^^^^^^^^^^^^^^^^^^^^^^^^^^
4 |
5 | _attempt_count = 0
  |
help: Organize imports

F401 [*] `store.get_messages` imported but unused
 --> reference_fixes/retry_dup_b.py:3:35
  |
1 | """Message sender with retry and store integration."""
2 |
3 | from store import append, notify, get_messages, get_notifications
  |                                   ^^^^^^^^^^^^
4 |
5 | _attempt_count = 0
  |
help: Remove unused import

F401 [*] `store.get_notifications` imported but unused
 --> reference_fixes/retry_dup_b.py:3:49
  |
1 | """Message sender with retry and store integration."""
2 |
3 | from store import append, notify, get_messages, get_notifications
  |                                                 ^^^^^^^^^^^^^^^^^
4 |
5 | _attempt_count = 0
  |
help: Remove unused import

B007 Loop control variable `attempt` not used within loop body
  --> reference_fixes/retry_dup_b.py:32:9
   |
30 |     """Retry send on transient errors."""
31 |     last_error = None
32 |     for attempt in range(max_retries):
   |         ^^^^^^^
33 |         try:
34 |             send(msg, fail_first=fail_first)
   |
help: Rename unused `attempt` to `_attempt`

F841 Local variable `last_error` is assigned to but never used
  --> reference_fixes/retry_dup_b.py:37:13
   |
35 |             break  # FIX: break after successful send
36 |         except ConnectionError as e:
37 |             last_error = e
   |             ^^^^^^^^^^
38 |             continue
39 |     return True
   |
help: Remove assignment to unused variable `last_error`

I001 [*] Import block is un-sorted or un-formatted
 --> reference_fixes/retry_dup_c.py:3:1
  |
1 |   """Ingestion pipeline with its own retry around sender."""
2 |
3 | / from sender import send_with_retry, reset_sender
4 | | from store import get_messages
  | |______________________________^
5 |
6 |   _ingest_log = []
  |
help: Organize imports

F401 [*] `sender.reset_sender` imported but unused
 --> reference_fixes/retry_dup_c.py:3:37
  |
1 | """Ingestion pipeline with its own retry around sender."""
2 |
3 | from sender import send_with_retry, reset_sender
  |                                     ^^^^^^^^^^^^
4 | from store import get_messages
  |
help: Remove unused import: `sender.reset_sender`

F401 [*] `store.get_messages` imported but unused
 --> reference_fixes/retry_dup_c.py:4:19
  |
3 | from sender import send_with_retry, reset_sender
4 | from store import get_messages
  |                   ^^^^^^^^^^^^
5 |
6 | _ingest_log = []
  |
help: Remove unused import: `store.get_messages`

B007 Loop control variable `attempt` not used within loop body
  --> reference_fixes/retry_dup_c.py:19:9
   |
17 | def ingest(msg, max_pipeline_retries=2, fail_first=False):
18 |     """Ingest a message with pipeline-level retry."""
19 |     for attempt in range(max_pipeline_retries):
   |         ^^^^^^^
20 |         try:
21 |             send_with_retry(msg, max_retries=2, fail_first=fail_first)
   |
help: Rename unused `attempt` to `_attempt`

I001 [*] Import block is un-sorted or un-formatted
  --> reference_fixes/silent_default_c.py:9:1
   |
 7 |   """
 8 |
 9 | / from env import get_env_bool
10 | | from config import get_config_bool
   | |__________________________________^
11 |
12 |   HARDCODED_DEFAULTS = {
   |
help: Organize imports

I001 [*] Import block is un-sorted or un-formatted
 --> reference_fixes/stale_cache_b.py:3:1
  |
1 | """Product catalog using external cache module."""
2 |
3 | from cache import get, put, invalidate
  | ^^^^^^^^^^^^^^^^^^^^^^^^^^^^^^^^^^^^^^
4 |
5 | _db = {}
  |
help: Organize imports

I001 [*] Import block is un-sorted or un-formatted
 --> reference_fixes/stale_cache_c.py:3:1
  |
1 | """Product catalog with two-layer cache integration."""
2 |
3 | from cache import put_local, put_shared, invalidate_shared, invalidate_local
  | ^^^^^^^^^^^^^^^^^^^^^^^^^^^^^^^^^^^^^^^^^^^^^^^^^^^^^^^^^^^^^^^^^^^^^^^^^^^^
4 |
5 | _db = {}
  |
help: Organize imports

F401 [*] `cache.put_local` imported but unused
 --> reference_fixes/stale_cache_c.py:3:19
  |
1 | """Product catalog with two-layer cache integration."""
2 |
3 | from cache import put_local, put_shared, invalidate_shared, invalidate_local
  |                   ^^^^^^^^^
4 |
5 | _db = {}
  |
help: Remove unused import

F401 [*] `cache.put_shared` imported but unused
 --> reference_fixes/stale_cache_c.py:3:30
  |
1 | """Product catalog with two-layer cache integration."""
2 |
3 | from cache import put_local, put_shared, invalidate_shared, invalidate_local
  |                              ^^^^^^^^^^
4 |
5 | _db = {}
  |
help: Remove unused import

I001 [*] Import block is un-sorted or un-formatted
  --> reference_fixes/temporal_drift_c.py:9:1
   |
 7 |   """
 8 |
 9 | / from transforms import normalize, clip, summarize_for_display
10 | | from metrics import compute_raw_stats, compute_derived
   | |______________________________________________________^
   |
help: Organize imports

I001 [*] Import block is un-sorted or un-formatted
 --> reference_fixes/use_before_set_c.py:3:1
  |
1 | """Multi-stage pipeline with search and fallback."""
2 |
3 | from loader import load_and_validate, get_status
  | ^^^^^^^^^^^^^^^^^^^^^^^^^^^^^^^^^^^^^^^^^^^^^^^^
4 |
5 | _pipeline_result = "not_run"
  |
help: Organize imports

F401 [*] `loader.get_status` imported but unused
 --> reference_fixes/use_before_set_c.py:3:39
  |
1 | """Multi-stage pipeline with search and fallback."""
2 |
3 | from loader import load_and_validate, get_status
  |                                       ^^^^^^^^^^
4 |
5 | _pipeline_result = "not_run"
  |
help: Remove unused import: `loader.get_status`

I001 [*] Import block is un-sorted or un-formatted
 --> reference_fixes/wrong_condition_c.py:3:1
  |
1 | """Core rate limiter logic."""
2 |
3 | from policy import is_expired, is_under_limit, is_exempt
  | ^^^^^^^^^^^^^^^^^^^^^^^^^^^^^^^^^^^^^^^^^^^^^^^^^^^^^^^^
  |
help: Organize imports

I001 [*] Import block is un-sorted or un-formatted
  --> retry_harness.py:18:1
   |
16 |   """
17 |
18 | / import difflib
19 | | import hashlib
20 | | import json
21 | | import logging
22 | | import math
23 | | import re
24 | | import time
25 | | from collections import Counter
26 | | from difflib import SequenceMatcher
27 | | from pathlib import Path
28 | |
29 | | from llm import call_model, get_model_config
30 | | from parse import extract_code
31 | | from evaluator import evaluate_output, compute_alignment
32 | | from prompts import build_base_prompt, _format_code_files
   | |_________________________________________________________^
33 |
34 |   _log = logging.getLogger("t3.retry")
   |
help: Organize imports

F401 [*] `llm.get_model_config` imported but unused
  --> retry_harness.py:29:29
   |
27 | from pathlib import Path
28 |
29 | from llm import call_model, get_model_config
   |                             ^^^^^^^^^^^^^^^^
30 | from parse import extract_code
31 | from evaluator import evaluate_output, compute_alignment
   |
help: Remove unused import: `llm.get_model_config`

F401 [*] `parse.extract_code` imported but unused
  --> retry_harness.py:30:19
   |
29 | from llm import call_model, get_model_config
30 | from parse import extract_code
   |                   ^^^^^^^^^^^^
31 | from evaluator import evaluate_output, compute_alignment
32 | from prompts import build_base_prompt, _format_code_files
   |
help: Remove unused import: `parse.extract_code`

F401 [*] `evaluator.evaluate_output` imported but unused
  --> retry_harness.py:31:23
   |
29 | from llm import call_model, get_model_config
30 | from parse import extract_code
31 | from evaluator import evaluate_output, compute_alignment
   |                       ^^^^^^^^^^^^^^^
32 | from prompts import build_base_prompt, _format_code_files
   |
help: Remove unused import

F401 [*] `evaluator.compute_alignment` imported but unused
  --> retry_harness.py:31:40
   |
29 | from llm import call_model, get_model_config
30 | from parse import extract_code
31 | from evaluator import evaluate_output, compute_alignment
   |                                        ^^^^^^^^^^^^^^^^^
32 | from prompts import build_base_prompt, _format_code_files
   |
help: Remove unused import

E501 Line too long (122 > 100)
  --> retry_harness.py:48:101
   |
46 | # Adaptive retry hints per failure type
47 | ADAPTIVE_HINTS = {
48 |     "TEMPORAL_ORDERING": "Carefully check ordering of operations and when values are computed relative to modifications.",
   |                                                                                                     ^^^^^^^^^^^^^^^^^^^^^^
49 |     "HIDDEN_DEPENDENCY": "Identify any implicit dependencies or shared state that may be affected by your changes.",
50 |     "INVARIANT_VIOLATION": "Ensure all invariants (consistency, conservation, constraints) are preserved.",
   |

E501 Line too long (116 > 100)
  --> retry_harness.py:49:101
   |
47 | ADAPTIVE_HINTS = {
48 |     "TEMPORAL_ORDERING": "Carefully check ordering of operations and when values are computed relative to modifications.",
49 |     "HIDDEN_DEPENDENCY": "Identify any implicit dependencies or shared state that may be affected by your changes.",
   |                                                                                                     ^^^^^^^^^^^^^^^^
50 |     "INVARIANT_VIOLATION": "Ensure all invariants (consistency, conservation, constraints) are preserved.",
51 |     "PARTIAL_STATE_UPDATE": "Ensure all related state variables are updated consistently, not just one component.",
   |

E501 Line too long (107 > 100)
  --> retry_harness.py:50:101
   |
48 |     "TEMPORAL_ORDERING": "Carefully check ordering of operations and when values are computed relative to modifications.",
49 |     "HIDDEN_DEPENDENCY": "Identify any implicit dependencies or shared state that may be affected by your changes.",
50 |     "INVARIANT_VIOLATION": "Ensure all invariants (consistency, conservation, constraints) are preserved.",
   |                                                                                                     ^^^^^^^
51 |     "PARTIAL_STATE_UPDATE": "Ensure all related state variables are updated consistently, not just one component.",
52 |     "RETRY_LOGIC_BUG": "Check for duplicated operations, missing idempotency, or incorrect retry assumptions.",
   |

E501 Line too long (115 > 100)
  --> retry_harness.py:51:101
   |
49 |     "HIDDEN_DEPENDENCY": "Identify any implicit dependencies or shared state that may be affected by your changes.",
50 |     "INVARIANT_VIOLATION": "Ensure all invariants (consistency, conservation, constraints) are preserved.",
51 |     "PARTIAL_STATE_UPDATE": "Ensure all related state variables are updated consistently, not just one component.",
   |                                                                                                     ^^^^^^^^^^^^^^^
52 |     "RETRY_LOGIC_BUG": "Check for duplicated operations, missing idempotency, or incorrect retry assumptions.",
53 |     "LOGGING_INCONSISTENCY": "Verify that logging and side effects are consistent with the intended operation order.",
   |

E501 Line too long (111 > 100)
  --> retry_harness.py:52:101
   |
50 |     "INVARIANT_VIOLATION": "Ensure all invariants (consistency, conservation, constraints) are preserved.",
51 |     "PARTIAL_STATE_UPDATE": "Ensure all related state variables are updated consistently, not just one component.",
52 |     "RETRY_LOGIC_BUG": "Check for duplicated operations, missing idempotency, or incorrect retry assumptions.",
   |                                                                                                     ^^^^^^^^^^^
53 |     "LOGGING_INCONSISTENCY": "Verify that logging and side effects are consistent with the intended operation order.",
54 |     "CONFOUNDING_LOGIC": "Re-evaluate your assumptions and identify the root cause of failure.",
   |

E501 Line too long (118 > 100)
  --> retry_harness.py:53:101
   |
51 |     "PARTIAL_STATE_UPDATE": "Ensure all related state variables are updated consistently, not just one component.",
52 |     "RETRY_LOGIC_BUG": "Check for duplicated operations, missing idempotency, or incorrect retry assumptions.",
53 |     "LOGGING_INCONSISTENCY": "Verify that logging and side effects are consistent with the intended operation order.",
   |                                                                                                     ^^^^^^^^^^^^^^^^^^
54 |     "CONFOUNDING_LOGIC": "Re-evaluate your assumptions and identify the root cause of failure.",
55 |     "EDGE_CASE_MISSED": "Consider edge cases and boundary conditions that your fix may not handle.",
   |

F841 Local variable `extraction_conflict` is assigned to but never used
   --> retry_harness.py:145:5
    |
144 |     # Two different non-empty candidates — apply C1-C3
145 |     extraction_conflict = True
    |     ^^^^^^^^^^^^^^^^^^^
146 |
147 |     # C1: Filter to syntax-valid
    |
help: Remove assignment to unused variable `extraction_conflict`

E741 Ambiguous variable name: `l`
   --> retry_harness.py:203:15
    |
202 |     lines_changed = sum(
203 |         1 for l in diff if l.startswith(("+", "-")) and not l.startswith(("+++", "---"))
    |               ^
204 |     )
205 |     chars_changed = sum(1 for a, b in zip(old_code, new_code) if a != b) + abs(
    |

B905 `zip()` without an explicit `strict=` parameter
   --> retry_harness.py:205:39
    |
203 |         1 for l in diff if l.startswith(("+", "-")) and not l.startswith(("+++", "---"))
204 |     )
205 |     chars_changed = sum(1 for a, b in zip(old_code, new_code) if a != b) + abs(
    |                                       ^^^^^^^^^^^^^^^^^^^^^^^
206 |         len(new_code) - len(old_code)
207 |     )
    |
help: Add explicit value for parameter `strict=`

E741 Ambiguous variable name: `l`
   --> retry_harness.py:209:23
    |
207 |     )
208 |
209 |     hunks = sum(1 for l in diff if l.startswith("@@"))
    |                       ^
210 |     edit_dispersion = round(1.0 / max(hunks, 1), 3)
    |

E501 Line too long (101 > 100)
    --> retry_harness.py:1021:101
     |
1019 | IMPORTANT: In the "plan" field of your JSON response, list each change as a separate step.
1020 | Each step should specify which function you are changing and what you are changing.
1021 | Example: ["In create_config: return DEFAULTS.copy() instead of DEFAULTS", "In reset: clear cache"]"""
     |                                                                                                     ^
     |

I001 [*] Import block is un-sorted or un-formatted
    --> retry_harness.py:1074:5
     |
1072 | def _write_iteration_log(case, model, k, max_iterations, condition, prompt, raw, parsed, ev, entry):
1073 |     """Write one iteration via the active RunLogger."""
1074 |     from execution import get_run_logger, get_model_config as _gmc
     |     ^^^^^^^^^^^^^^^^^^^^^^^^^^^^^^^^^^^^^^^^^^^^^^^^^^^^^^^^^^^^^^
1075 |
1076 |     reasoning_text = parsed.get("reasoning") or ""
     |
help: Organize imports

F821 Undefined name `set_call_context`
    --> retry_harness.py:1195:9
     |
1193 |     contract = None
1194 |     if use_contract:
1195 |         set_call_context(
     |         ^^^^^^^^^^^^^^^^
1196 |             phase="generation",
1197 |             case_id=case["id"],
     |

I001 [*] Import block is un-sorted or un-formatted
    --> retry_harness.py:1253:9
     |
1252 |         # --- Evaluate through canonical pipeline ---
1253 |         from execution import evaluate_case, _propagate_observability
     |         ^^^^^^^^^^^^^^^^^^^^^^^^^^^^^^^^^^^^^^^^^^^^^^^^^^^^^^^^^^^^^
1254 |
1255 |         case["_condition"] = condition
     |
help: Organize imports

I001 [*] Import block is un-sorted or un-formatted
    --> retry_harness.py:1498:9
     |
1496 |       # --- LEG EVALUATION (post-hoc, gated by use_llm_eval) ---
1497 |       if use_llm_eval and trajectory:
1498 | /         from leg_evaluator import (
1499 | |             evaluate_reasoning,
1500 | |             compute_leg_true,
1501 | |             compute_reasoning_matches_truth,
1502 | |         )
     | |_________^
1503 |
1504 |           for entry in trajectory:
     |
help: Organize imports

I001 [*] Import block is un-sorted or un-formatted
    --> retry_harness.py:1772:5
     |
1771 |     # Write final iteration to run.jsonl and events.jsonl (V10 fix)
1772 |     from execution import write_log, _emit_metrics_event
     |     ^^^^^^^^^^^^^^^^^^^^^^^^^^^^^^^^^^^^^^^^^^^^^^^^^^^^
1773 |
1774 |     if trajectory:
     |
help: Organize imports

I001 [*] Import block is un-sorted or un-formatted
  --> runner.py:11:1
   |
 9 |   # ============================================================
10 |
11 | / import argparse
12 | | import json
13 | | import sys
14 | | import time
15 | | from pathlib import Path
16 | |
17 | | from execution import (
18 | |     build_prompt,
19 | |     run_single,
20 | |     run_repair_loop,
21 | |     run_contract_gated,
22 | |     run_leg_reduction,
23 | |     init_run_log,
24 | |     close_run_log,
25 | |     get_current_log_path,
26 | |     get_log_write_stats,
27 | | )
28 | | from constants import ALL_CONDITIONS, VALID_CONDITIONS, COND_LABELS, RETRY_CONDITIONS
   | |_____________________________________________________________________________________^
29 |
30 |   BASE_DIR = Path(__file__).parent
   |
help: Organize imports

F401 [*] `execution.build_prompt` imported but unused
  --> runner.py:18:5
   |
17 | from execution import (
18 |     build_prompt,
   |     ^^^^^^^^^^^^
19 |     run_single,
20 |     run_repair_loop,
   |
help: Remove unused import

F401 [*] `execution.get_current_log_path` imported but unused
  --> runner.py:25:5
   |
23 |     init_run_log,
24 |     close_run_log,
25 |     get_current_log_path,
   |     ^^^^^^^^^^^^^^^^^^^^
26 |     get_log_write_stats,
27 | )
   |
help: Remove unused import

F401 [*] `execution.get_log_write_stats` imported but unused
  --> runner.py:26:5
   |
24 |     close_run_log,
25 |     get_current_log_path,
26 |     get_log_write_stats,
   |     ^^^^^^^^^^^^^^^^^^^
27 | )
28 | from constants import ALL_CONDITIONS, VALID_CONDITIONS, COND_LABELS, RETRY_CONDITIONS
   |
help: Remove unused import

F401 [*] `constants.ALL_CONDITIONS` imported but unused
  --> runner.py:28:23
   |
26 |     get_log_write_stats,
27 | )
28 | from constants import ALL_CONDITIONS, VALID_CONDITIONS, COND_LABELS, RETRY_CONDITIONS
   |                       ^^^^^^^^^^^^^^
29 |
30 | BASE_DIR = Path(__file__).parent
   |
help: Remove unused import: `constants.ALL_CONDITIONS`

I001 [*] Import block is un-sorted or un-formatted
   --> runner.py:448:5
    |
446 |   def run_ablation_mode(args):
447 |       """Ablation mode: single (model, trial) run with isolated output directory."""
448 | /     import os
449 | |     import subprocess as _sp
450 | |     from execution import set_ablation_context
451 | |
452 | |     # All run parameters come from config — the single source of truth
453 | |     from experiment_config import get_config as _get_config
    | |___________________________________________________________^
454 |
455 |       _cfg = _get_config()
    |
help: Organize imports

I001 [*] Import block is un-sorted or un-formatted
   --> runner.py:530:5
    |
529 |     # Step 4.5: Initialize call-level logger
530 |     from call_logger import init_call_logger, close_call_logger
    |     ^^^^^^^^^^^^^^^^^^^^^^^^^^^^^^^^^^^^^^^^^^^^^^^^^^^^^^^^^^^
531 |
532 |     init_call_logger(output_dir)
    |
help: Organize imports

E501 Line too long (102 > 100)
   --> runner.py:557:101
    |
555 |     if valid:
556 |         print(
557 |             f"\n  Log verified: {log_path} (run_id={stats['run_id']}, {stats['attempted']} writes OK)"
    |                                                                                                     ^^
558 |         )
559 |     else:
    |

F811 [*] Redefinition of unused `close_call_logger` from line 530
   --> runner.py:565:29
    |
564 |     # Step 7.5: Close call logger and record count
565 |     from call_logger import close_call_logger, get_call_count
    |                             ^^^^^^^^^^^^^^^^^ `close_call_logger` redefined here
566 |
567 |     total_calls = close_call_logger()
    |
   ::: runner.py:530:47
    |
529 |     # Step 4.5: Initialize call-level logger
530 |     from call_logger import init_call_logger, close_call_logger
    |                                               ----------------- previous definition of `close_call_logger` here
531 |
532 |     init_call_logger(output_dir)
    |
help: Remove definition: `close_call_logger`

F401 [*] `call_logger.get_call_count` imported but unused
   --> runner.py:565:48
    |
564 |     # Step 7.5: Close call logger and record count
565 |     from call_logger import close_call_logger, get_call_count
    |                                                ^^^^^^^^^^^^^^
566 |
567 |     total_calls = close_call_logger()
    |
help: Remove unused import: `call_logger.get_call_count`

E501 Line too long (106 > 100)
  --> scm_data.py:45:101
   |
43 |         "invariants": {
44 |             "I1": "After save_user({'id':'u1','name':'Alice'}): _store.get('user:u1') == 'Alice'",
45 |             "I2": "After save_user({'id':'u1','name':'Bob'}): _store.get('user:u1') == 'Bob' (overwrite)",
   |                                                                                                     ^^^^^^
46 |         },
47 |         "constraints": {
   |

E501 Line too long (104 > 100)
  --> scm_data.py:55:101
   |
53 |             },
54 |             "C2": {
55 |                 "text": "F3 must use F6 (cache_put), not F7 (cache_put_if_absent) — F7 won't overwrite",
   |                                                                                                     ^^^^
56 |                 "edges": ["E2"],
57 |                 "functions": ["F3", "F6", "F7"],
   |

E501 Line too long (145 > 100)
  --> scm_data.py:69:101
   |
67 | …
68 | …
69 | …natures and similar names. Both write to V1. The difference is ONLY overwrite behavior.",
   |                                              ^^^^^^^^^^^^^^^^^^^^^^^^^^^^^^^^^^^^^^^^^^^^^
70 | …':'Alice'}) → _store['user:u1']='Alice'. "
71 | … → _store['user:u1'] stays 'Alice'. "
   |

E501 Line too long (103 > 100)
   --> scm_data.py:135:101
    |
133 |         "critical_constraint": {
134 |             "id": "C1",
135 |             "why_fragile": "stage() and commit() both write to state, making commit() look redundant. "
    |                                                                                                     ^^^
136 |             "But only commit() sets the frozen flag that get_committed_total() checks.",
137 |             "failure_trace": "Remove commit() → st['meta']['frozen'] stays False → "
    |

E501 Line too long (106 > 100)
   --> scm_data.py:196:101
    |
194 |         "critical_constraint": {
195 |             "id": "C1",
196 |             "why_fragile": "After normalize(), max(data)=1.0. If F2 runs on normalized data, raw_max=1.0 "
    |                                                                                                     ^^^^^^
197 |             "instead of the actual sensor peak. build_report() silently reports wrong values.",
198 |             "failure_trace": "pipeline([10,20,30,40,50]) with F2 on cleaned → raw_max≈1.0 instead of 50.",
    |

E501 Line too long (106 > 100)
   --> scm_data.py:198:101
    |
196 |             "why_fragile": "After normalize(), max(data)=1.0. If F2 runs on normalized data, raw_max=1.0 "
197 |             "instead of the actual sensor peak. build_report() silently reports wrong values.",
198 |             "failure_trace": "pipeline([10,20,30,40,50]) with F2 on cleaned → raw_max≈1.0 instead of 50.",
    |                                                                                                     ^^^^^^
199 |         },
200 |     },
    |

E501 Line too long (116 > 100)
   --> scm_data.py:303:101
    |
301 |         "critical_constraint": {
302 |             "id": "C1",
303 |             "why_fragile": "F2 (subtraction) and F3 (multiplication) look similar — both transform amount by rate. "
    |                                                                                                     ^^^^^^^^^^^^^^^^
304 |             "But subtraction then multiplication != multiplication then subtraction.",
305 |             "failure_trace": "fee(tax(100,0.1),5) = 100*1.1-5 = 105.0. tax(fee(100,5),0.1) = 95*1.1 = 104.5. "
    |

E501 Line too long (110 > 100)
   --> scm_data.py:305:101
    |
303 |             "why_fragile": "F2 (subtraction) and F3 (multiplication) look similar — both transform amount by rate. "
304 |             "But subtraction then multiplication != multiplication then subtraction.",
305 |             "failure_trace": "fee(tax(100,0.1),5) = 100*1.1-5 = 105.0. tax(fee(100,5),0.1) = 95*1.1 = 104.5. "
    |                                                                                                     ^^^^^^^^^^
306 |             "Swapping order changes result by 0.5.",
307 |         },
    |

F841 Local variable `f_text` is assigned to but never used
   --> scm_prompts.py:144:5
    |
142 |     constraints = ces.get("constraints", [])
143 |
144 |     f_text = "\n".join(f"  {f} = {scm['functions'].get(f, '?')}" for f in funcs)
    |     ^^^^^^
145 |     e_text = "\n".join(f"  {e}: {scm['edges'].get(e, '?')}" for e in edges)
146 |     i_text = "\n".join(f"  {i}: {scm['invariants'].get(i, '?')}" for i in invariants)
    |
help: Remove assignment to unused variable `f_text`

F401 [*] `json` imported but unused
  --> scripts/canary_run.py:17:8
   |
16 | import argparse
17 | import json
   |        ^^^^
18 | import sys
19 | from pathlib import Path
   |
help: Remove unused import: `json`

F841 Local variable `model_correct` is assigned to but never used
  --> scripts/canary_run.py:88:9
   |
86 |         # Check 5: eval_model correct
87 |         intended = eval_model or "gpt-5.4-mini"
88 |         model_correct = all(
   |         ^^^^^^^^^^^^^
89 |             r.get("eval_model_actual") == intended or r.get("eval_model_actual") is None
90 |             for r in results
   |
help: Remove assignment to unused variable `model_correct`

E501 Line too long (115 > 100)
   --> scripts/canary_run.py:103:101
    |
101 |         print(f"CANARY RUN: {len(results)} cases")
102 |         print(
103 |             f"  Check 1 (parsing): {'PASS' if check1 else 'FAIL'} ({non_empty_reasoning}/{len(results)} non-empty)"
    |                                                                                                     ^^^^^^^^^^^^^^^
104 |         )
105 |         print(
    |

E501 Line too long (118 > 100)
   --> scripts/canary_run.py:106:101
    |
104 |         )
105 |         print(
106 |             f"  Check 2 (classifier responds): {'PASS' if check2 else 'FAIL'} ({classifier_responded}/{len(results)})"
    |                                                                                                     ^^^^^^^^^^^^^^^^^^
107 |         )
108 |         print(
    |

E501 Line too long (113 > 100)
   --> scripts/canary_run.py:109:101
    |
107 |         )
108 |         print(
109 |             f"  Check 3 (classifier parses): {'PASS' if check3 else 'FAIL'} ({classifier_parsed}/{len(results)})"
    |                                                                                                     ^^^^^^^^^^^^^
110 |         )
111 |         print(f"  Check 4 (all fields): {'PASS' if check4 else 'FAIL'}")
    |

F401 [*] `sys` imported but unused
  --> scripts/extract_metadata.py:15:8
   |
13 | import argparse
14 | import json
15 | import sys
   |        ^^^
   |
help: Remove unused import: `sys`

E501 Line too long (109 > 100)
  --> scripts/extract_metadata.py:48:101
   |
46 |             gap_mark = " GAP" if gap else ""
47 |             print(
48 |                 f"L{i:2d} {cid:<32} {status} score={score:.1f} inv={inv} ran={ran} syn={bool(syn)}{gap_mark}"
   |                                                                                                     ^^^^^^^^^
49 |             )
   |

E501 Line too long (109 > 100)
  --> scripts/extract_responses.py:9:101
   |
 7 | Examples:
 8 |     python scripts/extract_responses.py logs/gpt-4o-mini_20260323_151334_responses.jsonl
 9 |     python scripts/extract_responses.py logs/gpt-4o-mini_20260323_151334_responses.jsonl --case alias_trivial
   |                                                                                                     ^^^^^^^^^
10 |     python scripts/extract_responses.py logs/gpt-4o-mini_20260323_151334_responses.jsonl --case alias_trivial --code-only
11 | """
   |

E501 Line too long (121 > 100)
  --> scripts/extract_responses.py:10:101
   |
 8 |     python scripts/extract_responses.py logs/gpt-4o-mini_20260323_151334_responses.jsonl
 9 |     python scripts/extract_responses.py logs/gpt-4o-mini_20260323_151334_responses.jsonl --case alias_trivial
10 |     python scripts/extract_responses.py logs/gpt-4o-mini_20260323_151334_responses.jsonl --case alias_trivial --code-only
   |                                                                                                     ^^^^^^^^^^^^^^^^^^^^^
11 | """
   |

F401 [*] `sys` imported but unused
  --> scripts/extract_responses.py:15:8
   |
13 | import argparse
14 | import json
15 | import sys
   |        ^^^
   |
help: Remove unused import: `sys`

E501 Line too long (110 > 100)
 --> scripts/extraction_correctness_audit.py:7:101
  |
6 | Usage:
7 |     python scripts/extraction_correctness_audit.py --annotations reasoning_evaluator_audit/e1_annotations.json
  |                                                                                                     ^^^^^^^^^^
8 |
9 | annotations JSON format:
  |

E501 Line too long (103 > 100)
  --> scripts/extraction_correctness_audit.py:11:101
   |
 9 | annotations JSON format:
10 | [
11 |     {"case_id": "...", "annotated_e1": "...", "extracted_e1": "...", "match": "MATCH|PARTIAL|MISMATCH"}
   |                                                                                                     ^^^
12 | ]
   |

E501 Line too long (103 > 100)
  --> scripts/extraction_correctness_audit.py:42:101
   |
40 |         for d in mismatches:
41 |             print(
42 |                 f"    {d['case_id']}: annotated={d['annotated_e1']!r}, extracted={d['extracted_e1']!r}"
   |                                                                                                     ^^^
43 |             )
   |

F401 [*] `sys` imported but unused
  --> scripts/leg_ablation_analysis.py:18:8
   |
16 | import json
17 | import os
18 | import sys
   |        ^^^
19 | from collections import defaultdict
20 | from pathlib import Path
   |
help: Remove unused import: `sys`

F401 [*] `collections.defaultdict` imported but unused
  --> scripts/leg_ablation_analysis.py:19:25
   |
17 | import os
18 | import sys
19 | from collections import defaultdict
   |                         ^^^^^^^^^^^
20 | from pathlib import Path
   |
help: Remove unused import: `collections.defaultdict`

E712 Avoid equality comparisons to `True`; use `df["leg_coupling"]:` for truth checks
   --> scripts/leg_ablation_analysis.py:102:12
    |
100 |     # Derive leg_subtype
101 |     df["leg_subtype"] = None
102 |     df.loc[df["leg_coupling"] == True, "leg_subtype"] = "coupling"
    |            ^^^^^^^^^^^^^^^^^^^^^^^^^^
103 |     df.loc[df["leg_execution"] == True, "leg_subtype"] = "execution"
104 |     return df
    |
help: Replace with `df["leg_coupling"]`

E712 Avoid equality comparisons to `True`; use `df["leg_execution"]:` for truth checks
   --> scripts/leg_ablation_analysis.py:103:12
    |
101 |     df["leg_subtype"] = None
102 |     df.loc[df["leg_coupling"] == True, "leg_subtype"] = "coupling"
103 |     df.loc[df["leg_execution"] == True, "leg_subtype"] = "execution"
    |            ^^^^^^^^^^^^^^^^^^^^^^^^^^^
104 |     return df
    |
help: Replace with `df["leg_execution"]`

E712 Avoid equality comparisons to `False`; use `not df["success"]:` for false checks
   --> scripts/leg_ablation_analysis.py:152:20
    |
150 | def compute_failure_breakdown(df):
151 |     """Decompose failures into LEG subtypes."""
152 |     failures = df[(df["success"] == False) & (df["leg_true"].notna())].copy()
    |                    ^^^^^^^^^^^^^^^^^^^^^^
153 |     n_fail = len(failures)
    |
help: Replace with `not df["success"]`

E712 Avoid equality comparisons to `True`; use `failures["leg_true"]:` for truth checks
   --> scripts/leg_ablation_analysis.py:161:21
    |
159 |     leg_coupling = (failures["leg_subtype"] == "coupling").sum()
160 |     leg_execution = (failures["leg_subtype"] == "execution").sum()
161 |     leg_untyped = ((failures["leg_true"] == True) & (failures["leg_subtype"].isna())).sum()
    |                     ^^^^^^^^^^^^^^^^^^^^^^^^^^^^
162 |     non_leg = (failures["leg_true"] == False).sum()
    |
help: Replace with `failures["leg_true"]`

E712 Avoid equality comparisons to `False`; use `not failures["leg_true"]:` for false checks
   --> scripts/leg_ablation_analysis.py:162:16
    |
160 |     leg_execution = (failures["leg_subtype"] == "execution").sum()
161 |     leg_untyped = ((failures["leg_true"] == True) & (failures["leg_subtype"].isna())).sum()
162 |     non_leg = (failures["leg_true"] == False).sum()
    |                ^^^^^^^^^^^^^^^^^^^^^^^^^^^^^
163 |
164 |     print("\n" + "=" * 60)
    |
help: Replace with `not failures["leg_true"]`

E712 Avoid equality comparisons to `True`; use `cf["leg_true"]:` for truth checks
   --> scripts/leg_ablation_analysis.py:203:16
    |
201 |         cf = failures[failures["condition"] == cond]
202 |         n = len(cf)
203 |         leg = (cf["leg_true"] == True).sum()
    |                ^^^^^^^^^^^^^^^^^^^^^^
204 |         print(f"\n  {cond}: {leg}/{n} LEG_true ({leg/n:.1%})")
    |
help: Replace with `cf["leg_true"]`

E712 Avoid equality comparisons to `True`; use `row["leg_true"]:` for truth checks
   --> scripts/leg_ablation_analysis.py:455:39
    |
453 |         current = 0
454 |         for _, row in group.iterrows():
455 |             if not row["success"] and row["leg_true"] == True:
    |                                       ^^^^^^^^^^^^^^^^^^^^^^^
456 |                 current += 1
457 |                 max_streak = max(max_streak, current)
    |
help: Replace with `row["leg_true"]`

E712 Avoid equality comparisons to `True`; use `group["leg_true"]:` for truth checks
   --> scripts/leg_ablation_analysis.py:460:45
    |
458 |             else:
459 |                 current = 0
460 |         leg_count = ((~group["success"]) & (group["leg_true"] == True)).sum()
    |                                             ^^^^^^^^^^^^^^^^^^^^^^^^^
461 |         persistence_rows.append(
462 |             {
    |
help: Replace with `group["leg_true"]`

E712 Avoid equality comparisons to `False`; use `not evaluated["success"]:` for false checks
   --> scripts/leg_ablation_analysis.py:523:26
    |
522 |     # Subtype split
523 |     failures = evaluated[evaluated["success"] == False]
    |                          ^^^^^^^^^^^^^^^^^^^^^^^^^^^^^
524 |     if not failures.empty:
525 |         leg_events = failures[failures["leg_true"] == True]
    |
help: Replace with `not evaluated["success"]`

E712 Avoid equality comparisons to `True`; use `failures["leg_true"]:` for truth checks
   --> scripts/leg_ablation_analysis.py:525:31
    |
523 |     failures = evaluated[evaluated["success"] == False]
524 |     if not failures.empty:
525 |         leg_events = failures[failures["leg_true"] == True]
    |                               ^^^^^^^^^^^^^^^^^^^^^^^^^^^^
526 |         coupling = (leg_events["leg_subtype"] == "coupling").sum()
527 |         execution = (leg_events["leg_subtype"] == "execution").sum()
    |
help: Replace with `failures["leg_true"]`

F841 Local variable `summary` is assigned to but never used
   --> scripts/leg_ablation_analysis.py:575:5
    |
574 |     # Load pre-computed summaries
575 |     summary = load_summary()
    |     ^^^^^^^
576 |     regime_summary = load_regime_summary()
577 |     transitions = load_transitions()
    |
help: Remove assignment to unused variable `summary`

F841 Local variable `regime_summary` is assigned to but never used
   --> scripts/leg_ablation_analysis.py:576:5
    |
574 |     # Load pre-computed summaries
575 |     summary = load_summary()
576 |     regime_summary = load_regime_summary()
    |     ^^^^^^^^^^^^^^
577 |     transitions = load_transitions()
    |
help: Remove assignment to unused variable `regime_summary`

F841 Local variable `evaluated` is assigned to but never used
   --> scripts/leg_ablation_analysis.py:586:5
    |
585 |     # Run all analyses
586 |     evaluated = compute_global_metrics(df)
    |     ^^^^^^^^^
587 |     compute_failure_breakdown(df)
588 |     regime_stats = compute_regime_analysis(df)
    |
help: Remove assignment to unused variable `evaluated`

F401 [*] `collections.Counter` imported but unused
  --> scripts/leg_regime_analysis.py:26:25
   |
24 | import os
25 | import sys
26 | from collections import Counter, defaultdict
   |                         ^^^^^^^
27 | from pathlib import Path
28 | from statistics import mean, stdev
   |
help: Remove unused import: `collections.Counter`

E402 Module level import not at top of file
  --> scripts/leg_regime_analysis.py:33:1
   |
31 | sys.path.insert(0, str(BASE))
32 |
33 | from failure_classifier import FAILURE_TYPE_SET
   | ^^^^^^^^^^^^^^^^^^^^^^^^^^^^^^^^^^^^^^^^^^^^^^^
34 |
35 | # ============================================================
   |

F401 [*] `failure_classifier.FAILURE_TYPE_SET` imported but unused
  --> scripts/leg_regime_analysis.py:33:32
   |
31 | sys.path.insert(0, str(BASE))
32 |
33 | from failure_classifier import FAILURE_TYPE_SET
   |                                ^^^^^^^^^^^^^^^^
34 |
35 | # ============================================================
   |
help: Remove unused import: `failure_classifier.FAILURE_TYPE_SET`

B905 `zip()` without an explicit `strict=` parameter
   --> scripts/leg_regime_analysis.py:327:18
    |
325 |     counts = defaultdict(lambda: defaultdict(int))  # (model, cond) -> {(from, to) -> count}
326 |
327 |     for s, rm in zip(summaries, run_metrics_list):
    |                  ^^^^^^^^^^^^^^^^^^^^^^^^^^^^^^^^
328 |         if not rm["evaluator_enabled"]:
329 |             continue
    |
help: Add explicit value for parameter `strict=`

B007 Loop control variable `ts` not used within loop body
   --> scripts/leg_regime_analysis.py:649:18
    |
647 |         # Row totals for normalization
648 |         row_totals = defaultdict(int)
649 |         for (fs, ts), cnt in pairs.items():
    |                  ^^
650 |             row_totals[fs] += cnt
651 |         for (fs, ts), cnt in sorted(pairs.items()):
    |
help: Rename unused `ts` to `_ts`

F401 [*] `os` imported but unused
  --> scripts/paper_analysis.py:20:8
   |
18 | import argparse
19 | import json
20 | import os
   |        ^^
21 | import sys
22 | from pathlib import Path
   |
help: Remove unused import: `os`

F841 Local variable `stability_df` is assigned to but never used
   --> scripts/paper_analysis.py:632:5
    |
630 |     table_1_core_metrics(case_df, events, output_dir)
631 |     intervention_rows = table_2_intervention_effects(case_df, rng, output_dir)
632 |     stability_df = table_3_stability(case_df, events, output_dir)
    |     ^^^^^^^^^^^^
633 |     print("  Tables saved: table_1.csv through table_3.csv")
    |
help: Remove assignment to unused variable `stability_df`

F541 [*] f-string without any placeholders
   --> scripts/paper_analysis.py:711:11
    |
709 |     print(f"  Figures: {[f'figure_{i}.png' for i in range(1, 6)]}")
710 |     print(f"  Tables: {[f'table_{i}.csv' for i in range(1, 4)]}")
711 |     print(f"  Stats: stats_summary.json")
    |           ^^^^^^^^^^^^^^^^^^^^^^^^^^^^^^
712 |     print(f"  Summary: paper_results_summary.txt")
    |
help: Remove extraneous `f` prefix

F541 [*] f-string without any placeholders
   --> scripts/paper_analysis.py:712:11
    |
710 |     print(f"  Tables: {[f'table_{i}.csv' for i in range(1, 4)]}")
711 |     print(f"  Stats: stats_summary.json")
712 |     print(f"  Summary: paper_results_summary.txt")
    |           ^^^^^^^^^^^^^^^^^^^^^^^^^^^^^^^^^^^^^^^
    |
help: Remove extraneous `f` prefix

E501 Line too long (128 > 100)
   --> scripts/redis_live_dashboard.py:240:101
    |
238 |         for r in by_model:
239 |             lines.append(
240 |                 f"  {r['name']:<22} {r['total']:>5} {r['passed']:>5} {r['pass_rate']:>5.1%} {r['leg']:>5} {r['leg_rate']:>5.1%}"
    |                                                                                                     ^^^^^^^^^^^^^^^^^^^^^^^^^^^^
241 |             )
242 |         lines.append("")
    |

E501 Line too long (128 > 100)
   --> scripts/redis_live_dashboard.py:253:101
    |
251 |         for r in by_cond:
252 |             lines.append(
253 |                 f"  {r['name']:<28} {r['total']:>5} {r['passed']:>5} {r['pass_rate']:>5.1%} {r['leg']:>5} {r['leg_rate']:>5.1%}"
    |                                                                                                     ^^^^^^^^^^^^^^^^^^^^^^^^^^^^
254 |             )
255 |         lines.append("")
    |

E501 Line too long (128 > 100)
   --> scripts/redis_live_dashboard.py:266:101
    |
264 |         for r in by_attempt:
265 |             lines.append(
266 |                 f"  {r['name']:<12} {r['total']:>5} {r['passed']:>5} {r['pass_rate']:>5.1%} {r['leg']:>5} {r['leg_rate']:>5.1%}"
    |                                                                                                     ^^^^^^^^^^^^^^^^^^^^^^^^^^^^
267 |             )
268 |         lines.append("")
    |

E501 Line too long (102 > 100)
   --> scripts/redis_live_dashboard.py:277:101
    |
275 |         for f in top_failures[:8]:
276 |             lines.append(
277 |                 f"  {f['failure_type']:<30} {f['count']:>6} {f['leg_count']:>5} {f['leg_rate']:>5.1%}"
    |                                                                                                     ^^
278 |             )
279 |         lines.append("")
    |

E501 Line too long (128 > 100)
   --> scripts/redis_live_dashboard.py:290:101
    |
288 |         for r in by_diff:
289 |             lines.append(
290 |                 f"  {r['name']:<12} {r['total']:>5} {r['passed']:>5} {r['pass_rate']:>5.1%} {r['leg']:>5} {r['leg_rate']:>5.1%}"
    |                                                                                                     ^^^^^^^^^^^^^^^^^^^^^^^^^^^^
291 |             )
292 |         lines.append("")
    |

F541 [*] f-string without any placeholders
   --> scripts/redis_live_dashboard.py:305:18
    |
303 |         lines.append("")
304 |
305 |     lines.append(f"  [refreshing every {{refresh}}s — Ctrl-C to exit]")
    |                  ^^^^^^^^^^^^^^^^^^^^^^^^^^^^^^^^^^^^^^^^^^^^^^^^^^^^^
306 |     return "\n".join(lines)
    |
help: Remove extraneous `f` prefix

B904 Within an `except` clause, raise exceptions with `raise ... from err` or `raise ... from None` to distinguish them from errors in exception handling
  --> scripts/run_ablation_config.py:17:5
   |
15 |     import yaml
16 | except ImportError:
17 |     raise ImportError("pyyaml is required for config parsing. Install: pip install pyyaml")
   |     ^^^^^^^^^^^^^^^^^^^^^^^^^^^^^^^^^^^^^^^^^^^^^^^^^^^^^^^^^^^^^^^^^^^^^^^^^^^^^^^^^^^^^^^
   |

F401 [*] `os` imported but unused
  --> scripts/run_phase0.py:18:8
   |
16 | import argparse
17 | import json
18 | import os
   |        ^^
19 | import sys
20 | import time
   |
help: Remove unused import: `os`

F401 [*] `time` imported but unused
  --> scripts/run_phase0.py:20:8
   |
18 | import os
19 | import sys
20 | import time
   |        ^^^^
21 | from collections import defaultdict
22 | from datetime import datetime
   |
help: Remove unused import: `time`

I001 [*] Import block is un-sorted or un-formatted
  --> scripts/run_phase0.py:27:1
   |
25 |   sys.path.insert(0, str(Path(__file__).resolve().parents[1]))
26 |
27 | / from experiment_config import load_config, get_config
28 | | from evaluator import llm_classify, parse_classify_output, _CLASSIFY_PROMPT
29 | | from failure_classifier import FAILURE_TYPE_SET
30 | | from runner import load_cases
31 | | from validate_cases_v2 import load_reference_code, load_case_code
   | |_________________________________________________________________^
32 |
33 |   BASE = Path(__file__).resolve().parents[1]
   |
help: Organize imports

F401 [*] `experiment_config.get_config` imported but unused
  --> scripts/run_phase0.py:27:44
   |
25 | sys.path.insert(0, str(Path(__file__).resolve().parents[1]))
26 |
27 | from experiment_config import load_config, get_config
   |                                            ^^^^^^^^^^
28 | from evaluator import llm_classify, parse_classify_output, _CLASSIFY_PROMPT
29 | from failure_classifier import FAILURE_TYPE_SET
   |
help: Remove unused import: `experiment_config.get_config`

F401 [*] `evaluator.parse_classify_output` imported but unused
  --> scripts/run_phase0.py:28:37
   |
27 | from experiment_config import load_config, get_config
28 | from evaluator import llm_classify, parse_classify_output, _CLASSIFY_PROMPT
   |                                     ^^^^^^^^^^^^^^^^^^^^^
29 | from failure_classifier import FAILURE_TYPE_SET
30 | from runner import load_cases
   |
help: Remove unused import

F401 [*] `evaluator._CLASSIFY_PROMPT` imported but unused
  --> scripts/run_phase0.py:28:60
   |
27 | from experiment_config import load_config, get_config
28 | from evaluator import llm_classify, parse_classify_output, _CLASSIFY_PROMPT
   |                                                            ^^^^^^^^^^^^^^^^
29 | from failure_classifier import FAILURE_TYPE_SET
30 | from runner import load_cases
   |
help: Remove unused import

F401 [*] `failure_classifier.FAILURE_TYPE_SET` imported but unused
  --> scripts/run_phase0.py:29:32
   |
27 | from experiment_config import load_config, get_config
28 | from evaluator import llm_classify, parse_classify_output, _CLASSIFY_PROMPT
29 | from failure_classifier import FAILURE_TYPE_SET
   |                                ^^^^^^^^^^^^^^^^
30 | from runner import load_cases
31 | from validate_cases_v2 import load_reference_code, load_case_code
   |
help: Remove unused import: `failure_classifier.FAILURE_TYPE_SET`

F401 [*] `validate_cases_v2.load_case_code` imported but unused
  --> scripts/run_phase0.py:31:52
   |
29 | from failure_classifier import FAILURE_TYPE_SET
30 | from runner import load_cases
31 | from validate_cases_v2 import load_reference_code, load_case_code
   |                                                    ^^^^^^^^^^^^^^
32 |
33 | BASE = Path(__file__).resolve().parents[1]
   |
help: Remove unused import: `validate_cases_v2.load_case_code`

E501 Line too long (121 > 100)
   --> scripts/run_phase0.py:217:101
    |
215 |         (
216 |             "alias_config_a",
217 |             "create_config returns a reference to DEFAULTS instead of a copy, so caller mutations corrupt shared state.",
    |                                                                                                     ^^^^^^^^^^^^^^^^^^^^^
218 |         ),
219 |         (
    |

E501 Line too long (109 > 100)
   --> scripts/run_phase0.py:221:101
    |
219 |         (
220 |             "mutable_default_a",
221 |             "enqueue uses a mutable default argument (queue=[]), so the same list accumulates across calls.",
    |                                                                                                     ^^^^^^^^^
222 |         ),
223 |         (
    |

E501 Line too long (121 > 100)
   --> scripts/run_phase0.py:225:101
    |
223 |         (
224 |             "stale_cache_a",
225 |             "update_product modifies the DB but does not invalidate the cache entry, so get_product returns stale data.",
    |                                                                                                     ^^^^^^^^^^^^^^^^^^^^^
226 |         ),
227 |         (
    |

E501 Line too long (106 > 100)
   --> scripts/run_phase0.py:269:101
    |
268 |     print(
269 |         f"\n  P0-2 SUMMARY: {'ALL YES — PASS' if all_yes else 'CONTROL FAILED — CLASSIFIER DISQUALIFIED'}"
    |                                                                                                     ^^^^^^
270 |     )
    |

E501 Line too long (381 > 100)
   --> scripts/run_phase0.py:287:101
    |
285 | …
286 | …
287 | …em clock wraps around at midnight, the configuration values become negative, causing assertion failures in downstream consumers. The fix is to add modular arithmetic to handle the wrap-around case and normalize all timeout values to positive integers before returning them to callers.",
    |       ^^^^^^^^^^^^^^^^^^^^^^^^^^^^^^^^^^^^^^^^^^^^^^^^^^^^^^^^^^^^^^^^^^^^^^^^^^^^^^^^^^^^^^^^^^^^^^^^^^^^^^^^^^^^^^^^^^^^^^^^^^^^^^^^^^^^^^^^^^^^^^^^^^^^^^^^^^^^^^^^^^^^^^^^^^^^^^^^^^^^^^^^^^^^^^^^^^^^^^^^^^^^^^^^^^^^^^^^^^^^^^^^^^^^^^^^^^^^^^^^^^^^^^^^^^^^^^^^^^^^^^^^^^^^^^^^^^^^^^^^^
288 | …
289 | …
    |

E501 Line too long (317 > 100)
   --> scripts/run_phase0.py:291:101
    |
289 | …
290 | …
291 | …imultaneously, the GIL does not protect the list append operation, causing items to be silently dropped. The fix is to add a threading lock around the critical section and use a thread-safe deque instead of a plain list.",
    |       ^^^^^^^^^^^^^^^^^^^^^^^^^^^^^^^^^^^^^^^^^^^^^^^^^^^^^^^^^^^^^^^^^^^^^^^^^^^^^^^^^^^^^^^^^^^^^^^^^^^^^^^^^^^^^^^^^^^^^^^^^^^^^^^^^^^^^^^^^^^^^^^^^^^^^^^^^^^^^^^^^^^^^^^^^^^^^^^^^^^^^^^^^^^^^^^^^^^^^^^^^^^^^^^^^^^^^^^^^
292 | …
293 | …
    |

E501 Line too long (301 > 100)
   --> scripts/run_phase0.py:295:101
    |
293 | …
294 | …
295 | …on for every call but never closes it. After 100 calls, the pool is full and subsequent requests hang. The fix is to implement connection pooling with a context manager that returns connections after use.",
    |       ^^^^^^^^^^^^^^^^^^^^^^^^^^^^^^^^^^^^^^^^^^^^^^^^^^^^^^^^^^^^^^^^^^^^^^^^^^^^^^^^^^^^^^^^^^^^^^^^^^^^^^^^^^^^^^^^^^^^^^^^^^^^^^^^^^^^^^^^^^^^^^^^^^^^^^^^^^^^^^^^^^^^^^^^^^^^^^^^^^^^^^^^^^^^^^^^^^^^^^^^^
296 | …
297 | …
    |

E501 Line too long (258 > 100)
   --> scripts/run_phase0.py:299:101
    |
297 | …
298 | …
299 | … creation. Attempting to modify any field raises a TypeError. The fix is to convert the frozen dict to a regular dict before updates and re-freeze it afterwards.",
    |       ^^^^^^^^^^^^^^^^^^^^^^^^^^^^^^^^^^^^^^^^^^^^^^^^^^^^^^^^^^^^^^^^^^^^^^^^^^^^^^^^^^^^^^^^^^^^^^^^^^^^^^^^^^^^^^^^^^^^^^^^^^^^^^^^^^^^^^^^^^^^^^^^^^^^^^^^^^^^^^
300 | …
301 | …
    |

E501 Line too long (307 > 100)
   --> scripts/run_phase0.py:303:101
    |
301 | …
302 | …
303 | …st local time. In timezones west of UTC, this causes the limiter to expire entries too early, and in eastern timezones, entries persist too long. The fix is to normalize all timestamps to UTC before comparison.",
    |       ^^^^^^^^^^^^^^^^^^^^^^^^^^^^^^^^^^^^^^^^^^^^^^^^^^^^^^^^^^^^^^^^^^^^^^^^^^^^^^^^^^^^^^^^^^^^^^^^^^^^^^^^^^^^^^^^^^^^^^^^^^^^^^^^^^^^^^^^^^^^^^^^^^^^^^^^^^^^^^^^^^^^^^^^^^^^^^^^^^^^^^^^^^^^^^^^^^^^^^^^^^^^^^^
304 | …
305 | …
    |

E501 Line too long (104 > 100)
   --> scripts/run_phase0.py:339:101
    |
338 |     print(
339 |         f"\n  P0-3 SUMMARY: {'ALL NO — PASS' if all_no else 'CONTROL FAILED — CLASSIFIER DISQUALIFIED'}"
    |                                                                                                     ^^^^
340 |     )
    |

F541 [*] f-string without any placeholders
   --> scripts/run_phase0.py:354:11
    |
352 | def run_p0_6(dry_run=False):
353 |     """H3: Count parse failures across conditions in existing run data."""
354 |     print(f"\n=== P0-6: Parse Failure Census ===")
    |           ^^^^^^^^^^^^^^^^^^^^^^^^^^^^^^^^^^^^^^^
355 |
356 |     run_dir = BASE / "logs" / "ablation_runs" / "run_gpt-5.4-mini_t1_169e3bcd"
    |
help: Remove extraneous `f` prefix

B007 Loop control variable `run` not used within loop body
   --> scripts/run_phase0.py:429:13
    |
428 |         verdicts = []
429 |         for run in range(n_runs):
    |             ^^^
430 |             if not dry_run:
431 |                 r = _classify(case, ref_code, bl_reasoning, "P0-STAB")
    |
help: Rename unused `run` to `_run`

F401 [*] `collections.Counter` imported but unused
  --> scripts/shadow_analysis.py:14:25
   |
12 | import json
13 | import sys
14 | from collections import Counter, defaultdict
   |                         ^^^^^^^
15 | from pathlib import Path
16 | from statistics import mean
   |
help: Remove unused import: `collections.Counter`

F401 [*] `statistics.mean` imported but unused
  --> scripts/shadow_analysis.py:16:24
   |
14 | from collections import Counter, defaultdict
15 | from pathlib import Path
16 | from statistics import mean
   |                        ^^^^
   |
help: Remove unused import: `statistics.mean`

F541 [*] f-string without any placeholders
   --> scripts/shadow_analysis.py:143:15
    |
141 |     # Delta: adaptive vs no_contract
142 |     if "retry_adaptive" in conditions and "retry_no_contract" in conditions:
143 |         print(f"\nDELTA (adaptive - no_contract) by failure type:")
    |               ^^^^^^^^^^^^^^^^^^^^^^^^^^^^^^^^^^^^^^^^^^^^^^^^^^^^
144 |         for ft in all_types:
145 |             adapt = failure_type_recovery[ft].get("retry_adaptive", {"pass": 0, "total": 0})
    |
help: Remove extraneous `f` prefix

E501 Line too long (101 > 100)
   --> scripts/shadow_analysis.py:152:101
    |
150 |             if adapt["total"] > 0 or nocon["total"] > 0:
151 |                 print(
152 |                     f"  {ft:<25} P(adapt)={p_adapt:.2f}  P(no_con)={p_nocon:.2f}  delta={delta:+.2f}"
    |                                                                                                     ^
153 |                 )
    |

E501 Line too long (115 > 100)
  --> scripts/update_dashboards.py:66:101
   |
64 |     print(f"Dashboard updater started: {len(models)} models, refresh={args.refresh}s")
65 |     print(
66 |         f"  total_jobs_per_model = {args.n_cases} × {args.n_conditions} × {args.n_trials} = {total_jobs_per_model}"
   |                                                                                                     ^^^^^^^^^^^^^^^
67 |     )
   |

E501 Line too long (140 > 100)
  --> scripts/validate_smoke.py:12:101
   |
11 | …
12 | …ir logs/ablation_runs/gate_xxx --cases cases_v2.json --canary alias_config_a --verbose
   |                                                ^^^^^^^^^^^^^^^^^^^^^^^^^^^^^^^^^^^^^^^^
13 | …
   |

F401 [*] `json` imported but unused
  --> scripts/validate_smoke.py:16:8
   |
15 | import argparse
16 | import json
   |        ^^^^
17 | import sys
18 | from pathlib import Path
   |
help: Remove unused import: `json`

I001 [*] Import block is un-sorted or un-formatted
  --> scripts/validate_smoke.py:27:5
   |
25 |   def validate_evaluator_sanity(canary_id: str, cases_file: str) -> bool:
26 |       """Run reference fix for canary through exec_evaluate. $0 cost."""
27 | /     from runner import load_cases
28 | |     from exec_eval import exec_evaluate
29 | |     from validate_cases_v2 import load_reference_code
   | |_____________________________________________________^
30 |
31 |       cases = load_cases(cases_file=cases_file)
   |
help: Organize imports

B007 Loop control variable `name` not used within loop body
   --> templates.py:420:9
    |
419 |     # 3. Validate template logic rules
420 |     for name, spec in TEMPLATE_REGISTRY.items():
    |         ^^^^
421 |         validate_template_allowed_logic(BASE_DIR / spec.path)
    |
help: Rename unused `name` to `_name`

I001 [*] Import block is un-sorted or un-formatted
  --> tests/conftest.py:6:1
   |
 4 |   """
 5 |
 6 | / import sys
 7 | | import os
 8 | | from pathlib import Path
   | |________________________^
 9 |
10 |   # Ensure imports work
   |
help: Organize imports

I001 [*] Import block is un-sorted or un-formatted
  --> tests/conftest.py:28:5
   |
26 |     Cleans up after each test.
27 |     """
28 |     from execution import get_current_log_path, init_run_log, close_run_log
   |     ^^^^^^^^^^^^^^^^^^^^^^^^^^^^^^^^^^^^^^^^^^^^^^^^^^^^^^^^^^^^^^^^^^^^^^^
29 |
30 |     # If a logger is already active (from a test that manually created one), skip
   |
help: Organize imports

I001 [*] Import block is un-sorted or un-formatted
  --> tests/test_ablation_infra.py:7:1
   |
 5 |   """
 6 |
 7 | / import json
 8 | | import os
 9 | | import tempfile
10 | | from pathlib import Path
11 | | from unittest.mock import patch
12 | |
13 | | import pytest
14 | |
15 | | import sys
   | |__________^
16 |
17 |   sys.path.insert(0, str(Path(__file__).resolve().parents[1]))
   |
help: Organize imports

F401 [*] `os` imported but unused
  --> tests/test_ablation_infra.py:8:8
   |
 7 | import json
 8 | import os
   |        ^^
 9 | import tempfile
10 | from pathlib import Path
   |
help: Remove unused import: `os`

F401 [*] `tempfile` imported but unused
  --> tests/test_ablation_infra.py:9:8
   |
 7 | import json
 8 | import os
 9 | import tempfile
   |        ^^^^^^^^
10 | from pathlib import Path
11 | from unittest.mock import patch
   |
help: Remove unused import: `tempfile`

I001 [*] Import block is un-sorted or un-formatted
  --> tests/test_ablation_infra.py:19:1
   |
17 |   sys.path.insert(0, str(Path(__file__).resolve().parents[1]))
18 |
19 | / from live_metrics import (
20 | |     emit_event,
21 | |     read_events_safe,
22 | |     aggregate_model_events,
23 | |     compute_trial_progress,
24 | |     compute_metrics,
25 | |     write_dashboard,
26 | | )
   | |_^
   |
help: Organize imports

E741 Ambiguous variable name: `l`
   --> tests/test_ablation_infra.py:113:24
    |
112 |         content = path.read_text()
113 |         lines = [l for l in content.split("\n") if l.strip()]
    |                        ^
114 |         assert len(lines) == 1
115 |         written = json.loads(lines[0])
    |

E741 Ambiguous variable name: `l`
   --> tests/test_ablation_infra.py:140:24
    |
139 |         content = path.read_text()
140 |         lines = [l for l in content.split("\n") if l.strip()]
    |                        ^
141 |         assert len(lines) == 5
142 |         for line in lines:
    |

I001 [*] Import block is un-sorted or un-formatted
 --> tests/test_all_conditions.py:3:1
  |
1 |   """Tier 2 (T2.6): All conditions execute for one case without crashes."""
2 |
3 | / import sys
4 | | import os
5 | | from pathlib import Path
  | |________________________^
6 |
7 |   sys.path.insert(0, str(Path(__file__).resolve().parents[1]))
  |
help: Organize imports

I001 [*] Import block is un-sorted or un-formatted
  --> tests/test_all_conditions.py:10:1
   |
 8 |   os.environ["OPENAI_API_KEY"] = "sk-dummy"
 9 |
10 | / import json
11 | | from runner import ALL_CONDITIONS
12 | | from execution import run_single as _run_single, run_repair_loop as _run_repair_loop
   | |____________________________________________________________________________________^
13 |
14 |   BASE = Path(__file__).resolve().parents[1]
   |
help: Organize imports

F841 Local variable `unique_scores` is assigned to but never used
  --> tests/test_all_conditions.py:52:5
   |
51 |     # At least 2 conditions should produce different scores (system is not trivial)
52 |     unique_scores = set(results.values())
   |     ^^^^^^^^^^^^^
53 |     # This is a soft check — mock mode may produce identical scores
54 |     # but we at least verify no crashes and structured output
   |
help: Remove assignment to unused variable `unique_scores`

I001 [*] Import block is un-sorted or un-formatted
  --> tests/test_assembly.py:26:1
   |
24 | os.environ.setdefault("OPENAI_API_KEY", "sk-dummy")
25 |
26 | from exec_eval import exec_evaluate, _assemble_program
   | ^^^^^^^^^^^^^^^^^^^^^^^^^^^^^^^^^^^^^^^^^^^^^^^^^^^^^^
27 |
28 | BASE = Path(__file__).resolve().parents[1]
   |
help: Organize imports

I001 [*] Import block is un-sorted or un-formatted
  --> tests/test_assembly_engine.py:12:1
   |
10 |   """
11 |
12 | / import os
13 | | import sys
14 | | import pytest
   | |_____________^
15 |
16 |   sys.path.insert(0, os.path.join(os.path.dirname(__file__), ".."))
   |
help: Organize imports

I001 [*] Import block is un-sorted or un-formatted
   --> tests/test_assembly_engine.py:156:9
    |
155 |       def test_missing_variable_raises(self):
156 | /         from assembly_engine import build
157 | |         from jinja2 import UndefinedError
    | |_________________________________________^
158 |
159 |           with pytest.raises(UndefinedError, match="code_files_block"):
    |
help: Organize imports

I001 [*] Import block is un-sorted or un-formatted
   --> tests/test_assembly_engine.py:175:9
    |
174 |       def test_registry_not_loaded_raises(self):
175 | /         from prompt_registry import _reset_for_testing
176 | |         from assembly_engine import build
    | |_________________________________________^
177 |
178 |           _reset_for_testing()
    |
help: Organize imports

B905 `zip()` without an explicit `strict=` parameter
   --> tests/test_assembly_engine.py:278:64
    |
276 |             f"CLASSIFIER EQUIVALENCE FAILURE:\n"
277 |             f"Old len={len(old_prompt)}, New len={len(result.final_prompt)}\n"
278 |             f"First diff at: {next((i for i,(a,b) in enumerate(zip(old_prompt, result.final_prompt)) if a!=b), 'lengths differ')}"
    |                                                                ^^^^^^^^^^^^^^^^^^^^^^^^^^^^^^^^^^^^
279 |         )
    |
help: Add explicit value for parameter `strict=`

E501 Line too long (130 > 100)
   --> tests/test_assembly_engine.py:278:101
    |
276 |             f"CLASSIFIER EQUIVALENCE FAILURE:\n"
277 |             f"Old len={len(old_prompt)}, New len={len(result.final_prompt)}\n"
278 |             f"First diff at: {next((i for i,(a,b) in enumerate(zip(old_prompt, result.final_prompt)) if a!=b), 'lengths differ')}"
    |                                                                                                     ^^^^^^^^^^^^^^^^^^^^^^^^^^^^^^
279 |         )
    |

I001 [*] Import block is un-sorted or un-formatted
   --> tests/test_assembly_engine.py:283:9
    |
281 |       def test_diagnostic_nudge_equivalence(self):
282 |           """AssemblyEngine task+code+nudge must match build_base_prompt + nudge text."""
283 | /         from assembly_engine import build
284 | |         from prompts import build_base_prompt, DIAGNOSTIC_NUDGES, _format_code_files
    | |____________________________________________________________________________________^
285 |
286 |           task = "Fix the caching bug."
    |
help: Organize imports

I001 [*] Import block is un-sorted or un-formatted
  --> tests/test_audit_logging.py:8:1
   |
 6 |   """
 7 |
 8 | / import json
 9 | | import os
10 | | import sys
11 | | import pytest
12 | | from pathlib import Path
   | |________________________^
13 |
14 |   sys.path.insert(0, os.path.join(os.path.dirname(__file__), ".."))
   |
help: Organize imports

F401 [*] `pytest` imported but unused
  --> tests/test_audit_logging.py:11:8
   |
 9 | import os
10 | import sys
11 | import pytest
   |        ^^^^^^
12 | from pathlib import Path
   |
help: Remove unused import: `pytest`

F401 [*] `pathlib.Path` imported but unused
  --> tests/test_audit_logging.py:12:21
   |
10 | import sys
11 | import pytest
12 | from pathlib import Path
   |                     ^^^^
13 |
14 | sys.path.insert(0, os.path.join(os.path.dirname(__file__), ".."))
   |
help: Remove unused import: `pathlib.Path`

I001 [*] Import block is un-sorted or un-formatted
  --> tests/test_backward_compatibility.py:12:1
   |
10 |   os.environ["OPENAI_API_KEY"] = "sk-dummy"
11 |
12 | / from execution import run_single as _run_single, build_prompt as _build_prompt
13 | | from runner import load_cases
   | |_____________________________^
   |
help: Organize imports

F401 [*] `tempfile` imported but unused
  --> tests/test_call_logger.py:9:8
   |
 7 | import os
 8 | import sys
 9 | import tempfile
   |        ^^^^^^^^
10 | from pathlib import Path
   |
help: Remove unused import: `tempfile`

F401 [*] `pathlib.Path` imported but unused
  --> tests/test_call_logger.py:10:21
   |
 8 | import sys
 9 | import tempfile
10 | from pathlib import Path
   |                     ^^^^
11 |
12 | import pytest
   |
help: Remove unused import: `pathlib.Path`

I001 [*] Import block is un-sorted or un-formatted
  --> tests/test_call_logger.py:16:1
   |
14 |   sys.path.insert(0, os.path.join(os.path.dirname(__file__), ".."))
15 |
16 | / from call_logger import (
17 | |     init_call_logger,
18 | |     close_call_logger,
19 | |     emit_call,
20 | |     set_call_context,
21 | |     get_call_count,
22 | | )
   | |_^
   |
help: Organize imports

B007 Loop control variable `i` not used within loop body
   --> tests/test_call_logger.py:191:13
    |
189 |     def test_count_tracks(self, run_dir):
190 |         assert get_call_count() == 0
191 |         for i in range(7):
    |             ^
192 |             emit_call(model="m", prompt_raw="p", response_raw="r", elapsed_seconds=0.1)
193 |         assert get_call_count() == 7
    |
help: Rename unused `i` to `_i`

B007 Loop control variable `i` not used within loop body
   --> tests/test_call_logger.py:197:13
    |
195 |     def test_close_returns_count(self, tmp_path):
196 |         init_call_logger(tmp_path)
197 |         for i in range(3):
    |             ^
198 |             emit_call(model="m", prompt_raw="p", response_raw="r", elapsed_seconds=0.1)
199 |         count = close_call_logger()
    |
help: Rename unused `i` to `_i`

I001 [*] Import block is un-sorted or un-formatted
  --> tests/test_canonical_pipeline.py:6:1
   |
 4 |   """
 5 |
 6 | / import inspect
 7 | | import os
 8 | | import sys
 9 | | import pytest
   | |_____________^
10 |
11 |   sys.path.insert(0, os.path.join(os.path.dirname(__file__), ".."))
   |
help: Organize imports

I001 [*] Import block is un-sorted or un-formatted
  --> tests/test_condition_compatibility.py:24:1
   |
22 |   os.environ.setdefault("OPENAI_API_KEY", "sk-dummy")
23 |
24 | / from condition_registry import (
25 | |     CONDITION_SPECS,
26 | |     check_compatibility,
27 | |     validate_run,
28 | |     get_safe_conditions,
29 | |     get_condition_sets,
30 | | )
   | |_^
31 |
32 |   BASE = Path(__file__).resolve().parents[1]
   |
help: Organize imports

I001 [*] Import block is un-sorted or un-formatted
   --> tests/test_condition_compatibility.py:143:9
    |
141 |       def test_apply_diagnostic_crashes_on_unmapped(self):
142 |           """apply_diagnostic must raise RuntimeError for unmapped case."""
143 | /         from nudges.router import apply_diagnostic
144 | |         from nudges.mapping import CASE_TO_OPERATORS
    | |____________________________________________________^
145 |
146 |           unmapped = [c for c in _ALL_CASES if c["id"] not in CASE_TO_OPERATORS]
    |
help: Organize imports

I001 [*] Import block is un-sorted or un-formatted
   --> tests/test_condition_compatibility.py:152:9
    |
151 |       def test_apply_guardrail_crashes_on_unmapped(self):
152 | /         from nudges.router import apply_guardrail
153 | |         from nudges.mapping import CASE_TO_OPERATORS
    | |____________________________________________________^
154 |
155 |           unmapped = [c for c in _ALL_CASES if c["id"] not in CASE_TO_OPERATORS]
    |
help: Organize imports

I001 [*] Import block is un-sorted or un-formatted
   --> tests/test_condition_compatibility.py:162:9
    |
160 |       def test_diagnostic_never_returns_base_prompt(self):
161 |           """For mapped cases, diagnostic must actually modify the prompt."""
162 | /         from nudges.router import apply_diagnostic
163 | |         from nudges.mapping import CASE_TO_OPERATORS
    | |____________________________________________________^
164 |
165 |           base = "This is the base prompt for testing."
    |
help: Organize imports

I001 [*] Import block is un-sorted or un-formatted
 --> tests/test_conditions_exist.py:8:1
  |
6 | sys.path.insert(0, str(Path(__file__).resolve().parents[1]))
7 |
8 | from runner import ALL_CONDITIONS, VALID_CONDITIONS, COND_LABELS, COND_DESCRIPTIONS
  | ^^^^^^^^^^^^^^^^^^^^^^^^^^^^^^^^^^^^^^^^^^^^^^^^^^^^^^^^^^^^^^^^^^^^^^^^^^^^^^^^^^^
  |
help: Organize imports

I001 [*] Import block is un-sorted or un-formatted
 --> tests/test_config.py:3:1
  |
1 |   """Tests for config.py — loading, validation, structural invariants."""
2 |
3 | / import copy
4 | | import os
5 | | import sys
6 | | import pytest
7 | | import yaml
  | |___________^
8 |
9 |   sys.path.insert(0, os.path.join(os.path.dirname(__file__), ".."))
  |
help: Organize imports

F401 [*] `copy` imported but unused
 --> tests/test_config.py:3:8
  |
1 | """Tests for config.py — loading, validation, structural invariants."""
2 |
3 | import copy
  |        ^^^^
4 | import os
5 | import sys
  |
help: Remove unused import: `copy`

I001 [*] Import block is un-sorted or un-formatted
  --> tests/test_config.py:11:1
   |
 9 |   sys.path.insert(0, os.path.join(os.path.dirname(__file__), ".."))
10 |
11 | / from config import (
12 | |     load_config,
13 | |     _validate_and_build,
14 | |     ConfigError,
15 | |     ExperimentConfig,
16 | |     ConditionConfig,
17 | |     RetryConfig,
18 | |     log_resolved_config,
19 | |     get_template_for_condition,
20 | | )
   | |_^
   |
help: Organize imports

F401 [*] `config.load_config` imported but unused
  --> tests/test_config.py:12:5
   |
11 | from config import (
12 |     load_config,
   |     ^^^^^^^^^^^
13 |     _validate_and_build,
14 |     ConfigError,
   |
help: Remove unused import

F401 [*] `config.ExperimentConfig` imported but unused
  --> tests/test_config.py:15:5
   |
13 |     _validate_and_build,
14 |     ConfigError,
15 |     ExperimentConfig,
   |     ^^^^^^^^^^^^^^^^
16 |     ConditionConfig,
17 |     RetryConfig,
   |
help: Remove unused import

F401 [*] `pytest` imported but unused
 --> tests/test_constants.py:3:8
  |
1 | """Tests for constants.py — condition names, labels, and categories."""
2 |
3 | import pytest
  |        ^^^^^^
  |
help: Remove unused import: `pytest`

I001 [*] Import block is un-sorted or un-formatted
  --> tests/test_constants.py:26:5
   |
25 |   def test_condition_categories_exhaustive():
26 | /     from constants import (
27 | |         VALID_CONDITIONS,
28 | |         RETRY_CONDITIONS,
29 | |         MULTISTEP_CONDITIONS,
30 | |         SIMPLE_CONDITIONS,
31 | |     )
   | |_____^
32 |
33 |       assert RETRY_CONDITIONS | MULTISTEP_CONDITIONS | SIMPLE_CONDITIONS == VALID_CONDITIONS
   |
help: Organize imports

I001 [*] Import block is un-sorted or un-formatted
  --> tests/test_constants.py:37:5
   |
36 | def test_condition_categories_non_overlapping():
37 |     from constants import RETRY_CONDITIONS, MULTISTEP_CONDITIONS, SIMPLE_CONDITIONS
   |     ^^^^^^^^^^^^^^^^^^^^^^^^^^^^^^^^^^^^^^^^^^^^^^^^^^^^^^^^^^^^^^^^^^^^^^^^^^^^^^^
38 |
39 |     assert not (RETRY_CONDITIONS & MULTISTEP_CONDITIONS)
   |
help: Organize imports

I001 [*] Import block is un-sorted or un-formatted
  --> tests/test_contract_gated.py:6:1
   |
 4 |   """
 5 |
 6 | / import sys
 7 | | import os
 8 | | import json
 9 | | from pathlib import Path
   | |________________________^
10 |
11 |   sys.path.insert(0, str(Path(__file__).resolve().parents[1]))
   |
help: Organize imports

I001 [*] Import block is un-sorted or un-formatted
  --> tests/test_contract_gated.py:21:5
   |
20 | def test_parse_valid_contract():
21 |     from contract import parse_contract, ALLOWED_EFFECTS
   |     ^^^^^^^^^^^^^^^^^^^^^^^^^^^^^^^^^^^^^^^^^^^^^^^^^^^^
22 |
23 |     raw = json.dumps(
   |
help: Organize imports

F401 [*] `contract.ALLOWED_EFFECTS` imported but unused
  --> tests/test_contract_gated.py:21:42
   |
20 | def test_parse_valid_contract():
21 |     from contract import parse_contract, ALLOWED_EFFECTS
   |                                          ^^^^^^^^^^^^^^^
22 |
23 |     raw = json.dumps(
   |
help: Remove unused import: `contract.ALLOWED_EFFECTS`

E501 Line too long (127 > 100)
  --> tests/test_contract_gated.py:51:101
   |
49 |     from contract import parse_contract
50 |
51 |     raw = 'Here is the contract:\n```json\n{"root_cause":"x","must_change":[],"must_not_change":[],"required_effects":[]}\n```'
   |                                                                                                     ^^^^^^^^^^^^^^^^^^^^^^^^^^^
52 |     c = parse_contract(raw)
53 |     assert c is not None
   |

F841 Local variable `ordering_violations` is assigned to but never used
   --> tests/test_contract_gated.py:351:5
    |
349 |     r = validate(contract, code, "")
350 |     # Unresolvable is NOT a violation
351 |     ordering_violations = [v for v in r["violations"] if "ORDERING" in v]
    |     ^^^^^^^^^^^^^^^^^^^
352 |     # write_cache not found is a violation, but unknown_op_xyz not found is not
353 |     assert not any("unknown_op_xyz" in v for v in r["violations"])
    |
help: Remove assignment to unused variable `ordering_violations`

I001 [*] Import block is un-sorted or un-formatted
   --> tests/test_contract_gated.py:510:5
    |
509 | def test_condition_registered():
510 |     from runner import ALL_CONDITIONS, VALID_CONDITIONS, COND_LABELS
    |     ^^^^^^^^^^^^^^^^^^^^^^^^^^^^^^^^^^^^^^^^^^^^^^^^^^^^^^^^^^^^^^^^
511 |
512 |     assert "contract_gated" in ALL_CONDITIONS
    |
help: Organize imports

I001 [*] Import block is un-sorted or un-formatted
  --> tests/test_easy_cases.py:11:1
   |
 9 |   """
10 |
11 | / import sys
12 | | import os
13 | | import json
14 | | from pathlib import Path
   | |________________________^
15 |
16 |   sys.path.insert(0, str(Path(__file__).resolve().parents[1]))
   |
help: Organize imports

E501 Line too long (112 > 100)
   --> tests/test_easy_cases.py:134:101
    |
132 |         "    total_before = get_total(src, dst)\n"
133 |         "    transfer(src, dst, amount)\n"
134 |         "    return {'transferred': amount, 'total_before': total_before, 'total_after': get_total(src, dst)}\n"
    |                                                                                                     ^^^^^^^^^^^^
135 |     )
136 |     r = exec_evaluate(case, broken)
    |

I001 [*] Import block is un-sorted or un-formatted
  --> tests/test_eval_integration.py:23:1
   |
21 |   os.environ.setdefault("OPENAI_API_KEY", "sk-dummy")
22 |
23 | / from exec_eval import (
24 | |     _CASE_TESTS,
25 | |     _load_v2_test,
26 | |     load_module_from_code,
27 | |     exec_evaluate,
28 | | )
   | |_^
29 |
30 |   BASE = Path(__file__).resolve().parents[1]
   |
help: Organize imports

E402 Module level import not at top of file
  --> tests/test_evaluator_correctness.py:17:1
   |
15 | sys.path.insert(0, str(BASE))
16 |
17 | from exec_eval import exec_evaluate, load_module_from_code, _load_v2_test, _assemble_program
   | ^^^^^^^^^^^^^^^^^^^^^^^^^^^^^^^^^^^^^^^^^^^^^^^^^^^^^^^^^^^^^^^^^^^^^^^^^^^^^^^^^^^^^^^^^^^^
18 | from validate_cases_v2 import load_reference_code, load_case_code
   |

I001 [*] Import block is un-sorted or un-formatted
  --> tests/test_evaluator_correctness.py:17:1
   |
15 |   sys.path.insert(0, str(BASE))
16 |
17 | / from exec_eval import exec_evaluate, load_module_from_code, _load_v2_test, _assemble_program
18 | | from validate_cases_v2 import load_reference_code, load_case_code
   | |_________________________________________________________________^
   |
help: Organize imports

E402 Module level import not at top of file
  --> tests/test_evaluator_correctness.py:18:1
   |
17 | from exec_eval import exec_evaluate, load_module_from_code, _load_v2_test, _assemble_program
18 | from validate_cases_v2 import load_reference_code, load_case_code
   | ^^^^^^^^^^^^^^^^^^^^^^^^^^^^^^^^^^^^^^^^^^^^^^^^^^^^^^^^^^^^^^^^^
   |

I001 [*] Import block is un-sorted or un-formatted
  --> tests/test_evaluator_fixes.py:6:1
   |
 4 |   """
 5 |
 6 | / import json
 7 | | import os
 8 | | import sys
 9 | | import pytest
10 | | from unittest.mock import patch, MagicMock
   | |__________________________________________^
11 |
12 |   sys.path.insert(0, os.path.join(os.path.dirname(__file__), ".."))
   |
help: Organize imports

I001 [*] Import block is un-sorted or un-formatted
  --> tests/test_evaluator_fixes.py:14:1
   |
12 |   sys.path.insert(0, os.path.join(os.path.dirname(__file__), ".."))
13 |
14 | / from evaluator import (
15 | |     llm_classify,
16 | |     classify_parse_category,
17 | |     _CLASSIFICATION_DISALLOWED,
18 | | )
   | |_^
   |
help: Organize imports

F841 Local variable `result` is assigned to but never used
  --> tests/test_evaluator_fixes.py:64:13
   |
62 |         with patch("evaluator.call_model") as mock_call:
63 |             mock_call.return_value = "YES ; HIDDEN_DEPENDENCY"
64 |             result = llm_classify(
   |             ^^^^^^
65 |                 case={"id": "test", "task": "fix bug"},
66 |                 code="def f(): pass",
   |
help: Remove assignment to unused variable `result`

F841 Local variable `result` is assigned to but never used
  --> tests/test_evaluator_fixes.py:81:13
   |
79 |         with patch("evaluator.call_model") as mock_call:
80 |             mock_call.return_value = "YES ; HIDDEN_DEPENDENCY"
81 |             result = llm_classify(
   |             ^^^^^^
82 |                 case={"id": "test", "task": "fix bug"},
83 |                 code="def f(): pass",
   |
help: Remove assignment to unused variable `result`

F841 Local variable `result` is assigned to but never used
   --> tests/test_evaluator_fixes.py:188:13
    |
186 |         with patch("evaluator.call_model") as mock_call:
187 |             mock_call.return_value = "NO ; UNKNOWN"
188 |             result = llm_classify(
    |             ^^^^^^
189 |                 case={"id": "test", "task": "fix"},
190 |                 code="def f(): pass",
    |
help: Remove assignment to unused variable `result`

I001 [*] Import block is un-sorted or un-formatted
 --> tests/test_execution_runs.py:8:1
  |
6 | sys.path.insert(0, str(Path(__file__).resolve().parents[1]))
7 |
8 | from exec_eval import exec_evaluate, load_module_from_code, extract_code
  | ^^^^^^^^^^^^^^^^^^^^^^^^^^^^^^^^^^^^^^^^^^^^^^^^^^^^^^^^^^^^^^^^^^^^^^^^
  |
help: Organize imports

B011 Do not `assert False` (`python -O` removes these calls), raise `AssertionError()`
  --> tests/test_execution_runs.py:30:16
   |
28 |     try:
29 |         load_module_from_code(code, "test_broken")
30 |         assert False, "should have raised SyntaxError"
   |                ^^^^^
31 |     except SyntaxError:
32 |         pass
   |
help: Replace `assert False`

E501 Line too long (167 > 100)
  --> tests/test_execution_runs.py:58:101
   |
56 | …
57 | …
58 | …nt\n    b["balance"] += amount\ndef get_total(*accts):\n    return sum(a["balance"] for a in accts)'
   |                                   ^^^^^^^^^^^^^^^^^^^^^^^^^^^^^^^^^^^^^^^^^^^^^^^^^^^^^^^^^^^^^^^^^^^
59 | …
60 | …
   |

F541 [*] f-string without any placeholders
   --> tests/test_experiment_config.py:98:30
    |
 96 |                 elif path.stat().st_size == 0:
 97 |                     problems.append(f"{c['id']}: {rel} is empty")
 98 |         assert not problems, f"Code file problems:\n" + "\n".join(problems)
    |                              ^^^^^^^^^^^^^^^^^^^^^^^^
 99 |
100 |     def test_each_case_has_code_files(self):
    |
help: Remove extraneous `f` prefix

I001 [*] Import block is un-sorted or un-formatted
  --> tests/test_failure_classifier.py:6:1
   |
 4 |   """
 5 |
 6 | / import sys
 7 | | import os
 8 | | from pathlib import Path
   | |________________________^
 9 |
10 |   sys.path.insert(0, str(Path(__file__).resolve().parents[1]))
   |
help: Organize imports

I001 [*] Import block is un-sorted or un-formatted
  --> tests/test_failure_classifier.py:13:1
   |
11 | os.environ.setdefault("OPENAI_API_KEY", "sk-dummy")
12 |
13 | from failure_classifier import classify_failure, FAILURE_TYPES
   | ^^^^^^^^^^^^^^^^^^^^^^^^^^^^^^^^^^^^^^^^^^^^^^^^^^^^^^^^^^^^^^
   |
help: Organize imports

I001 [*] Import block is un-sorted or un-formatted
  --> tests/test_failure_suite.py:13:1
   |
11 |   """
12 |
13 | / import sys
14 | | import os
15 | | import json
16 | | from pathlib import Path
   | |________________________^
17 |
18 |   sys.path.insert(0, str(Path(__file__).resolve().parents[1]))
   |
help: Organize imports

E501 Line too long (124 > 100)
  --> tests/test_failure_suite.py:92:101
   |
90 |     reasoning = "Simplified the pipeline by removing redundant steps."
91 |     code = (
92 |         "def make_state(e): return {'raw':list(e),'pending':[],'stable':[],'view':[],'meta':{'version':0,'frozen':False}}\n"
   |                                                                                                     ^^^^^^^^^^^^^^^^^^^^^^^^
93 |         "def normalize(e):\n    seen=set()\n    return [x for x in e if x['id'] not in seen and not seen.add(x['id'])]\n"
94 |         "def collapse(e):\n    m={}\n    for x in e:\n        k=x['id']\n        if k in m: m[k]['val']+=x.get('val',0)\n        else:…
   |

E501 Line too long (121 > 100)
  --> tests/test_failure_suite.py:93:101
   |
91 |     code = (
92 |         "def make_state(e): return {'raw':list(e),'pending':[],'stable':[],'view':[],'meta':{'version':0,'frozen':False}}\n"
93 |         "def normalize(e):\n    seen=set()\n    return [x for x in e if x['id'] not in seen and not seen.add(x['id'])]\n"
   |                                                                                                     ^^^^^^^^^^^^^^^^^^^^^
94 |         "def collapse(e):\n    m={}\n    for x in e:\n        k=x['id']\n        if k in m: m[k]['val']+=x.get('val',0)\n        else:…
95 |         "def project(e): return [{'id':x['id'],'label':x.get('label',''),'val':x.get('val',0)} for x in e]\n"
   |

E501 Line too long (179 > 100)
  --> tests/test_failure_suite.py:94:101
   |
92 | …],'view':[],'meta':{'version':0,'frozen':False}}\n"
93 | …['id'] not in seen and not seen.add(x['id'])]\n"
94 | …        if k in m: m[k]['val']+=x.get('val',0)\n        else: m[k]=dict(x)\n    return list(m.values())\n"
   |                             ^^^^^^^^^^^^^^^^^^^^^^^^^^^^^^^^^^^^^^^^^^^^^^^^^^^^^^^^^^^^^^^^^^^^^^^^^^^^^^^
95 | …'val':x.get('val',0)} for x in e]\n"
96 | …ect(p)\n    st['meta']['version']+=1\n"
   |

E501 Line too long (109 > 100)
  --> tests/test_failure_suite.py:95:101
   |
93 | …     "def normalize(e):\n    seen=set()\n    return [x for x in e if x['id'] not in seen and not seen.add(x['id'])]\n"
94 | …     "def collapse(e):\n    m={}\n    for x in e:\n        k=x['id']\n        if k in m: m[k]['val']+=x.get('val',0)\n        else: m…
95 | …     "def project(e): return [{'id':x['id'],'label':x.get('label',''),'val':x.get('val',0)} for x in e]\n"
   |                                                                                                   ^^^^^^^^^
96 | …     "def stage(st,p):\n    st['pending']=list(p)\n    st['view']=project(p)\n    st['meta']['version']+=1\n"
97 | …     "def materialize(st): return {'items':list(st['stable']),'display':list(st['view']),'v':st['meta']['version']}\n"
   |

E501 Line too long (112 > 100)
  --> tests/test_failure_suite.py:96:101
   |
94 | …     "def collapse(e):\n    m={}\n    for x in e:\n        k=x['id']\n        if k in m: m[k]['val']+=x.get('val',0)\n        else: m…
95 | …     "def project(e): return [{'id':x['id'],'label':x.get('label',''),'val':x.get('val',0)} for x in e]\n"
96 | …     "def stage(st,p):\n    st['pending']=list(p)\n    st['view']=project(p)\n    st['meta']['version']+=1\n"
   |                                                                                                   ^^^^^^^^^^^^
97 | …     "def materialize(st): return {'items':list(st['stable']),'display':list(st['view']),'v':st['meta']['version']}\n"
98 | …     "def process_batch(entries):\n"
   |

E501 Line too long (121 > 100)
  --> tests/test_failure_suite.py:97:101
   |
95 |         "def project(e): return [{'id':x['id'],'label':x.get('label',''),'val':x.get('val',0)} for x in e]\n"
96 |         "def stage(st,p):\n    st['pending']=list(p)\n    st['view']=project(p)\n    st['meta']['version']+=1\n"
97 |         "def materialize(st): return {'items':list(st['stable']),'display':list(st['view']),'v':st['meta']['version']}\n"
   |                                                                                                     ^^^^^^^^^^^^^^^^^^^^^
98 |         "def process_batch(entries):\n"
99 |         "    st = make_state(entries)\n"
   |

E501 Line too long (148 > 100)
   --> tests/test_failure_suite.py:119:101
    |
117 | …for x in d]\n"
118 | …d]\n"
119 | …len(d)):\n        s=max(0,i-w+1)\n        r.append(sum(d[s:i+1])/(i-s+1))\n    return r\n"
    |                                            ^^^^^^^^^^^^^^^^^^^^^^^^^^^^^^^^^^^^^^^^^^^^^^^^
120 | …d)/len(d),'raw_max':max(d),'raw_min':min(d),'raw_range':max(d)-min(d)}\n"
121 | …in d if x==0)\n    return 1.0-(z/len(d)) if d else 0.0\n"
    |

E501 Line too long (131 > 100)
   --> tests/test_failure_suite.py:120:101
    |
118 | …or x in d]\n"
119 | …n range(len(d)):\n        s=max(0,i-w+1)\n        r.append(sum(d[s:i+1])/(i-s+1))\n    return r\n"
120 | …an':sum(d)/len(d),'raw_max':max(d),'raw_min':min(d),'raw_range':max(d)-min(d)}\n"
    |                                                    ^^^^^^^^^^^^^^^^^^^^^^^^^^^^^^^
121 | …1 for x in d if x==0)\n    return 1.0-(z/len(d)) if d else 0.0\n"
122 | …g':round(sum(d)/len(d),1)}\n"
    |

E501 Line too long (115 > 100)
   --> tests/test_failure_suite.py:121:101
    |
119 | …     "def smooth(d,w=3):\n    r=[]\n    for i in range(len(d)):\n        s=max(0,i-w+1)\n        r.append(sum(d[s:i+1])/(i-s+1))\n  …
120 | …     "def compute_raw_stats(d): return {'raw_mean':sum(d)/len(d),'raw_max':max(d),'raw_min':min(d),'raw_range':max(d)-min(d)}\n"
121 | …     "def compute_quality_score(d):\n    z=sum(1 for x in d if x==0)\n    return 1.0-(z/len(d)) if d else 0.0\n"
    |                                                                                                   ^^^^^^^^^^^^^^^
122 | …     "def summarize_for_display(d): return {'avg':round(sum(d)/len(d),1)}\n"
123 | …     "def pipeline(data):\n"
    |

E501 Line too long (110 > 100)
   --> tests/test_failure_suite.py:126:101
    |
124 |         "    cleaned = clip_negatives(normalize(smooth(data)))\n"
125 |         "    raw_stats = compute_raw_stats(cleaned)\n"  # BUG: should be data
126 |         "    return {'raw_stats': raw_stats, 'quality': compute_quality_score(cleaned), 'cleaned': cleaned}\n"
    |                                                                                                     ^^^^^^^^^^
127 |     )
128 |     parsed = _make_parsed(code, raw_output=_wrap(code))
    |

E501 Line too long (131 > 100)
   --> tests/test_failure_suite.py:170:101
    |
168 |         "def smooth(d,w=3): return d\n"
169 |         "def clip_negatives(d): return [max(0,x) for x in d]\n"
170 |         "def compute_raw_stats(d): return {'raw_mean':sum(d)/len(d),'raw_max':max(d),'raw_min':min(d),'raw_range':max(d)-min(d)}\n"
    |                                                                                                     ^^^^^^^^^^^^^^^^^^^^^^^^^^^^^^^
171 |         "def compute_quality_score(d): return 1.0\n"
172 |         "def summarize_for_display(d): return {}\n"
    |

E501 Line too long (124 > 100)
   --> tests/test_failure_suite.py:192:101
    |
190 |     reasoning = "commit() sets frozen=True. get_committed_total returns None when frozen is False."
191 |     code = (
192 |         "def make_state(e): return {'raw':list(e),'pending':[],'stable':[],'view':[],'meta':{'version':0,'frozen':False}}\n"
    |                                                                                                     ^^^^^^^^^^^^^^^^^^^^^^^^
193 |         "def normalize(e):\n    s=set()\n    return [x for x in e if x['id'] not in s and not s.add(x['id'])]\n"
194 |         "def collapse(e):\n    m={}\n    for x in e:\n        k=x['id']\n        if k in m: m[k]['val']+=x.get('val',0)\n        else…
    |

E501 Line too long (112 > 100)
   --> tests/test_failure_suite.py:193:101
    |
191 |     code = (
192 |         "def make_state(e): return {'raw':list(e),'pending':[],'stable':[],'view':[],'meta':{'version':0,'frozen':False}}\n"
193 |         "def normalize(e):\n    s=set()\n    return [x for x in e if x['id'] not in s and not s.add(x['id'])]\n"
    |                                                                                                     ^^^^^^^^^^^^
194 |         "def collapse(e):\n    m={}\n    for x in e:\n        k=x['id']\n        if k in m: m[k]['val']+=x.get('val',0)\n        else…
195 |         "def project(e): return [{'id':x['id'],'label':x.get('label',''),'val':x.get('val',0)} for x in e]\n"
    |

E501 Line too long (179 > 100)
   --> tests/test_failure_suite.py:194:101
    |
192 | …,'view':[],'meta':{'version':0,'frozen':False}}\n"
193 | …'] not in s and not s.add(x['id'])]\n"
194 | …       if k in m: m[k]['val']+=x.get('val',0)\n        else: m[k]=dict(x)\n    return list(m.values())\n"
    |                            ^^^^^^^^^^^^^^^^^^^^^^^^^^^^^^^^^^^^^^^^^^^^^^^^^^^^^^^^^^^^^^^^^^^^^^^^^^^^^^^
195 | …val':x.get('val',0)} for x in e]\n"
196 | …ct(p)\n    st['meta']['version']+=1\n"
    |

E501 Line too long (109 > 100)
   --> tests/test_failure_suite.py:195:101
    |
193 | …     "def normalize(e):\n    s=set()\n    return [x for x in e if x['id'] not in s and not s.add(x['id'])]\n"
194 | …     "def collapse(e):\n    m={}\n    for x in e:\n        k=x['id']\n        if k in m: m[k]['val']+=x.get('val',0)\n        else: …
195 | …     "def project(e): return [{'id':x['id'],'label':x.get('label',''),'val':x.get('val',0)} for x in e]\n"
    |                                                                                                   ^^^^^^^^^
196 | …     "def stage(st,p):\n    st['pending']=list(p)\n    st['view']=project(p)\n    st['meta']['version']+=1\n"
197 | …     "def materialize(st): return {'items':list(st['stable']),'display':list(st['view']),'v':st['meta']['version']}\n"
    |

E501 Line too long (112 > 100)
   --> tests/test_failure_suite.py:196:101
    |
194 | …     "def collapse(e):\n    m={}\n    for x in e:\n        k=x['id']\n        if k in m: m[k]['val']+=x.get('val',0)\n        else: …
195 | …     "def project(e): return [{'id':x['id'],'label':x.get('label',''),'val':x.get('val',0)} for x in e]\n"
196 | …     "def stage(st,p):\n    st['pending']=list(p)\n    st['view']=project(p)\n    st['meta']['version']+=1\n"
    |                                                                                                   ^^^^^^^^^^^^
197 | …     "def materialize(st): return {'items':list(st['stable']),'display':list(st['view']),'v':st['meta']['version']}\n"
198 | …     "def process_batch(entries):\n"
    |

E501 Line too long (121 > 100)
   --> tests/test_failure_suite.py:197:101
    |
195 |         "def project(e): return [{'id':x['id'],'label':x.get('label',''),'val':x.get('val',0)} for x in e]\n"
196 |         "def stage(st,p):\n    st['pending']=list(p)\n    st['view']=project(p)\n    st['meta']['version']+=1\n"
197 |         "def materialize(st): return {'items':list(st['stable']),'display':list(st['view']),'v':st['meta']['version']}\n"
    |                                                                                                     ^^^^^^^^^^^^^^^^^^^^^
198 |         "def process_batch(entries):\n"
199 |         "    st=make_state(entries)\n"
    |

I001 [*] Import block is un-sorted or un-formatted
   --> tests/test_failure_suite.py:229:5
    |
227 |   def test_mutation_swap_cache_semantics():
228 |       """Changing cache_put to cache_put_if_absent breaks overwrite on re-save."""
229 | /     from exec_eval import load_module_from_code, _load_v2_test
230 | |     from parse import strip_local_imports
    | |_________________________________________^
231 |
232 |       case = _load_case("hidden_dep_multihop")
    |
help: Organize imports

E501 Line too long (103 > 100)
   --> tests/test_failure_suite.py:238:101
    |
236 |     mutated = ref.replace(
237 |         'def sync_user_to_cache(user):\n    cache_put(f"user:{user[\'id\']}", user["name"])',
238 |         'def sync_user_to_cache(user):\n    cache_put_if_absent(f"user:{user[\'id\']}", user["name"])',
    |                                                                                                     ^^^
239 |     )
240 |     mod = load_module_from_code(strip_local_imports(mutated), "mut_cache")
    |

I001 [*] Import block is un-sorted or un-formatted
   --> tests/test_failure_suite.py:425:5
    |
423 |   def test_all_conditions_no_crash():
424 |       """Every condition runs without exception on one case."""
425 | /     from runner import ALL_CONDITIONS
426 | |     from execution import run_single, run_repair_loop
    | |_____________________________________________________^
427 |
428 |       case = _load_case("l3_state_pipeline")
    |
help: Organize imports

I001 [*] Import block is un-sorted or un-formatted
  --> tests/test_hardening.py:10:1
   |
 8 |   """
 9 |
10 | / import sys
11 | | import os
12 | | import json
13 | | import importlib
14 | | from pathlib import Path
15 | | from unittest.mock import patch, MagicMock
   | |__________________________________________^
16 |
17 |   sys.path.insert(0, str(Path(__file__).resolve().parents[1]))
   |
help: Organize imports

F401 [*] `importlib` imported but unused
  --> tests/test_hardening.py:13:8
   |
11 | import os
12 | import json
13 | import importlib
   |        ^^^^^^^^^
14 | from pathlib import Path
15 | from unittest.mock import patch, MagicMock
   |
help: Remove unused import: `importlib`

F401 [*] `unittest.mock.patch` imported but unused
  --> tests/test_hardening.py:15:27
   |
13 | import importlib
14 | from pathlib import Path
15 | from unittest.mock import patch, MagicMock
   |                           ^^^^^
16 |
17 | sys.path.insert(0, str(Path(__file__).resolve().parents[1]))
   |
help: Remove unused import

F401 [*] `unittest.mock.MagicMock` imported but unused
  --> tests/test_hardening.py:15:34
   |
13 | import importlib
14 | from pathlib import Path
15 | from unittest.mock import patch, MagicMock
   |                                  ^^^^^^^^^
16 |
17 | sys.path.insert(0, str(Path(__file__).resolve().parents[1]))
   |
help: Remove unused import

I001 [*] Import block is un-sorted or un-formatted
  --> tests/test_hardening.py:52:5
   |
50 |   def test_evaluator_does_not_call_heuristic_evaluators():
51 |       """No code path in evaluate_output dispatches to _EVALUATORS."""
52 | /     import evaluator
53 | |     import inspect
   | |__________________^
54 |
55 |       source = inspect.getsource(evaluator.evaluate_output)
   |
help: Organize imports

B011 Do not `assert False` (`python -O` removes these calls), raise `AssertionError()`
   --> tests/test_hardening.py:232:16
    |
230 |     try:
231 |         preflight_verify_tests([fake_case])
232 |         assert False, "preflight_verify_tests should have raised RuntimeError"
    |                ^^^^^
233 |     except RuntimeError as e:
234 |         assert "NONEXISTENT_CASE_ID_FOR_TESTING" in str(e)
    |
help: Replace `assert False`

F541 [*] f-string without any placeholders
   --> tests/test_hardening.py:333:26
    |
331 |         except SyntaxError as e:
332 |             failures.append(f"{py_file.name}: {e}")
333 |     assert not failures, f"Script syntax errors:\n" + "\n".join(failures)
    |                          ^^^^^^^^^^^^^^^^^^^^^^^^^^
    |
help: Remove extraneous `f` prefix

I001 [*] Import block is un-sorted or un-formatted
   --> tests/test_hardening.py:347:5
    |
345 |     wrong model, we recreate it.
346 |     """
347 |     from execution import get_current_log_path, get_run_logger, init_run_log, close_run_log
    |     ^^^^^^^^^^^^^^^^^^^^^^^^^^^^^^^^^^^^^^^^^^^^^^^^^^^^^^^^^^^^^^^^^^^^^^^^^^^^^^^^^^^^^^^
348 |
349 |     current = get_current_log_path()
    |
help: Organize imports

I001 [*] Import block is un-sorted or un-formatted
   --> tests/test_hardening.py:371:5
    |
369 |       timestamp-based filename collisions).
370 |       """
371 | /     from execution import run_contract_gated, _fallback_run, close_run_log
372 | |     from runner import load_cases
    | |_________________________________^
373 |
374 |       _ensure_logger("gpt-4.1-nano")
    |
help: Organize imports

B011 Do not `assert False` (`python -O` removes these calls), raise `AssertionError()`
   --> tests/test_hardening.py:430:16
    |
428 |             if "cge_executed" not in ev:
429 |                 raise RuntimeError("CGE INTEGRITY FAILURE: missing cge_executed")
430 |         assert False, "Should have raised RuntimeError"
    |                ^^^^^
431 |     except RuntimeError as e:
432 |         assert "cge_executed" in str(e)
    |
help: Replace `assert False`

B011 Do not `assert False` (`python -O` removes these calls), raise `AssertionError()`
   --> tests/test_hardening.py:484:24
    |
482 |                 break
483 |             if ": 0," in line or ": 0}" in line:
484 |                 assert False, f"evaluator.py line {i+1} returns 0 for non-SCM case: {line.strip()}"
    |                        ^^^^^
485 |             if "has_scm" not in line and ": False" in line:
486 |                 assert (
    |
help: Replace `assert False`

B011 Do not `assert False` (`python -O` removes these calls), raise `AssertionError()`
   --> tests/test_hardening.py:487:21
    |
485 |             if "has_scm" not in line and ": False" in line:
486 |                 assert (
487 |                     False
    |                     ^^^^^
488 |                 ), f"evaluator.py line {i+1} returns False for non-SCM case: {line.strip()}"
489 |             if line.strip() and not line.strip().startswith(("#", "}", '"', "'")):
    |
help: Replace `assert False`

E501 Line too long (104 > 100)
   --> tests/test_hardening.py:516:101
    |
514 |     assert (
515 |         r["evidence_usage_score"] is None
516 |     ), f"Non-SCM evaluate_output should have None evidence_usage_score, got {r['evidence_usage_score']}"
    |                                                                                                     ^^^^
517 |     assert r["evidence_action_gap"] is None
518 |     assert r["delta_gap"] is None
    |

I001 [*] Import block is un-sorted or un-formatted
  --> tests/test_integration.py:12:1
   |
10 |   """
11 |
12 | / import sys
13 | | import os
14 | | import json
15 | | from pathlib import Path
   | |________________________^
16 |
17 |   sys.path.insert(0, str(Path(__file__).resolve().parents[1]))
   |
help: Organize imports

E501 Line too long (136 > 100)
  --> tests/test_integration.py:75:101
   |
73 | …
74 | …) for x in d]\n"
75 | …_mean':sum(d)/len(d),'raw_max':max(d),'raw_min':min(d),'raw_range':max(d)-min(d)}\n"
   |                                                  ^^^^^^^^^^^^^^^^^^^^^^^^^^^^^^^^^^^^
76 | ….0\n"
77 | …}\n"
   |

E501 Line too long (124 > 100)
   --> tests/test_integration.py:100:101
    |
 98 |     )
 99 |     code = (
100 |         "def make_state(e): return {'raw':list(e),'pending':[],'stable':[],'view':[],'meta':{'version':0,'frozen':False}}\n"
    |                                                                                                     ^^^^^^^^^^^^^^^^^^^^^^^^
101 |         "def normalize(e):\n    seen=set()\n    return [x for x in e if x['id'] not in seen and not seen.add(x['id'])]\n"
102 |         "def collapse(e):\n    m={}\n    for x in e:\n        k=x['id']\n        if k in m: m[k]['val']+=x.get('val',0)\n        else…
    |

E501 Line too long (121 > 100)
   --> tests/test_integration.py:101:101
    |
 99 |     code = (
100 |         "def make_state(e): return {'raw':list(e),'pending':[],'stable':[],'view':[],'meta':{'version':0,'frozen':False}}\n"
101 |         "def normalize(e):\n    seen=set()\n    return [x for x in e if x['id'] not in seen and not seen.add(x['id'])]\n"
    |                                                                                                     ^^^^^^^^^^^^^^^^^^^^^
102 |         "def collapse(e):\n    m={}\n    for x in e:\n        k=x['id']\n        if k in m: m[k]['val']+=x.get('val',0)\n        else…
103 |         "def project(e): return [{'id':x['id'],'label':x.get('label',''),'val':x.get('val',0)} for x in e]\n"
    |

E501 Line too long (179 > 100)
   --> tests/test_integration.py:102:101
    |
100 | …,'view':[],'meta':{'version':0,'frozen':False}}\n"
101 | …'id'] not in seen and not seen.add(x['id'])]\n"
102 | …       if k in m: m[k]['val']+=x.get('val',0)\n        else: m[k]=dict(x)\n    return list(m.values())\n"
    |                            ^^^^^^^^^^^^^^^^^^^^^^^^^^^^^^^^^^^^^^^^^^^^^^^^^^^^^^^^^^^^^^^^^^^^^^^^^^^^^^^
103 | …val':x.get('val',0)} for x in e]\n"
104 | …ct(p)\n    st['meta']['version']+=1\n"
    |

E501 Line too long (109 > 100)
   --> tests/test_integration.py:103:101
    |
101 | …     "def normalize(e):\n    seen=set()\n    return [x for x in e if x['id'] not in seen and not seen.add(x['id'])]\n"
102 | …     "def collapse(e):\n    m={}\n    for x in e:\n        k=x['id']\n        if k in m: m[k]['val']+=x.get('val',0)\n        else: …
103 | …     "def project(e): return [{'id':x['id'],'label':x.get('label',''),'val':x.get('val',0)} for x in e]\n"
    |                                                                                                   ^^^^^^^^^
104 | …     "def stage(st,p):\n    st['pending']=list(p)\n    st['view']=project(p)\n    st['meta']['version']+=1\n"
105 | …     "def materialize(st): return {'items':list(st['stable']),'display':list(st['view']),'v':st['meta']['version']}\n"
    |

E501 Line too long (112 > 100)
   --> tests/test_integration.py:104:101
    |
102 | …     "def collapse(e):\n    m={}\n    for x in e:\n        k=x['id']\n        if k in m: m[k]['val']+=x.get('val',0)\n        else: …
103 | …     "def project(e): return [{'id':x['id'],'label':x.get('label',''),'val':x.get('val',0)} for x in e]\n"
104 | …     "def stage(st,p):\n    st['pending']=list(p)\n    st['view']=project(p)\n    st['meta']['version']+=1\n"
    |                                                                                                   ^^^^^^^^^^^^
105 | …     "def materialize(st): return {'items':list(st['stable']),'display':list(st['view']),'v':st['meta']['version']}\n"
106 | …     "def process_batch(entries):\n"
    |

E501 Line too long (121 > 100)
   --> tests/test_integration.py:105:101
    |
103 |         "def project(e): return [{'id':x['id'],'label':x.get('label',''),'val':x.get('val',0)} for x in e]\n"
104 |         "def stage(st,p):\n    st['pending']=list(p)\n    st['view']=project(p)\n    st['meta']['version']+=1\n"
105 |         "def materialize(st): return {'items':list(st['stable']),'display':list(st['view']),'v':st['meta']['version']}\n"
    |                                                                                                     ^^^^^^^^^^^^^^^^^^^^^
106 |         "def process_batch(entries):\n"
107 |         "    st = make_state(entries)\n"
    |

I001 [*] Import block is un-sorted or un-formatted
   --> tests/test_integration.py:144:5
    |
142 |   def test_prompt_to_invariant_consistency():
143 |       """For each case: case_id in prompt matches case_id in invariant lookup."""
144 | /     from execution import build_prompt as _build_prompt
145 | |     from exec_eval import _CASE_TESTS, _load_v2_test
    | |____________________________________________________^
146 |
147 |       cases = json.loads((BASE / "cases.json").read_text())
    |
help: Organize imports

I001 [*] Import block is un-sorted or un-formatted
 --> tests/test_integration_config_template.py:3:1
  |
1 |   """Integration tests — config + template system working together."""
2 |
3 | / import os
4 | | import sys
5 | | import pytest
6 | | import yaml
  | |___________^
7 |
8 |   sys.path.insert(0, os.path.join(os.path.dirname(__file__), ".."))
  |
help: Organize imports

I001 [*] Import block is un-sorted or un-formatted
  --> tests/test_integration_config_template.py:10:1
   |
 8 |   sys.path.insert(0, os.path.join(os.path.dirname(__file__), ".."))
 9 |
10 | / from config import (
11 | |     load_config,
12 | |     _validate_and_build,
13 | |     ConfigError,
14 | |     get_template_for_condition,
15 | |     log_resolved_config,
16 | | )
17 | | from templates import (
18 | |     TEMPLATE_REGISTRY,
19 | |     render,
20 | |     render_with_metadata,
21 | |     log_rendered_prompt,
22 | |     init_template_hashes,
23 | |     get_template_hash,
24 | |     _reset_template_hashes,
25 | |     _reset_env,
26 | |     preflight_validate_templates,
27 | | )
28 | | from constants import SIMPLE_CONDITIONS, RETRY_CONDITIONS, MULTISTEP_CONDITIONS
29 | | from pathlib import Path
   | |________________________^
30 |
31 |   BASE_DIR = Path(__file__).parent.parent
   |
help: Organize imports

F401 [*] `config.load_config` imported but unused
  --> tests/test_integration_config_template.py:11:5
   |
10 | from config import (
11 |     load_config,
   |     ^^^^^^^^^^^
12 |     _validate_and_build,
13 |     ConfigError,
   |
help: Remove unused import: `config.load_config`

I001 [*] Import block is un-sorted or un-formatted
  --> tests/test_invariants.py:9:1
   |
 7 |   """
 8 |
 9 | / import sys
10 | | import os
11 | | from pathlib import Path
   | |________________________^
12 |
13 |   sys.path.insert(0, str(Path(__file__).resolve().parents[1]))
   |
help: Organize imports

I001 [*] Import block is un-sorted or un-formatted
  --> tests/test_invariants.py:16:1
   |
14 |   os.environ.setdefault("OPENAI_API_KEY", "sk-dummy")
15 |
16 | / import json
17 | | from exec_eval import exec_evaluate
   | |___________________________________^
18 |
19 |   BASE = Path(__file__).resolve().parents[1]
   |
help: Organize imports

E501 Line too long (107 > 100)
  --> tests/test_invariants.py:69:101
   |
68 | def test_reference_code_passes_own_invariants():
69 |     """For each case: concat reference files → exec_evaluate → passes (except intentionally buggy ones)."""
   |                                                                                                     ^^^^^^^
70 |     cases = _load_cases()
71 |     failures = []
   |

E501 Line too long (134 > 100)
   --> tests/test_invariants.py:134:101
    |
132 |         "    return result\n"
133 |         "def compute_raw_stats(data):\n"
134 |         "    return {'raw_mean': sum(data)/len(data), 'raw_max': max(data), 'raw_min': min(data), 'raw_range': max(data)-min(data)}\n"
    |                                                                                                     ^^^^^^^^^^^^^^^^^^^^^^^^^^^^^^^^^^
135 |         "def compute_quality_score(d):\n"
136 |         "    z = sum(1 for x in d if x == 0)\n"
    |

E501 Line too long (101 > 100)
   --> tests/test_invariants.py:139:101
    |
137 |         "    return 1.0 - (z / len(d)) if d else 0.0\n"
138 |         "def summarize_for_display(d):\n"
139 |         "    return {'avg': round(sum(d)/len(d),1), 'peak': round(max(d),1), 'label': 'processed'}\n"
    |                                                                                                     ^
140 |         "def pipeline(data):\n"
141 |         "    cleaned = clip_negatives(normalize(smooth(data)))\n"
    |

I001 [*] Import block is un-sorted or un-formatted
   --> tests/test_invariants.py:169:5
    |
167 |     cache_put_if_absent won't overwrite → Bob is lost, cache still shows Alice.
168 |     """
169 |     from exec_eval import load_module_from_code, _strip_local_imports, _load_v2_test
    |     ^^^^^^^^^^^^^^^^^^^^^^^^^^^^^^^^^^^^^^^^^^^^^^^^^^^^^^^^^^^^^^^^^^^^^^^^^^^^^^^^
170 |
171 |     cases = _load_cases()
    |
help: Organize imports

E501 Line too long (103 > 100)
   --> tests/test_invariants.py:179:101
    |
177 |     mutated = ref.replace(
178 |         'def sync_user_to_cache(user):\n    cache_put(f"user:{user[\'id\']}", user["name"])',
179 |         'def sync_user_to_cache(user):\n    cache_put_if_absent(f"user:{user[\'id\']}", user["name"])',
    |                                                                                                     ^^^
180 |     )
181 |     cleaned = _strip_local_imports(mutated)
    |

I001 [*] Import block is un-sorted or un-formatted
 --> tests/test_leg_evaluator.py:3:1
  |
1 |   """Tests for leg_evaluator.py — strict parser, LEG computation, bias metric."""
2 |
3 | / import sys
4 | | import os
5 | | import inspect
6 | | from pathlib import Path
  | |________________________^
7 |
8 |   sys.path.insert(0, str(Path(__file__).resolve().parents[1]))
  |
help: Organize imports

I001 [*] Import block is un-sorted or un-formatted
  --> tests/test_leg_evaluator.py:11:1
   |
 9 |   os.environ.setdefault("OPENAI_API_KEY", "sk-dummy")
10 |
11 | / from leg_evaluator import (
12 | |     parse_evaluator_output,
13 | |     compute_leg_true,
14 | |     compute_reasoning_matches_truth,
15 | |     compute_evaluator_bias,
16 | |     FAILURE_TYPE_SET,
17 | |     _VALID_VERDICTS,
18 | | )
19 | | from failure_classifier import FAILURE_TYPES
   | |____________________________________________^
20 |
21 |   # ============================================================
   |
help: Organize imports

I001 [*] Import block is un-sorted or un-formatted
  --> tests/test_leg_reduction.py:14:1
   |
12 |   """
13 |
14 | / import sys
15 | | import os
16 | | import json
17 | | from pathlib import Path
   | |________________________^
18 |
19 |   sys.path.insert(0, str(Path(__file__).resolve().parents[1]))
   |
help: Organize imports

I001 [*] Import block is un-sorted or un-formatted
  --> tests/test_leg_reduction.py:22:1
   |
20 |   os.environ["OPENAI_API_KEY"] = "sk-dummy"
21 |
22 | / from leg_reduction import (
23 | |     build_leg_reduction_prompt,
24 | |     parse_leg_reduction_output,
25 | |     MAX_INTERNAL_REVISIONS,
26 | | )
   | |_^
27 |
28 |   # ============================================================
   |
help: Organize imports

I001 [*] Import block is un-sorted or un-formatted
  --> tests/test_llm_classify.py:11:1
   |
 9 |   """
10 |
11 | / import sys
12 | | import os
13 | | import json
14 | | from pathlib import Path
   | |________________________^
15 |
16 |   sys.path.insert(0, str(Path(__file__).resolve().parents[1]))
   |
help: Organize imports

I001 [*] Import block is un-sorted or un-formatted
  --> tests/test_llm_classify.py:19:1
   |
17 |   os.environ.setdefault("OPENAI_API_KEY", "sk-dummy")
18 |
19 | / from evaluator import (
20 | |     parse_classify_output,
21 | |     compute_category,
22 | |     compute_alignment,
23 | |     evaluate_output,
24 | |     llm_classify,
25 | | )
   | |_^
26 |
27 |   # ============================================================
   |
help: Organize imports

F401 [*] `evaluator.llm_classify` imported but unused
  --> tests/test_llm_classify.py:24:5
   |
22 |     compute_alignment,
23 |     evaluate_output,
24 |     llm_classify,
   |     ^^^^^^^^^^^^
25 | )
   |
help: Remove unused import: `evaluator.llm_classify`

E501 Line too long (105 > 100)
   --> tests/test_llm_classify.py:147:101
    |
146 | def test_evaluate_output_has_required_fields():
147 |     """evaluate_output must populate code_correct (from exec) and reasoning_correct (from classifier)."""
    |                                                                                                     ^^^^^
148 |     from runner import load_cases
    |

E402 Module level import not at top of file
  --> tests/test_logging_invariants.py:16:1
   |
14 | sys.path.insert(0, str(BASE))
15 |
16 | from exec_eval import exec_evaluate, _exec_info
   | ^^^^^^^^^^^^^^^^^^^^^^^^^^^^^^^^^^^^^^^^^^^^^^^
17 | from validate_cases_v2 import load_reference_code, load_case_code
   |

I001 [*] Import block is un-sorted or un-formatted
  --> tests/test_logging_invariants.py:16:1
   |
14 |   sys.path.insert(0, str(BASE))
15 |
16 | / from exec_eval import exec_evaluate, _exec_info
17 | | from validate_cases_v2 import load_reference_code, load_case_code
   | |_________________________________________________________________^
   |
help: Organize imports

E402 Module level import not at top of file
  --> tests/test_logging_invariants.py:17:1
   |
16 | from exec_eval import exec_evaluate, _exec_info
17 | from validate_cases_v2 import load_reference_code, load_case_code
   | ^^^^^^^^^^^^^^^^^^^^^^^^^^^^^^^^^^^^^^^^^^^^^^^^^^^^^^^^^^^^^^^^^
   |

I001 [*] Import block is un-sorted or un-formatted
  --> tests/test_no_threads.py:7:1
   |
 5 |   """
 6 |
 7 | / import os
 8 | | import sys
 9 | | import subprocess
10 | | import pytest
11 | | from pathlib import Path
   | |________________________^
12 |
13 |   sys.path.insert(0, os.path.join(os.path.dirname(__file__), ".."))
   |
help: Organize imports

F401 [*] `subprocess` imported but unused
  --> tests/test_no_threads.py:9:8
   |
 7 | import os
 8 | import sys
 9 | import subprocess
   |        ^^^^^^^^^^
10 | import pytest
11 | from pathlib import Path
   |
help: Remove unused import: `subprocess`

F401 [*] `pytest` imported but unused
  --> tests/test_no_threads.py:10:8
   |
 8 | import sys
 9 | import subprocess
10 | import pytest
   |        ^^^^^^
11 | from pathlib import Path
   |
help: Remove unused import: `pytest`

I001 [*] Import block is un-sorted or un-formatted
   --> tests/test_no_threads.py:118:9
    |
116 |       def test_run_all_signature_no_max_workers(self):
117 |           """run_all must not accept max_workers parameter."""
118 | /         import inspect
119 | |         from runner import run_all
    | |__________________________________^
120 |
121 |           sig = inspect.signature(run_all)
    |
help: Organize imports

F541 [*] f-string without any placeholders
   --> tests/test_no_threads.py:123:13
    |
121 |         sig = inspect.signature(run_all)
122 |         assert "max_workers" not in sig.parameters, (
123 |             f"run_all still has max_workers parameter. " f"Remove it — execution is always serial."
    |             ^^^^^^^^^^^^^^^^^^^^^^^^^^^^^^^^^^^^^^^^^^^^
124 |         )
    |
help: Remove extraneous `f` prefix

F541 [*] f-string without any placeholders
   --> tests/test_no_threads.py:123:58
    |
121 |         sig = inspect.signature(run_all)
122 |         assert "max_workers" not in sig.parameters, (
123 |             f"run_all still has max_workers parameter. " f"Remove it — execution is always serial."
    |                                                          ^^^^^^^^^^^^^^^^^^^^^^^^^^^^^^^^^^^^^^^^^^
124 |         )
    |
help: Remove extraneous `f` prefix

I001 [*] Import block is un-sorted or un-formatted
   --> tests/test_no_threads.py:128:9
    |
126 |       def test_parallel_flag_is_deprecated(self):
127 |           """--parallel flag must not trigger thread creation."""
128 | /         from runner import main
129 | |         import inspect
    | |______________________^
130 |
131 |           source = inspect.getsource(main)
    |
help: Organize imports

I001 [*] Import block is un-sorted or un-formatted
   --> tests/test_no_threads.py:140:9
    |
139 |       def test_no_lock_attribute(self):
140 | /         from execution import RunLogger
141 | |         import tempfile
    | |_______________________^
142 |
143 |           with tempfile.TemporaryDirectory() as tmp:
    |
help: Organize imports

I001 [*] Import block is un-sorted or un-formatted
  --> tests/test_nudges.py:9:1
   |
 7 |   sys.path.insert(0, str(Path(__file__).resolve().parents[1]))
 8 |
 9 | / from nudges.operators import get, list_operators, list_by_kind
10 | | from nudges.mapping import get_operators_for_case, CASE_TO_OPERATORS
11 | | from nudges.router import apply_diagnostic, apply_guardrail, get_operator_names
12 | |
13 | | # Import core to trigger registration
14 | | import nudges.core  # noqa: F401
   | |__________________^
15 |
16 |   # ── Operator registration ────────────────────────────────────
   |
help: Organize imports

B011 Do not `assert False` (`python -O` removes these calls), raise `AssertionError()`
  --> tests/test_nudges.py:54:16
   |
52 |     try:
53 |         get("NONEXISTENT_OPERATOR")
54 |         assert False, "Should have raised KeyError"
   |                ^^^^^
55 |     except KeyError:
56 |         pass
   |
help: Replace `assert False`

B007 Loop control variable `case_id` not used within loop body
  --> tests/test_nudges.py:74:9
   |
73 | def test_all_mapped_cases_have_valid_operators():
74 |     for case_id, assignment in CASE_TO_OPERATORS.items():
   |         ^^^^^^^
75 |         # Should not raise
76 |         get(assignment.diagnostic)
   |
help: Rename unused `case_id` to `_case_id`

B011 Do not `assert False` (`python -O` removes these calls), raise `AssertionError()`
   --> tests/test_nudges.py:103:16
    |
101 |     try:
102 |         apply_diagnostic("unknown_case_id", base)
103 |         assert False, "Should have raised RuntimeError for unknown case"
    |                ^^^^^
104 |     except RuntimeError as e:
105 |         assert "CONDITION INTEGRITY FAILURE" in str(e)
    |
help: Replace `assert False`

B011 Do not `assert False` (`python -O` removes these calls), raise `AssertionError()`
   --> tests/test_nudges.py:108:16
    |
106 |     try:
107 |         apply_guardrail("unknown_case_id", base)
108 |         assert False, "Should have raised RuntimeError for unknown case"
    |                ^^^^^
109 |     except RuntimeError as e:
110 |         assert "CONDITION INTEGRITY FAILURE" in str(e)
    |
help: Replace `assert False`

F401 [*] `re` imported but unused
  --> tests/test_oracle_correctness.py:12:8
   |
11 | import json
12 | import re
   |        ^^
13 | import sys
14 | from pathlib import Path
   |
help: Remove unused import: `re`

E402 Module level import not at top of file
  --> tests/test_oracle_correctness.py:21:1
   |
19 | sys.path.insert(0, str(BASE))
20 |
21 | from exec_eval import exec_evaluate, load_module_from_code, _load_v2_test, _assemble_program
   | ^^^^^^^^^^^^^^^^^^^^^^^^^^^^^^^^^^^^^^^^^^^^^^^^^^^^^^^^^^^^^^^^^^^^^^^^^^^^^^^^^^^^^^^^^^^^
22 | from validate_cases_v2 import load_case_code, load_reference_code, load_test_func
   |

I001 [*] Import block is un-sorted or un-formatted
  --> tests/test_oracle_correctness.py:21:1
   |
19 |   sys.path.insert(0, str(BASE))
20 |
21 | / from exec_eval import exec_evaluate, load_module_from_code, _load_v2_test, _assemble_program
22 | | from validate_cases_v2 import load_case_code, load_reference_code, load_test_func
   | |_________________________________________________________________________________^
23 |
24 |   # ============================================================
   |
help: Organize imports

F401 [*] `exec_eval._load_v2_test` imported but unused
  --> tests/test_oracle_correctness.py:21:61
   |
19 | sys.path.insert(0, str(BASE))
20 |
21 | from exec_eval import exec_evaluate, load_module_from_code, _load_v2_test, _assemble_program
   |                                                             ^^^^^^^^^^^^^
22 | from validate_cases_v2 import load_case_code, load_reference_code, load_test_func
   |
help: Remove unused import

F401 [*] `exec_eval._assemble_program` imported but unused
  --> tests/test_oracle_correctness.py:21:76
   |
19 | sys.path.insert(0, str(BASE))
20 |
21 | from exec_eval import exec_evaluate, load_module_from_code, _load_v2_test, _assemble_program
   |                                                                            ^^^^^^^^^^^^^^^^^
22 | from validate_cases_v2 import load_case_code, load_reference_code, load_test_func
   |
help: Remove unused import

E402 Module level import not at top of file
  --> tests/test_oracle_correctness.py:22:1
   |
21 | from exec_eval import exec_evaluate, load_module_from_code, _load_v2_test, _assemble_program
22 | from validate_cases_v2 import load_case_code, load_reference_code, load_test_func
   | ^^^^^^^^^^^^^^^^^^^^^^^^^^^^^^^^^^^^^^^^^^^^^^^^^^^^^^^^^^^^^^^^^^^^^^^^^^^^^^^^^
23 |
24 | # ============================================================
   |

F401 [*] `json` imported but unused
  --> tests/test_paper_stats.py:8:8
   |
 6 | """
 7 |
 8 | import json
   |        ^^^^
 9 | import sys
10 | from pathlib import Path
   |
help: Remove unused import: `json`

F401 [*] `scipy.stats` imported but unused
  --> tests/test_paper_stats.py:16:28
   |
14 | import pandas as pd
15 | import pytest
16 | from scipy import stats as sp_stats
   |                            ^^^^^^^^
17 | from statsmodels.stats.multitest import multipletests
   |
help: Remove unused import: `scipy.stats`

I001 [*] Import block is un-sorted or un-formatted
  --> tests/test_paper_stats.py:21:1
   |
19 |   sys.path.insert(0, str(Path(__file__).resolve().parents[1]))
20 |
21 | / from scripts.paper_analysis import (
22 | |     build_case_level_df,
23 | |     compute_exec_reasoning,
24 | |     paired_ttest,
25 | |     bootstrap_ci,
26 | |     interaction_ols,
27 | |     bootstrap_dod,
28 | | )
29 | | from live_metrics import compute_metrics
   | |________________________________________^
30 |
31 |   # ============================================================
   |
help: Organize imports

B905 `zip()` without an explicit `strict=` parameter
   --> tests/test_paper_stats.py:365:38
    |
363 |         cases = cases or [f"c{i}" for i in range(len(baseline))]
364 |         rows = []
365 |         for i, (bl, tr) in enumerate(zip(baseline, treatment)):
    |                                      ^^^^^^^^^^^^^^^^^^^^^^^^
366 |             rows.append(
367 |                 {
    |
help: Add explicit value for parameter `strict=`

B905 `zip()` without an explicit `strict=` parameter
   --> tests/test_paper_stats.py:699:25
    |
697 |         _, adjusted, _, _ = multipletests(pvals, method="fdr_bh")
698 |         # Adjusted >= raw
699 |         for raw, adj in zip(pvals, adjusted):
    |                         ^^^^^^^^^^^^^^^^^^^^
700 |             assert adj >= raw - 1e-15, f"Adjusted {adj} < raw {raw}"
701 |         # Ordering preserved
    |
help: Add explicit value for parameter `strict=`

B905 `zip()` without an explicit `strict=` parameter
   --> tests/test_paper_stats.py:715:38
    |
713 |     def _make_case_df(self, vals_bl, vals_lr):
714 |         rows = []
715 |         for i, (bl, lr) in enumerate(zip(vals_bl, vals_lr)):
    |                                      ^^^^^^^^^^^^^^^^^^^^^
716 |             rows.append(
717 |                 {
    |
help: Add explicit value for parameter `strict=`

I001 [*] Import block is un-sorted or un-formatted
   --> tests/test_paper_stats.py:769:9
    |
767 |     def test_stats_summary_contains_seed_and_bootstrap(self):
768 |         """Verified at integration level — seed=42 and bootstrap_samples=1000."""
769 |         from scripts.paper_analysis import SEED, BOOTSTRAP_SAMPLES
    |         ^^^^^^^^^^^^^^^^^^^^^^^^^^^^^^^^^^^^^^^^^^^^^^^^^^^^^^^^^^
770 |
771 |         assert SEED == 42
    |
help: Organize imports

I001 [*] Import block is un-sorted or un-formatted
 --> tests/test_parse.py:8:1
  |
6 |   sys.path.insert(0, str(Path(__file__).resolve().parents[1]))
7 |
8 | / from parse import parse_model_response
9 | | from exec_eval import extract_code, _strip_local_imports
  | |________________________________________________________^
  |
help: Organize imports

I001 [*] Import block is un-sorted or un-formatted
  --> tests/test_parser_separation.py:7:1
   |
 5 |   """
 6 |
 7 | / import ast
 8 | | import json
 9 | | import os
10 | | import sys
11 | | import pytest
   | |_____________^
12 |
13 |   sys.path.insert(0, os.path.join(os.path.dirname(__file__), ".."))
   |
help: Organize imports

F401 [*] `ast` imported but unused
 --> tests/test_parser_separation.py:7:8
  |
5 | """
6 |
7 | import ast
  |        ^^^
8 | import json
9 | import os
  |
help: Remove unused import: `ast`

F401 [*] `pytest` imported but unused
  --> tests/test_parser_separation.py:11:8
   |
 9 | import os
10 | import sys
11 | import pytest
   |        ^^^^^^
12 |
13 | sys.path.insert(0, os.path.join(os.path.dirname(__file__), ".."))
   |
help: Remove unused import: `pytest`

I001 [*] Import block is un-sorted or un-formatted
  --> tests/test_parser_separation.py:15:1
   |
13 |   sys.path.insert(0, os.path.join(os.path.dirname(__file__), ".."))
14 |
15 | / from leg_reduction import parse_leg_reduction_output, _extraction_fail
16 | | from retry_harness import _select_best_code
   | |___________________________________________^
17 |
18 |   # ============================================================
   |
help: Organize imports

E712 Avoid equality comparisons to `True` or `False`
   --> tests/test_parser_separation.py:181:16
    |
180 |         assert result_a["code"] == result_b["code"]
181 |         assert result_a["code_extracted"] == result_b["code_extracted"] == True
    |                ^^^^^^^^^^^^^^^^^^^^^^^^^^^^^^^^^^^^^^^^^^^^^^^^^^^^^^^^^^^^^^^^
182 |         assert result_a["schema_compliant"] is True
183 |         assert result_b["schema_compliant"] is False
    |
help: Replace comparison

E501 Line too long (125 > 100)
   --> tests/test_parser_separation.py:276:101
    |
274 |     def test_broken_json_with_code_block(self):
275 |         """JSON is malformed but raw output has a ```python block."""
276 |         raw = '{"bug_diagnosis": "aliasing", "code": BROKEN\n```python\ndef create_config():\n    return dict(DEFAULTS)\n```'
    |                                                                                                     ^^^^^^^^^^^^^^^^^^^^^^^^^
277 |         result = parse_leg_reduction_output(raw)
278 |         assert result["code_extracted"] is True
    |

I001 [*] Import block is un-sorted or un-formatted
   --> tests/test_parser_separation.py:346:9
    |
344 |       def test_reconstruct_salvage_not_imported_in_execution(self):
345 |           """reconstructor.reconstruct_salvage must not be called in execution.py primary path."""
346 | /         import execution
347 | |         import inspect
    | |______________________^
348 |
349 |           source = inspect.getsource(execution._do_reconstruction)
    |
help: Organize imports

F401 [*] `pytest` imported but unused
  --> tests/test_pipeline_contracts.py:11:8
   |
 9 | from pathlib import Path
10 |
11 | import pytest
   |        ^^^^^^
12 |
13 | BASE = Path(__file__).resolve().parents[1]
   |
help: Remove unused import: `pytest`

E402 Module level import not at top of file
  --> tests/test_pipeline_contracts.py:16:1
   |
14 | sys.path.insert(0, str(BASE))
15 |
16 | from parse import parse_model_response
   | ^^^^^^^^^^^^^^^^^^^^^^^^^^^^^^^^^^^^^^
17 | from reconstructor import reconstruct_strict
18 | from exec_eval import exec_evaluate
   |

I001 [*] Import block is un-sorted or un-formatted
  --> tests/test_pipeline_contracts.py:16:1
   |
14 |   sys.path.insert(0, str(BASE))
15 |
16 | / from parse import parse_model_response
17 | | from reconstructor import reconstruct_strict
18 | | from exec_eval import exec_evaluate
   | |___________________________________^
   |
help: Organize imports

E402 Module level import not at top of file
  --> tests/test_pipeline_contracts.py:17:1
   |
16 | from parse import parse_model_response
17 | from reconstructor import reconstruct_strict
   | ^^^^^^^^^^^^^^^^^^^^^^^^^^^^^^^^^^^^^^^^^^^^
18 | from exec_eval import exec_evaluate
   |

E402 Module level import not at top of file
  --> tests/test_pipeline_contracts.py:18:1
   |
16 | from parse import parse_model_response
17 | from reconstructor import reconstruct_strict
18 | from exec_eval import exec_evaluate
   | ^^^^^^^^^^^^^^^^^^^^^^^^^^^^^^^^^^^
   |

I001 [*] Import block is un-sorted or un-formatted
   --> tests/test_pipeline_v3.py:105:9
    |
103 |     try:
104 |         # Config must be loaded for token budget lookup
105 |         from experiment_config import load_config, is_config_loaded
    |         ^^^^^^^^^^^^^^^^^^^^^^^^^^^^^^^^^^^^^^^^^^^^^^^^^^^^^^^^^^^
106 |
107 |         if not is_config_loaded():
    |
help: Organize imports

F841 Local variable `view` is assigned to but never used
   --> tests/test_pipeline_v3.py:122:9
    |
120 |             return "\n".join(parts)
121 |
122 |         view = build_prompt_view(
    |         ^^^^
123 |             file_paths=list(original_files.keys()),
124 |             files=original_files,
    |
help: Remove assignment to unused variable `view`

E501 Line too long (106 > 100)
   --> tests/test_pipeline_v3.py:219:101
    |
218 |     test_cases = [
219 |         # (error_type, reasoning, format, reasoning_correct, expected_cat, expected_primary, expected_leg)
    |                                                                                                     ^^^^^^
220 |         ("logic_pass", "good", "file_dict", True, "true_success", True, True),
221 |         ("logic_pass", "wrong", "file_dict", False, "lucky_fix", True, True),
    |

I001 [*] Import block is un-sorted or un-formatted
  --> tests/test_prompt_registry.py:12:1
   |
10 |   """
11 |
12 | / import os
13 | | import sys
14 | | import pytest
15 | | from pathlib import Path
   | |________________________^
16 |
17 |   sys.path.insert(0, os.path.join(os.path.dirname(__file__), ".."))
   |
help: Organize imports

F401 [*] `pathlib.Path` imported but unused
  --> tests/test_prompt_registry.py:15:21
   |
13 | import sys
14 | import pytest
15 | from pathlib import Path
   |                     ^^^^
16 |
17 | sys.path.insert(0, os.path.join(os.path.dirname(__file__), ".."))
   |
help: Remove unused import: `pathlib.Path`

I001 [*] Import block is un-sorted or un-formatted
  --> tests/test_prompt_registry.py:89:9
   |
88 |     def test_loads_all_diagnostic_nudges(self):
89 |         from prompt_registry import load_prompt_registry, get_nudge_text
   |         ^^^^^^^^^^^^^^^^^^^^^^^^^^^^^^^^^^^^^^^^^^^^^^^^^^^^^^^^^^^^^^^^
90 |
91 |         load_prompt_registry()
   |
help: Organize imports

I001 [*] Import block is un-sorted or un-formatted
   --> tests/test_prompt_registry.py:107:9
    |
106 |     def test_loads_all_guardrail_nudges(self):
107 |         from prompt_registry import load_prompt_registry, get_nudge_text
    |         ^^^^^^^^^^^^^^^^^^^^^^^^^^^^^^^^^^^^^^^^^^^^^^^^^^^^^^^^^^^^^^^^
108 |
109 |         load_prompt_registry()
    |
help: Organize imports

I001 [*] Import block is un-sorted or un-formatted
   --> tests/test_prompt_registry.py:125:9
    |
124 |     def test_loads_all_reasoning_nudges(self):
125 |         from prompt_registry import load_prompt_registry, get_nudge_text
    |         ^^^^^^^^^^^^^^^^^^^^^^^^^^^^^^^^^^^^^^^^^^^^^^^^^^^^^^^^^^^^^^^^
126 |
127 |         load_prompt_registry()
    |
help: Organize imports

I001 [*] Import block is un-sorted or un-formatted
   --> tests/test_prompt_registry.py:152:9
    |
151 |     def test_missing_nudge_raises(self):
152 |         from prompt_registry import load_prompt_registry, get_nudge_text
    |         ^^^^^^^^^^^^^^^^^^^^^^^^^^^^^^^^^^^^^^^^^^^^^^^^^^^^^^^^^^^^^^^^
153 |
154 |         load_prompt_registry()
    |
help: Organize imports

I001 [*] Import block is un-sorted or un-formatted
   --> tests/test_prompt_registry.py:162:9
    |
161 |     def test_loads_all_cge_instructions(self):
162 |         from prompt_registry import load_prompt_registry, get_cge_instruction
    |         ^^^^^^^^^^^^^^^^^^^^^^^^^^^^^^^^^^^^^^^^^^^^^^^^^^^^^^^^^^^^^^^^^^^^^
163 |
164 |         load_prompt_registry()
    |
help: Organize imports

I001 [*] Import block is un-sorted or un-formatted
   --> tests/test_prompt_registry.py:181:9
    |
180 |     def test_task_and_code_variables(self):
181 |         from prompt_registry import load_prompt_registry, get_component
    |         ^^^^^^^^^^^^^^^^^^^^^^^^^^^^^^^^^^^^^^^^^^^^^^^^^^^^^^^^^^^^^^^
182 |
183 |         load_prompt_registry()
    |
help: Organize imports

I001 [*] Import block is un-sorted or un-formatted
   --> tests/test_prompt_registry.py:189:9
    |
188 |     def test_classify_variables(self):
189 |         from prompt_registry import load_prompt_registry, get_component
    |         ^^^^^^^^^^^^^^^^^^^^^^^^^^^^^^^^^^^^^^^^^^^^^^^^^^^^^^^^^^^^^^^
190 |
191 |         load_prompt_registry()
    |
help: Organize imports

I001 [*] Import block is un-sorted or un-formatted
   --> tests/test_prompt_registry.py:199:9
    |
198 |     def test_output_v2_variables(self):
199 |         from prompt_registry import load_prompt_registry, get_component
    |         ^^^^^^^^^^^^^^^^^^^^^^^^^^^^^^^^^^^^^^^^^^^^^^^^^^^^^^^^^^^^^^^
200 |
201 |         load_prompt_registry()
    |
help: Organize imports

I001 [*] Import block is un-sorted or un-formatted
   --> tests/test_prompt_registry.py:206:9
    |
205 |     def test_output_v1_no_variables(self):
206 |         from prompt_registry import load_prompt_registry, get_component
    |         ^^^^^^^^^^^^^^^^^^^^^^^^^^^^^^^^^^^^^^^^^^^^^^^^^^^^^^^^^^^^^^^
207 |
208 |         load_prompt_registry()
    |
help: Organize imports

I001 [*] Import block is un-sorted or un-formatted
   --> tests/test_prompt_registry.py:213:9
    |
212 |     def test_leg_reduction_variables(self):
213 |         from prompt_registry import load_prompt_registry, get_component
    |         ^^^^^^^^^^^^^^^^^^^^^^^^^^^^^^^^^^^^^^^^^^^^^^^^^^^^^^^^^^^^^^^
214 |
215 |         load_prompt_registry()
    |
help: Organize imports

I001 [*] Import block is un-sorted or un-formatted
   --> tests/test_prompt_registry.py:226:9
    |
225 |       def test_diagnostic_nudge_matches_source(self):
226 | /         from prompt_registry import load_prompt_registry, get_nudge_text
227 | |         from prompts import DIAGNOSTIC_NUDGES
    | |_____________________________________________^
228 |
229 |           load_prompt_registry()
    |
help: Organize imports

I001 [*] Import block is un-sorted or un-formatted
   --> tests/test_prompt_registry.py:239:9
    |
238 |       def test_guardrail_nudge_matches_source(self):
239 | /         from prompt_registry import load_prompt_registry, get_nudge_text
240 | |         from prompts import GUARDRAIL_NUDGES
    | |____________________________________________^
241 |
242 |           load_prompt_registry()
    |
help: Organize imports

I001 [*] Import block is un-sorted or un-formatted
   --> tests/test_prompt_registry.py:249:9
    |
248 |       def test_generic_nudge_matches_source(self):
249 | /         from prompt_registry import load_prompt_registry, get_nudge_text
250 | |         from nudges.operators import _REGISTRY as OP_REG
251 | |         import nudges.core  # trigger registration
    | |__________________________^
252 |
253 |           load_prompt_registry()
    |
help: Organize imports

F401 [*] `nudges.core` imported but unused
   --> tests/test_prompt_registry.py:251:16
    |
249 |         from prompt_registry import load_prompt_registry, get_nudge_text
250 |         from nudges.operators import _REGISTRY as OP_REG
251 |         import nudges.core  # trigger registration
    |                ^^^^^^^^^^^
252 |
253 |         load_prompt_registry()
    |
help: Remove unused import: `nudges.core`

E402 Module level import not at top of file
  --> tests/test_reconstruction_wiring.py:17:1
   |
15 | sys.path.insert(0, str(BASE))
16 |
17 | from parse import parse_model_response
   | ^^^^^^^^^^^^^^^^^^^^^^^^^^^^^^^^^^^^^^
18 | from reconstructor import reconstruct_strict
19 | from exec_eval import exec_evaluate, load_module_from_code, _load_v2_test, _assemble_program
   |

I001 [*] Import block is un-sorted or un-formatted
  --> tests/test_reconstruction_wiring.py:17:1
   |
15 |   sys.path.insert(0, str(BASE))
16 |
17 | / from parse import parse_model_response
18 | | from reconstructor import reconstruct_strict
19 | | from exec_eval import exec_evaluate, load_module_from_code, _load_v2_test, _assemble_program
20 | | from validate_cases_v2 import load_reference_code, load_case_code
   | |_________________________________________________________________^
   |
help: Organize imports

E402 Module level import not at top of file
  --> tests/test_reconstruction_wiring.py:18:1
   |
17 | from parse import parse_model_response
18 | from reconstructor import reconstruct_strict
   | ^^^^^^^^^^^^^^^^^^^^^^^^^^^^^^^^^^^^^^^^^^^^
19 | from exec_eval import exec_evaluate, load_module_from_code, _load_v2_test, _assemble_program
20 | from validate_cases_v2 import load_reference_code, load_case_code
   |

E402 Module level import not at top of file
  --> tests/test_reconstruction_wiring.py:19:1
   |
17 | from parse import parse_model_response
18 | from reconstructor import reconstruct_strict
19 | from exec_eval import exec_evaluate, load_module_from_code, _load_v2_test, _assemble_program
   | ^^^^^^^^^^^^^^^^^^^^^^^^^^^^^^^^^^^^^^^^^^^^^^^^^^^^^^^^^^^^^^^^^^^^^^^^^^^^^^^^^^^^^^^^^^^^
20 | from validate_cases_v2 import load_reference_code, load_case_code
   |

F401 [*] `exec_eval.load_module_from_code` imported but unused
  --> tests/test_reconstruction_wiring.py:19:38
   |
17 | from parse import parse_model_response
18 | from reconstructor import reconstruct_strict
19 | from exec_eval import exec_evaluate, load_module_from_code, _load_v2_test, _assemble_program
   |                                      ^^^^^^^^^^^^^^^^^^^^^
20 | from validate_cases_v2 import load_reference_code, load_case_code
   |
help: Remove unused import

F401 [*] `exec_eval._load_v2_test` imported but unused
  --> tests/test_reconstruction_wiring.py:19:61
   |
17 | from parse import parse_model_response
18 | from reconstructor import reconstruct_strict
19 | from exec_eval import exec_evaluate, load_module_from_code, _load_v2_test, _assemble_program
   |                                                             ^^^^^^^^^^^^^
20 | from validate_cases_v2 import load_reference_code, load_case_code
   |
help: Remove unused import

F401 [*] `exec_eval._assemble_program` imported but unused
  --> tests/test_reconstruction_wiring.py:19:76
   |
17 | from parse import parse_model_response
18 | from reconstructor import reconstruct_strict
19 | from exec_eval import exec_evaluate, load_module_from_code, _load_v2_test, _assemble_program
   |                                                                            ^^^^^^^^^^^^^^^^^
20 | from validate_cases_v2 import load_reference_code, load_case_code
   |
help: Remove unused import

E402 Module level import not at top of file
  --> tests/test_reconstruction_wiring.py:20:1
   |
18 | from reconstructor import reconstruct_strict
19 | from exec_eval import exec_evaluate, load_module_from_code, _load_v2_test, _assemble_program
20 | from validate_cases_v2 import load_reference_code, load_case_code
   | ^^^^^^^^^^^^^^^^^^^^^^^^^^^^^^^^^^^^^^^^^^^^^^^^^^^^^^^^^^^^^^^^^
   |

F401 [*] `validate_cases_v2.load_case_code` imported but unused
  --> tests/test_reconstruction_wiring.py:20:52
   |
18 | from reconstructor import reconstruct_strict
19 | from exec_eval import exec_evaluate, load_module_from_code, _load_v2_test, _assemble_program
20 | from validate_cases_v2 import load_reference_code, load_case_code
   |                                                    ^^^^^^^^^^^^^^
   |
help: Remove unused import: `validate_cases_v2.load_case_code`

E741 Ambiguous variable name: `l`
   --> tests/test_reconstruction_wiring.py:123:20
    |
121 |         # Check a distinctive line from the unchanged file
122 |         first_func = (
123 |             [l for l in unchanged_content.splitlines() if l.startswith("def ")][0]
    |                    ^
124 |             if any(l.startswith("def ") for l in unchanged_content.splitlines())
125 |             else None
    |

E741 Ambiguous variable name: `l`
   --> tests/test_reconstruction_wiring.py:124:45
    |
122 |         first_func = (
123 |             [l for l in unchanged_content.splitlines() if l.startswith("def ")][0]
124 |             if any(l.startswith("def ") for l in unchanged_content.splitlines())
    |                                             ^
125 |             else None
126 |         )
    |

F541 [*] f-string without any placeholders
   --> tests/test_reconstruction_wiring.py:129:17
    |
127 |         if first_func:
128 |             assert first_func not in code, (
129 |                 f"Unchanged file content found in wired code — "
    |                 ^^^^^^^^^^^^^^^^^^^^^^^^^^^^^^^^^^^^^^^^^^^^^^^^
130 |                 f"should only contain changed files"
131 |             )
    |
help: Remove extraneous `f` prefix

F541 [*] f-string without any placeholders
   --> tests/test_reconstruction_wiring.py:130:17
    |
128 |             assert first_func not in code, (
129 |                 f"Unchanged file content found in wired code — "
130 |                 f"should only contain changed files"
    |                 ^^^^^^^^^^^^^^^^^^^^^^^^^^^^^^^^^^^^
131 |             )
    |
help: Remove extraneous `f` prefix

E402 Module level import not at top of file
  --> tests/test_redis_metrics.py:23:1
   |
21 | sys.path.insert(0, str(BASE / "scripts"))
22 |
23 | from redis_metrics import extract_difficulty, emit_event, stream_key, is_enabled
   | ^^^^^^^^^^^^^^^^^^^^^^^^^^^^^^^^^^^^^^^^^^^^^^^^^^^^^^^^^^^^^^^^^^^^^^^^^^^^^^^^
24 | from redis_live_dashboard import (
25 |     compute_metrics,
   |

I001 [*] Import block is un-sorted or un-formatted
  --> tests/test_redis_metrics.py:23:1
   |
21 |   sys.path.insert(0, str(BASE / "scripts"))
22 |
23 | / from redis_metrics import extract_difficulty, emit_event, stream_key, is_enabled
24 | | from redis_live_dashboard import (
25 | |     compute_metrics,
26 | |     compute_by_field,
27 | |     compute_attempt_table,
28 | |     compute_failure_modes,
29 | |     compute_case_hotspots,
30 | | )
   | |_^
31 |
32 |   # ---------------------------------------------------------------------------
   |
help: Organize imports

F401 [*] `redis_metrics.is_enabled` imported but unused
  --> tests/test_redis_metrics.py:23:71
   |
21 | sys.path.insert(0, str(BASE / "scripts"))
22 |
23 | from redis_metrics import extract_difficulty, emit_event, stream_key, is_enabled
   |                                                                       ^^^^^^^^^^
24 | from redis_live_dashboard import (
25 |     compute_metrics,
   |
help: Remove unused import: `redis_metrics.is_enabled`

E402 Module level import not at top of file
  --> tests/test_redis_metrics.py:24:1
   |
23 |   from redis_metrics import extract_difficulty, emit_event, stream_key, is_enabled
24 | / from redis_live_dashboard import (
25 | |     compute_metrics,
26 | |     compute_by_field,
27 | |     compute_attempt_table,
28 | |     compute_failure_modes,
29 | |     compute_case_hotspots,
30 | | )
   | |_^
31 |
32 |   # ---------------------------------------------------------------------------
   |

F401 [*] `unittest.mock.patch` imported but unused
  --> tests/test_regression_wiring.py:11:27
   |
 9 | import sys
10 | from pathlib import Path
11 | from unittest.mock import patch
   |                           ^^^^^
12 |
13 | import pytest
   |
help: Remove unused import: `unittest.mock.patch`

F401 [*] `pytest` imported but unused
  --> tests/test_regression_wiring.py:13:8
   |
11 | from unittest.mock import patch
12 |
13 | import pytest
   |        ^^^^^^
14 |
15 | BASE = Path(__file__).resolve().parents[1]
   |
help: Remove unused import: `pytest`

E402 Module level import not at top of file
  --> tests/test_regression_wiring.py:18:1
   |
16 | sys.path.insert(0, str(BASE))
17 |
18 | from experiment_config import load_config
   | ^^^^^^^^^^^^^^^^^^^^^^^^^^^^^^^^^^^^^^^^^
19 |
20 | load_config(BASE / "configs" / "default.yaml")
   |

E402 Module level import not at top of file
  --> tests/test_regression_wiring.py:22:1
   |
20 | load_config(BASE / "configs" / "default.yaml")
21 |
22 | from reconstructor import reconstruct_strict
   | ^^^^^^^^^^^^^^^^^^^^^^^^^^^^^^^^^^^^^^^^^^^^
   |

F401 [*] `reconstructor.reconstruct_strict` imported but unused
  --> tests/test_regression_wiring.py:22:27
   |
20 | load_config(BASE / "configs" / "default.yaml")
21 |
22 | from reconstructor import reconstruct_strict
   |                           ^^^^^^^^^^^^^^^^^^
   |
help: Remove unused import: `reconstructor.reconstruct_strict`

I001 [*] Import block is un-sorted or un-formatted
  --> tests/test_regression_wiring.py:65:9
   |
63 |           """The changed-files-only wiring in _do_reconstruction must exist.
64 |           If this code is removed, the original 0% pass rate bug returns."""
65 | /         import inspect
66 | |         from execution import _do_reconstruction
   | |________________________________________________^
67 |
68 |           source = inspect.getsource(_do_reconstruction)
   |
help: Organize imports

I001 [*] Import block is un-sorted or un-formatted
  --> tests/test_repair_loop.py:8:1
   |
 6 |   sys.path.insert(0, str(Path(__file__).resolve().parents[1]))
 7 |
 8 | / import os
 9 | | import json
   | |___________^
10 |
11 |   # Force mock mode
   |
help: Organize imports

F401 [*] `json` imported but unused
  --> tests/test_repair_loop.py:9:8
   |
 8 | import os
 9 | import json
   |        ^^^^
10 |
11 | # Force mock mode
   |
help: Remove unused import: `json`

I001 [*] Import block is un-sorted or un-formatted
  --> tests/test_result_structure.py:12:1
   |
10 |   os.environ["OPENAI_API_KEY"] = "sk-dummy"
11 |
12 | / from execution import run_single as _run_single, run_repair_loop as _run_repair_loop
13 | | from runner import load_cases
   | |_____________________________^
   |
help: Organize imports

I001 [*] Import block is un-sorted or un-formatted
  --> tests/test_retry_harness.py:11:1
   |
 9 |   """
10 |
11 | / import sys
12 | | import os
13 | | import json
14 | | import math
15 | | from pathlib import Path
   | |________________________^
16 |
17 |   sys.path.insert(0, str(Path(__file__).resolve().parents[1]))
   |
help: Organize imports

F401 [*] `json` imported but unused
  --> tests/test_retry_harness.py:13:8
   |
11 | import sys
12 | import os
13 | import json
   |        ^^^^
14 | import math
15 | from pathlib import Path
   |
help: Remove unused import: `json`

F401 [*] `math` imported but unused
  --> tests/test_retry_harness.py:14:8
   |
12 | import os
13 | import json
14 | import math
   |        ^^^^
15 | from pathlib import Path
   |
help: Remove unused import: `math`

I001 [*] Import block is un-sorted or un-formatted
  --> tests/test_retry_harness.py:20:1
   |
18 |   os.environ.setdefault("OPENAI_API_KEY", "sk-dummy")
19 |
20 | / from retry_harness import (
21 | |     _compute_diff,
22 | |     _is_stagnated,
23 | |     _keyword_overlap,
24 | |     _classify_outcome,
25 | |     _classify_trajectory_type,
26 | |     _classify_regime,
27 | |     _build_error_object,
28 | |     _infer_failure_mode,
29 | |     _compute_metrics,
30 | |     _compute_critique_accuracy,
31 | |     _format_test_output,
32 | |     _normalize,
33 | |     _clean_critique_for_log,
34 | |     _estimate_reasoning_validity,
35 | |     _GENERIC_WORDS,
36 | | )
   | |_^
37 |
38 |   # ============================================================
   |
help: Organize imports

F401 [*] `retry_harness._GENERIC_WORDS` imported but unused
  --> tests/test_retry_harness.py:35:5
   |
33 |     _clean_critique_for_log,
34 |     _estimate_reasoning_validity,
35 |     _GENERIC_WORDS,
   |     ^^^^^^^^^^^^^^
36 | )
   |
help: Remove unused import: `retry_harness._GENERIC_WORDS`

I001 [*] Import block is un-sorted or un-formatted
  --> tests/test_run_logger.py:29:1
   |
27 |   os.environ.setdefault("OPENAI_API_KEY", "sk-dummy")
28 |
29 | / from execution import (
30 | |     RunLogger,
31 | |     init_run_log,
32 | |     close_run_log,
33 | |     get_run_logger,
34 | |     get_current_log_path,
35 | |     write_log,
36 | | )
   | |_^
37 |
38 |   BASE = Path(__file__).resolve().parents[1]
   |
help: Organize imports

I001 [*] Import block is un-sorted or un-formatted
  --> tests/test_scm.py:16:1
   |
14 |   """
15 |
16 | / import sys
17 | | import os
18 | | import json
19 | | from pathlib import Path
   | |________________________^
20 |
21 |   sys.path.insert(0, str(Path(__file__).resolve().parents[1]))
   |
help: Organize imports

E402 Module level import not at top of file
  --> tests/test_scm.py:34:1
   |
34 | import re as _re
   | ^^^^^^^^^^^^^^^^
   |

I001 [*] Import block is un-sorted or un-formatted
  --> tests/test_scm.py:89:5
   |
88 |   def test_scm_ids_are_well_formed():
89 | /     from scm_data import SCM_REGISTRY
90 | |     import re
   | |_____________^
91 |
92 |       for case_id, scm in SCM_REGISTRY.items():
   |
help: Organize imports

I001 [*] Import block is un-sorted or un-formatted
   --> tests/test_scm.py:208:5
    |
207 | def test_scm_graceful_for_unmapped_case():
208 |     from scm_prompts import build_scm_descriptive, build_scm_constrained_evidence
    |     ^^^^^^^^^^^^^^^^^^^^^^^^^^^^^^^^^^^^^^^^^^^^^^^^^^^^^^^^^^^^^^^^^^^^^^^^^^^^^
209 |
210 |     # Case with no SCM data should return base unchanged
    |
help: Organize imports

E501 Line too long (108 > 100)
   --> tests/test_scm.py:244:101
    |
243 |     case = _get_case("l3_state_pipeline")
244 |     output = "F3 (commit) sets st['meta']['frozen']=True. F5 (get_committed_total) checks this flag via E4."
    |                                                                                                     ^^^^^^^^
245 |     m = compute_evidence_metrics(case, output)
246 |     assert m["evidence_usage_score"] >= 2
    |

E501 Line too long (109 > 100)
   --> tests/test_scm.py:255:101
    |
253 |     output = (
254 |         "C1 requires that commit (F3) is preserved because E3 sets the frozen flag (V3) "
255 |         "which get_committed_total (F5) checks via E4. This protects I1 (frozen==True after process_batch). "
    |                                                                                                     ^^^^^^^^^
256 |         "Removing F3 would break I2 since get_committed_total would return None."
257 |     )
    |

E501 Line too long (124 > 100)
   --> tests/test_scm.py:323:101
    |
321 | …     "I1 requires frozen==True. Preserving the C1→E3→F3→I1 chain.\n\n"
322 | …     "```python\n"
323 | …     "def make_state(e): return {'raw':list(e),'pending':[],'stable':[],'view':[],'meta':{'version':0,'frozen':False}}\n"
    |                                                                                                   ^^^^^^^^^^^^^^^^^^^^^^^^
324 | …     "def normalize(e):\n    s=set()\n    return [x for x in e if x['id'] not in s and not s.add(x['id'])]\n"
325 | …     "def collapse(e):\n    m={}\n    for x in e:\n        k=x['id']\n        if k in m: m[k]['val']+=x.get('val',0)\n        else: …
    |

E501 Line too long (112 > 100)
   --> tests/test_scm.py:324:101
    |
322 | …     "```python\n"
323 | …     "def make_state(e): return {'raw':list(e),'pending':[],'stable':[],'view':[],'meta':{'version':0,'frozen':False}}\n"
324 | …     "def normalize(e):\n    s=set()\n    return [x for x in e if x['id'] not in s and not s.add(x['id'])]\n"
    |                                                                                                   ^^^^^^^^^^^^
325 | …     "def collapse(e):\n    m={}\n    for x in e:\n        k=x['id']\n        if k in m: m[k]['val']+=x.get('val',0)\n        else: …
326 | …     "def project(e): return [{'id':x['id'],'label':x.get('label',''),'val':x.get('val',0)} for x in e]\n"
    |

E501 Line too long (179 > 100)
   --> tests/test_scm.py:325:101
    |
323 | …,'view':[],'meta':{'version':0,'frozen':False}}\n"
324 | …'] not in s and not s.add(x['id'])]\n"
325 | …       if k in m: m[k]['val']+=x.get('val',0)\n        else: m[k]=dict(x)\n    return list(m.values())\n"
    |                            ^^^^^^^^^^^^^^^^^^^^^^^^^^^^^^^^^^^^^^^^^^^^^^^^^^^^^^^^^^^^^^^^^^^^^^^^^^^^^^^
326 | …val':x.get('val',0)} for x in e]\n"
327 | …ct(p)\n    st['meta']['version']+=1\n"
    |

E501 Line too long (109 > 100)
   --> tests/test_scm.py:326:101
    |
324 | …     "def normalize(e):\n    s=set()\n    return [x for x in e if x['id'] not in s and not s.add(x['id'])]\n"
325 | …     "def collapse(e):\n    m={}\n    for x in e:\n        k=x['id']\n        if k in m: m[k]['val']+=x.get('val',0)\n        else: …
326 | …     "def project(e): return [{'id':x['id'],'label':x.get('label',''),'val':x.get('val',0)} for x in e]\n"
    |                                                                                                   ^^^^^^^^^
327 | …     "def stage(st,p):\n    st['pending']=list(p)\n    st['view']=project(p)\n    st['meta']['version']+=1\n"
328 | …     "def materialize(st): return {'items':list(st['stable']),'display':list(st['view']),'v':st['meta']['version']}\n"
    |

E501 Line too long (112 > 100)
   --> tests/test_scm.py:327:101
    |
325 | …     "def collapse(e):\n    m={}\n    for x in e:\n        k=x['id']\n        if k in m: m[k]['val']+=x.get('val',0)\n        else: …
326 | …     "def project(e): return [{'id':x['id'],'label':x.get('label',''),'val':x.get('val',0)} for x in e]\n"
327 | …     "def stage(st,p):\n    st['pending']=list(p)\n    st['view']=project(p)\n    st['meta']['version']+=1\n"
    |                                                                                                   ^^^^^^^^^^^^
328 | …     "def materialize(st): return {'items':list(st['stable']),'display':list(st['view']),'v':st['meta']['version']}\n"
329 | …     "def process_batch(entries):\n"
    |

E501 Line too long (121 > 100)
   --> tests/test_scm.py:328:101
    |
326 |         "def project(e): return [{'id':x['id'],'label':x.get('label',''),'val':x.get('val',0)} for x in e]\n"
327 |         "def stage(st,p):\n    st['pending']=list(p)\n    st['view']=project(p)\n    st['meta']['version']+=1\n"
328 |         "def materialize(st): return {'items':list(st['stable']),'display':list(st['view']),'v':st['meta']['version']}\n"
    |                                                                                                     ^^^^^^^^^^^^^^^^^^^^^
329 |         "def process_batch(entries):\n"
330 |         "    st=make_state(entries)\n"
    |

E501 Line too long (124 > 100)
   --> tests/test_scm.py:351:101
    |
349 | …     "commit() sets frozen=True which get_committed_total checks.\n\n"
350 | …     "```python\n"
351 | …     "def make_state(e): return {'raw':list(e),'pending':[],'stable':[],'view':[],'meta':{'version':0,'frozen':False}}\n"
    |                                                                                                   ^^^^^^^^^^^^^^^^^^^^^^^^
352 | …     "def normalize(e):\n    s=set()\n    return [x for x in e if x['id'] not in s and not s.add(x['id'])]\n"
353 | …     "def collapse(e):\n    m={}\n    for x in e:\n        k=x['id']\n        if k in m: m[k]['val']+=x.get('val',0)\n        else: …
    |

E501 Line too long (112 > 100)
   --> tests/test_scm.py:352:101
    |
350 | …     "```python\n"
351 | …     "def make_state(e): return {'raw':list(e),'pending':[],'stable':[],'view':[],'meta':{'version':0,'frozen':False}}\n"
352 | …     "def normalize(e):\n    s=set()\n    return [x for x in e if x['id'] not in s and not s.add(x['id'])]\n"
    |                                                                                                   ^^^^^^^^^^^^
353 | …     "def collapse(e):\n    m={}\n    for x in e:\n        k=x['id']\n        if k in m: m[k]['val']+=x.get('val',0)\n        else: …
354 | …     "def project(e): return [{'id':x['id'],'label':x.get('label',''),'val':x.get('val',0)} for x in e]\n"
    |

E501 Line too long (179 > 100)
   --> tests/test_scm.py:353:101
    |
351 | …,'view':[],'meta':{'version':0,'frozen':False}}\n"
352 | …'] not in s and not s.add(x['id'])]\n"
353 | …       if k in m: m[k]['val']+=x.get('val',0)\n        else: m[k]=dict(x)\n    return list(m.values())\n"
    |                            ^^^^^^^^^^^^^^^^^^^^^^^^^^^^^^^^^^^^^^^^^^^^^^^^^^^^^^^^^^^^^^^^^^^^^^^^^^^^^^^
354 | …val':x.get('val',0)} for x in e]\n"
355 | …ct(p)\n    st['meta']['version']+=1\n"
    |

E501 Line too long (109 > 100)
   --> tests/test_scm.py:354:101
    |
352 | …     "def normalize(e):\n    s=set()\n    return [x for x in e if x['id'] not in s and not s.add(x['id'])]\n"
353 | …     "def collapse(e):\n    m={}\n    for x in e:\n        k=x['id']\n        if k in m: m[k]['val']+=x.get('val',0)\n        else: …
354 | …     "def project(e): return [{'id':x['id'],'label':x.get('label',''),'val':x.get('val',0)} for x in e]\n"
    |                                                                                                   ^^^^^^^^^
355 | …     "def stage(st,p):\n    st['pending']=list(p)\n    st['view']=project(p)\n    st['meta']['version']+=1\n"
356 | …     "def materialize(st): return {'items':list(st['stable']),'display':list(st['view']),'v':st['meta']['version']}\n"
    |

E501 Line too long (112 > 100)
   --> tests/test_scm.py:355:101
    |
353 | …     "def collapse(e):\n    m={}\n    for x in e:\n        k=x['id']\n        if k in m: m[k]['val']+=x.get('val',0)\n        else: …
354 | …     "def project(e): return [{'id':x['id'],'label':x.get('label',''),'val':x.get('val',0)} for x in e]\n"
355 | …     "def stage(st,p):\n    st['pending']=list(p)\n    st['view']=project(p)\n    st['meta']['version']+=1\n"
    |                                                                                                   ^^^^^^^^^^^^
356 | …     "def materialize(st): return {'items':list(st['stable']),'display':list(st['view']),'v':st['meta']['version']}\n"
357 | …     "def process_batch(entries):\n"
    |

E501 Line too long (121 > 100)
   --> tests/test_scm.py:356:101
    |
354 |         "def project(e): return [{'id':x['id'],'label':x.get('label',''),'val':x.get('val',0)} for x in e]\n"
355 |         "def stage(st,p):\n    st['pending']=list(p)\n    st['view']=project(p)\n    st['meta']['version']+=1\n"
356 |         "def materialize(st): return {'items':list(st['stable']),'display':list(st['view']),'v':st['meta']['version']}\n"
    |                                                                                                     ^^^^^^^^^^^^^^^^^^^^^
357 |         "def process_batch(entries):\n"
358 |         "    st=make_state(entries)\n"
    |

E501 Line too long (124 > 100)
   --> tests/test_scm.py:376:101
    |
374 | …     "commit() sets frozen=True. F3 sets V3. C1 protects I1 via E3→E4.\n\n"
375 | …     "```python\n"
376 | …     "def make_state(e): return {'raw':list(e),'pending':[],'stable':[],'view':[],'meta':{'version':0,'frozen':False}}\n"
    |                                                                                                   ^^^^^^^^^^^^^^^^^^^^^^^^
377 | …     "def normalize(e):\n    s=set()\n    return [x for x in e if x['id'] not in s and not s.add(x['id'])]\n"
378 | …     "def collapse(e):\n    m={}\n    for x in e:\n        k=x['id']\n        if k in m: m[k]['val']+=x.get('val',0)\n        else: …
    |

E501 Line too long (112 > 100)
   --> tests/test_scm.py:377:101
    |
375 | …     "```python\n"
376 | …     "def make_state(e): return {'raw':list(e),'pending':[],'stable':[],'view':[],'meta':{'version':0,'frozen':False}}\n"
377 | …     "def normalize(e):\n    s=set()\n    return [x for x in e if x['id'] not in s and not s.add(x['id'])]\n"
    |                                                                                                   ^^^^^^^^^^^^
378 | …     "def collapse(e):\n    m={}\n    for x in e:\n        k=x['id']\n        if k in m: m[k]['val']+=x.get('val',0)\n        else: …
379 | …     "def project(e): return [{'id':x['id'],'label':x.get('label',''),'val':x.get('val',0)} for x in e]\n"
    |

E501 Line too long (179 > 100)
   --> tests/test_scm.py:378:101
    |
376 | …,'view':[],'meta':{'version':0,'frozen':False}}\n"
377 | …'] not in s and not s.add(x['id'])]\n"
378 | …       if k in m: m[k]['val']+=x.get('val',0)\n        else: m[k]=dict(x)\n    return list(m.values())\n"
    |                            ^^^^^^^^^^^^^^^^^^^^^^^^^^^^^^^^^^^^^^^^^^^^^^^^^^^^^^^^^^^^^^^^^^^^^^^^^^^^^^^
379 | …val':x.get('val',0)} for x in e]\n"
380 | …ct(p)\n    st['meta']['version']+=1\n"
    |

E501 Line too long (109 > 100)
   --> tests/test_scm.py:379:101
    |
377 | …     "def normalize(e):\n    s=set()\n    return [x for x in e if x['id'] not in s and not s.add(x['id'])]\n"
378 | …     "def collapse(e):\n    m={}\n    for x in e:\n        k=x['id']\n        if k in m: m[k]['val']+=x.get('val',0)\n        else: …
379 | …     "def project(e): return [{'id':x['id'],'label':x.get('label',''),'val':x.get('val',0)} for x in e]\n"
    |                                                                                                   ^^^^^^^^^
380 | …     "def stage(st,p):\n    st['pending']=list(p)\n    st['view']=project(p)\n    st['meta']['version']+=1\n"
381 | …     "def materialize(st): return {'items':list(st['stable']),'display':list(st['view']),'v':st['meta']['version']}\n"
    |

E501 Line too long (112 > 100)
   --> tests/test_scm.py:380:101
    |
378 | …     "def collapse(e):\n    m={}\n    for x in e:\n        k=x['id']\n        if k in m: m[k]['val']+=x.get('val',0)\n        else: …
379 | …     "def project(e): return [{'id':x['id'],'label':x.get('label',''),'val':x.get('val',0)} for x in e]\n"
380 | …     "def stage(st,p):\n    st['pending']=list(p)\n    st['view']=project(p)\n    st['meta']['version']+=1\n"
    |                                                                                                   ^^^^^^^^^^^^
381 | …     "def materialize(st): return {'items':list(st['stable']),'display':list(st['view']),'v':st['meta']['version']}\n"
382 | …     "def process_batch(entries):\n"
    |

E501 Line too long (121 > 100)
   --> tests/test_scm.py:381:101
    |
379 |         "def project(e): return [{'id':x['id'],'label':x.get('label',''),'val':x.get('val',0)} for x in e]\n"
380 |         "def stage(st,p):\n    st['pending']=list(p)\n    st['view']=project(p)\n    st['meta']['version']+=1\n"
381 |         "def materialize(st): return {'items':list(st['stable']),'display':list(st['view']),'v':st['meta']['version']}\n"
    |                                                                                                     ^^^^^^^^^^^^^^^^^^^^^
382 |         "def process_batch(entries):\n"
383 |         "    st=make_state(entries)\n"
    |

I001 [*] Import block is un-sorted or un-formatted
   --> tests/test_scm.py:479:5
    |
478 | def test_scm_conditions_in_runner():
479 |     from runner import ALL_CONDITIONS, VALID_CONDITIONS, COND_LABELS
    |     ^^^^^^^^^^^^^^^^^^^^^^^^^^^^^^^^^^^^^^^^^^^^^^^^^^^^^^^^^^^^^^^^
480 |
481 |     for c in [
    |
help: Organize imports

I001 [*] Import block is un-sorted or un-formatted
  --> tests/test_stabilization.py:6:1
   |
 4 |   """
 5 |
 6 | / import ast
 7 | | import json
 8 | | import os
 9 | | import sys
10 | | import pytest
   | |_____________^
11 |
12 |   sys.path.insert(0, os.path.join(os.path.dirname(__file__), ".."))
   |
help: Organize imports

F401 [*] `pytest` imported but unused
  --> tests/test_stabilization.py:10:8
   |
 8 | import os
 9 | import sys
10 | import pytest
   |        ^^^^^^
11 |
12 | sys.path.insert(0, os.path.join(os.path.dirname(__file__), ".."))
   |
help: Remove unused import: `pytest`

I001 [*] Import block is un-sorted or un-formatted
  --> tests/test_stabilization.py:14:1
   |
12 | sys.path.insert(0, os.path.join(os.path.dirname(__file__), ".."))
13 |
14 | from reconstructor import reconstruct_strict, _normalize_file_content, ReconstructionResult
   | ^^^^^^^^^^^^^^^^^^^^^^^^^^^^^^^^^^^^^^^^^^^^^^^^^^^^^^^^^^^^^^^^^^^^^^^^^^^^^^^^^^^^^^^^^^^
15 |
16 | # ============================================================
   |
help: Organize imports

F401 [*] `reconstructor.ReconstructionResult` imported but unused
  --> tests/test_stabilization.py:14:72
   |
12 | sys.path.insert(0, os.path.join(os.path.dirname(__file__), ".."))
13 |
14 | from reconstructor import reconstruct_strict, _normalize_file_content, ReconstructionResult
   |                                                                        ^^^^^^^^^^^^^^^^^^^^
15 |
16 | # ============================================================
   |
help: Remove unused import: `reconstructor.ReconstructionResult`

I001 [*] Import block is un-sorted or un-formatted
   --> tests/test_stabilization.py:127:9
    |
125 |           Verify the old assertion is gone from the reconstruction path.
126 |           """
127 | /         import execution
128 | |         import inspect
    | |______________________^
129 |
130 |           source = inspect.getsource(execution._do_reconstruction)
    |
help: Organize imports

I001 [*] Import block is un-sorted or un-formatted
   --> tests/test_stabilization.py:165:9
    |
163 |       def test_execution_recovery_path_exists(self):
164 |           """execution.py must have a recovery path for FAILED_SYNTAX_ERRORS."""
165 | /         import execution
166 | |         import inspect
    | |______________________^
167 |
168 |           source = inspect.getsource(execution._do_reconstruction)
    |
help: Organize imports

F401 [*] `parse._try_file_dict_lenient` imported but unused
   --> tests/test_stabilization.py:195:43
    |
193 |     def test_valid_json_not_matched_by_lenient(self):
194 |         """Valid JSON should be caught by strict _try_file_dict first, not lenient."""
195 |         from parse import _try_file_dict, _try_file_dict_lenient
    |                                           ^^^^^^^^^^^^^^^^^^^^^^
196 |
197 |         raw = '{"reasoning": "test", "files": {"a.py": "def f(): pass"}}'
    |
help: Remove unused import: `parse._try_file_dict_lenient`

I001 [*] Import block is un-sorted or un-formatted
 --> tests/test_templates.py:3:1
  |
1 |   """Tests for templates.py — registry, rendering, hashing, validation."""
2 |
3 | / import hashlib
4 | | import os
5 | | import sys
6 | | import pytest
  | |_____________^
7 |
8 |   sys.path.insert(0, os.path.join(os.path.dirname(__file__), ".."))
  |
help: Organize imports

I001 [*] Import block is un-sorted or un-formatted
  --> tests/test_templates.py:10:1
   |
 8 |   sys.path.insert(0, os.path.join(os.path.dirname(__file__), ".."))
 9 |
10 | / from templates import (
11 | |     TEMPLATE_REGISTRY,
12 | |     TemplateSpec,
13 | |     render,
14 | |     render_with_metadata,
15 | |     init_template_hashes,
16 | |     get_template_hash,
17 | |     _reset_template_hashes,
18 | |     _reset_env,
19 | |     validate_template_allowed_logic,
20 | |     preflight_validate_templates,
21 | |     TemplateNotFoundError,
22 | |     TemplateMissingVarError,
23 | |     TemplateExtraVarError,
24 | |     TemplateError,
25 | |     _get_env,
26 | | )
   | |_^
   |
help: Organize imports

F401 [*] `templates.TemplateSpec` imported but unused
  --> tests/test_templates.py:12:5
   |
10 | from templates import (
11 |     TEMPLATE_REGISTRY,
12 |     TemplateSpec,
   |     ^^^^^^^^^^^^
13 |     render,
14 |     render_with_metadata,
   |
help: Remove unused import

F401 [*] `templates.preflight_validate_templates` imported but unused
  --> tests/test_templates.py:20:5
   |
18 |     _reset_env,
19 |     validate_template_allowed_logic,
20 |     preflight_validate_templates,
   |     ^^^^^^^^^^^^^^^^^^^^^^^^^^^^
21 |     TemplateNotFoundError,
22 |     TemplateMissingVarError,
   |
help: Remove unused import

F841 Local variable `spec` is assigned to but never used
   --> tests/test_templates.py:146:5
    |
145 | def test_template_hash_deterministic():
146 |     spec = TEMPLATE_REGISTRY["base"]
    |     ^^^^
147 |     h1 = get_template_hash("base")
148 |     assert len(h1) == 64  # SHA-256 hex
    |
help: Remove assignment to unused variable `spec`

I001 [*] Import block is un-sorted or un-formatted
  --> tests/test_v2_bridge.py:11:1
   |
 9 |   """
10 |
11 | / import sys
12 | | import os
13 | | import json
14 | | from pathlib import Path
   | |________________________^
15 |
16 |   sys.path.insert(0, str(Path(__file__).resolve().parents[1]))
   |
help: Organize imports

F541 [*] f-string without any placeholders
  --> tests/test_v2_bridge.py:52:27
   |
50 |     cases = _load_v2_cases()
51 |     for c in cases:
52 |         assert "id" in c, f"missing id"
   |                           ^^^^^^^^^^^^^
53 |         assert "task" in c, f"{c.get('id')}: missing task"
54 |         assert "code_files" in c, f"{c.get('id')}: missing code_files"
   |
help: Remove extraneous `f` prefix

F841 Local variable `cfg1` is assigned to but never used
  --> tests_v2/test_alias_config.py:21:9
   |
20 |     try:
21 |         cfg1 = create({"timeout": 5})
   |         ^^^^
22 |         cfg2 = create()
23 |     except Exception as e:
   |
help: Remove assignment to unused variable `cfg1`

F841 Local variable `cfg1` is assigned to but never used
  --> tests_v2/test_alias_config.py:55:9
   |
53 |     try:
54 |         # Call create_config with overrides, then call again clean
55 |         cfg1 = create({"timeout": 5})
   |         ^^^^
56 |         cfg2 = create()
57 |     except Exception as e:
   |
help: Remove assignment to unused variable `cfg1`

F841 Local variable `r1` is assigned to but never used
  --> tests_v2/test_alias_config.py:87:9
   |
85 |     try:
86 |         # First request with debug override
87 |         r1 = handle({"debug": True})
   |         ^^
88 |         # Second request with no overrides — should get clean defaults
89 |         r2 = handle()
   |
help: Remove assignment to unused variable `r1`

F541 [*] f-string without any placeholders
  --> tests_v2/test_early_return.py:74:13
   |
72 |     if not result:
73 |         return False, [
74 |             f"verify(3) returned False. Three calls to process_payment "
   |             ^^^^^^^^^^^^^^^^^^^^^^^^^^^^^^^^^^^^^^^^^^^^^^^^^^^^^^^^^^^^
75 |             f"(including one duplicate) should produce 3 ledger entries."
76 |         ]
   |
help: Remove extraneous `f` prefix

F541 [*] f-string without any placeholders
  --> tests_v2/test_early_return.py:75:13
   |
73 |         return False, [
74 |             f"verify(3) returned False. Three calls to process_payment "
75 |             f"(including one duplicate) should produce 3 ledger entries."
   |             ^^^^^^^^^^^^^^^^^^^^^^^^^^^^^^^^^^^^^^^^^^^^^^^^^^^^^^^^^^^^^
76 |         ]
   |
help: Remove extraneous `f` prefix

E501 Line too long (103 > 100)
  --> tests_v2/test_effect_order.py:79:101
   |
77 |     if len(audit) != len(items):
78 |         return False, [
79 |             f"expected {len(items)} reasoning_evaluator_audit entries (one per item), got {len(audit)}"
   |                                                                                                     ^^^
80 |         ]
   |

F841 Local variable `can_read` is assigned to but never used
  --> tests_v2/test_missing_branch.py:37:5
   |
35 |     """Level B: guest role missing from dispatch table."""
36 |     get_access = getattr(mod, "get_access", None)
37 |     can_read = getattr(mod, "can_read", None)
   |     ^^^^^^^^
38 |
39 |     if get_access is None:
   |
help: Remove assignment to unused variable `can_read`

F841 Local variable `q1` is assigned to but never used
  --> tests_v2/test_mutable_default.py:19:9
   |
17 |         t1 = make_task("alpha")
18 |         t2 = make_task("beta")
19 |         q1 = enqueue(t1)
   |         ^^
20 |         q2 = enqueue(t2)
21 |     except Exception as e:
   |
help: Remove assignment to unused variable `q1`

F841 Local variable `r1` is assigned to but never used
  --> tests_v2/test_mutable_default.py:44:9
   |
42 |         batch1 = [{"name": "task_x"}, {"name": "task_y"}]
43 |         batch2 = [{"name": "task_x"}, {"name": "task_z"}]
44 |         r1 = process_batch(batch1)
   |         ^^
45 |         r2 = process_batch(batch2)
46 |     except Exception as e:
   |
help: Remove assignment to unused variable `r1`

F841 Local variable `old_greeting` is assigned to but never used
  --> tests_v2/test_partial_update.py:77:9
   |
75 |         if not user.get("verified"):
76 |             return False, ["verify_user did not set verified=True"]
77 |         old_greeting = user.get("cached_greeting")
   |         ^^^^^^^^^^^^
78 |         update(user, {"email": "bob@example.com"})
79 |     except Exception as e:
   |
help: Remove assignment to unused variable `old_greeting`

F541 [*] f-string without any placeholders
  --> tests_v2/test_silent_default.py:31:13
   |
29 |     if not result:
30 |         return False, [
31 |             f"is_enabled('darkMode') returned False. "
   |             ^^^^^^^^^^^^^^^^^^^^^^^^^^^^^^^^^^^^^^^^^^
32 |             f"Flag 'dark_mode' is True but camelCase lookup missed it."
33 |         ]
   |
help: Remove extraneous `f` prefix

F541 [*] f-string without any placeholders
  --> tests_v2/test_silent_default.py:32:13
   |
30 |         return False, [
31 |             f"is_enabled('darkMode') returned False. "
32 |             f"Flag 'dark_mode' is True but camelCase lookup missed it."
   |             ^^^^^^^^^^^^^^^^^^^^^^^^^^^^^^^^^^^^^^^^^^^^^^^^^^^^^^^^^^^
33 |         ]
   |
help: Remove extraneous `f` prefix

F541 [*] f-string without any placeholders
  --> tests_v2/test_silent_default.py:51:13
   |
49 |     if not result:
50 |         return False, [
51 |             f"is_analytics_enabled() returned False. "
   |             ^^^^^^^^^^^^^^^^^^^^^^^^^^^^^^^^^^^^^^^^^^
52 |             f"Config has feature.analytics.enabled=True but path traversal "
53 |             f"failed due to wrong intermediate key."
   |
help: Remove extraneous `f` prefix

F541 [*] f-string without any placeholders
  --> tests_v2/test_silent_default.py:52:13
   |
50 |         return False, [
51 |             f"is_analytics_enabled() returned False. "
52 |             f"Config has feature.analytics.enabled=True but path traversal "
   |             ^^^^^^^^^^^^^^^^^^^^^^^^^^^^^^^^^^^^^^^^^^^^^^^^^^^^^^^^^^^^^^^^
53 |             f"failed due to wrong intermediate key."
54 |         ]
   |
help: Remove extraneous `f` prefix

F541 [*] f-string without any placeholders
  --> tests_v2/test_silent_default.py:53:13
   |
51 |             f"is_analytics_enabled() returned False. "
52 |             f"Config has feature.analytics.enabled=True but path traversal "
53 |             f"failed due to wrong intermediate key."
   |             ^^^^^^^^^^^^^^^^^^^^^^^^^^^^^^^^^^^^^^^^
54 |         ]
   |
help: Remove extraneous `f` prefix

F841 Local variable `r1` is assigned to but never used
  --> tests_v2/test_use_before_set.py:14:5
   |
13 |     # First call with real data
14 |     r1 = mod.transform([1, 2, 3])
   |     ^^
15 |     # Second call with empty data
16 |     r2 = mod.transform([])
   |
help: Remove assignment to unused variable `r1`

F841 Local variable `r1` is assigned to but never used
  --> tests_v2/test_use_before_set.py:41:5
   |
40 |     # First call with real data
41 |     r1 = mod.run_pipeline([10, 20, 30])
   |     ^^
42 |     # Second call with empty data
43 |     r2 = mod.run_pipeline([])
   |
help: Remove assignment to unused variable `r1`

F541 [*] f-string without any placeholders
  --> tests_v2/test_use_before_set.py:47:13
   |
45 |     if r2["status"] == "loaded":
46 |         return False, [
47 |             f"status is 'loaded' after empty input — " f"stale status from previous call leaked"
   |             ^^^^^^^^^^^^^^^^^^^^^^^^^^^^^^^^^^^^^^^^^^
48 |         ]
   |
help: Remove extraneous `f` prefix

F541 [*] f-string without any placeholders
  --> tests_v2/test_use_before_set.py:47:56
   |
45 |     if r2["status"] == "loaded":
46 |         return False, [
47 |             f"status is 'loaded' after empty input — " f"stale status from previous call leaked"
   |                                                        ^^^^^^^^^^^^^^^^^^^^^^^^^^^^^^^^^^^^^^^^^
48 |         ]
   |
help: Remove extraneous `f` prefix

F841 Local variable `r1` is assigned to but never used
  --> tests_v2/test_use_before_set.py:68:5
   |
66 |     # First call: record that exceeds threshold (50)
67 |     high_records = [{"id": "h1", "value": 100}]
68 |     r1 = mod.find_best(high_records, ["non_negative"])
   |     ^^
69 |
70 |     # Second call: only low-value records (below threshold)
   |
help: Remove assignment to unused variable `r1`

F541 [*] f-string without any placeholders
  --> tests_v2/test_wrong_condition.py:23:13
   |
21 |     if not result:
22 |         return False, [
23 |             f"is_rate_limited(5, 5) returned False, expected True. "
   |             ^^^^^^^^^^^^^^^^^^^^^^^^^^^^^^^^^^^^^^^^^^^^^^^^^^^^^^^^
24 |             f"count==limit means limit reached, should block."
25 |         ]
   |
help: Remove extraneous `f` prefix

F541 [*] f-string without any placeholders
  --> tests_v2/test_wrong_condition.py:24:13
   |
22 |         return False, [
23 |             f"is_rate_limited(5, 5) returned False, expected True. "
24 |             f"count==limit means limit reached, should block."
   |             ^^^^^^^^^^^^^^^^^^^^^^^^^^^^^^^^^^^^^^^^^^^^^^^^^^
25 |         ]
   |
help: Remove extraneous `f` prefix

F541 [*] f-string without any placeholders
  --> tests_v2/test_wrong_condition.py:50:13
   |
48 |     if result:
49 |         return False, [
50 |             f"is_allowed(rpm=50, rate_limit=100, daily=10001, quota=10000) "
   |             ^^^^^^^^^^^^^^^^^^^^^^^^^^^^^^^^^^^^^^^^^^^^^^^^^^^^^^^^^^^^^^^^
51 |             f"returned True. Rate is OK but quota exceeded — should block."
52 |         ]
   |
help: Remove extraneous `f` prefix

F541 [*] f-string without any placeholders
  --> tests_v2/test_wrong_condition.py:51:13
   |
49 |         return False, [
50 |             f"is_allowed(rpm=50, rate_limit=100, daily=10001, quota=10000) "
51 |             f"returned True. Rate is OK but quota exceeded — should block."
   |             ^^^^^^^^^^^^^^^^^^^^^^^^^^^^^^^^^^^^^^^^^^^^^^^^^^^^^^^^^^^^^^^
52 |         ]
   |
help: Remove extraneous `f` prefix

F541 [*] f-string without any placeholders
  --> tests_v2/test_wrong_condition.py:89:13
   |
87 |     if result:
88 |         return False, [
89 |             f"should_allow returned True for expired token + exempt client. "
   |             ^^^^^^^^^^^^^^^^^^^^^^^^^^^^^^^^^^^^^^^^^^^^^^^^^^^^^^^^^^^^^^^^^
90 |             f"Expected False: expired tokens must always be rejected, "
91 |             f"even for exempt clients."
   |
help: Remove extraneous `f` prefix

F541 [*] f-string without any placeholders
  --> tests_v2/test_wrong_condition.py:90:13
   |
88 |         return False, [
89 |             f"should_allow returned True for expired token + exempt client. "
90 |             f"Expected False: expired tokens must always be rejected, "
   |             ^^^^^^^^^^^^^^^^^^^^^^^^^^^^^^^^^^^^^^^^^^^^^^^^^^^^^^^^^^^
91 |             f"even for exempt clients."
92 |         ]
   |
help: Remove extraneous `f` prefix

F541 [*] f-string without any placeholders
  --> tests_v2/test_wrong_condition.py:91:13
   |
89 |             f"should_allow returned True for expired token + exempt client. "
90 |             f"Expected False: expired tokens must always be rejected, "
91 |             f"even for exempt clients."
   |             ^^^^^^^^^^^^^^^^^^^^^^^^^^^
92 |         ]
   |
help: Remove extraneous `f` prefix

F401 [*] `re` imported but unused
  --> validate_cases_v2.py:21:8
   |
19 | import importlib.util
20 | import json
21 | import re
   |        ^^
22 | import sys
23 | from pathlib import Path
   |
help: Remove unused import: `re`

E402 Module level import not at top of file
  --> validate_cases_v2.py:29:1
   |
28 | # Canonical stdlib list — single source of truth
29 | from _stdlib import STDLIB_MODULES as _STDLIB
   | ^^^^^^^^^^^^^^^^^^^^^^^^^^^^^^^^^^^^^^^^^^^^^
   |

B905 `zip()` without an explicit `strict=` parameter
   --> validate_cases_v2.py:174:36
    |
172 |     ref_lines = ref_code.strip().splitlines()
173 |
174 |     diff_count = sum(1 for a, b in zip(buggy_lines, ref_lines) if a != b)
    |                                    ^^^^^^^^^^^^^^^^^^^^^^^^^^^
175 |     diff_count += abs(len(buggy_lines) - len(ref_lines))
176 |     # Difficulty-based threshold: reference fixes may have formatting differences
    |
help: Add explicit value for parameter `strict=`

B007 Loop control variable `msg` not used within loop body
   --> validate_cases_v2.py:237:30
    |
235 |         result = validate_case(case)
236 |         status_parts = []
237 |         for check_name, (ok, msg) in result["checks"].items():
    |                              ^^^
238 |             mark = "ok" if ok else "FAIL"
239 |             status_parts.append(f"{check_name}={mark}")
    |
help: Rename unused `msg` to `_msg`

Found 581 errors.
[*] 329 fixable with the `--fix` option (77 hidden fixes can be enabled with the `--unsafe-fixes` option).
